Component: ARM Compiler 5.05 update 1 (build 106) Tool: armlink [4d0efa]

==============================================================================

Removing Unused input sections from the image.

    Removing main_gpio_example.o(.rev16_text), (4 bytes).
    Removing main_gpio_example.o(.revsh_text), (4 bytes).
    Removing gpio_8xx.o(.rev16_text), (4 bytes).
    Removing gpio_8xx.o(.revsh_text), (4 bytes).
    Removing uart_8xx.o(.rev16_text), (4 bytes).
    Removing uart_8xx.o(.revsh_text), (4 bytes).
    Removing uart_8xx.o(i.Chip_UART_DeInit), (44 bytes).
    Removing uart_8xx.o(i.Chip_UART_IRQRBHandler), (58 bytes).
    Removing uart_8xx.o(i.Chip_UART_IntDisable), (4 bytes).
    Removing uart_8xx.o(i.Chip_UART_RXIntHandlerRB), (44 bytes).
    Removing uart_8xx.o(i.Chip_UART_Read), (46 bytes).
    Removing uart_8xx.o(i.Chip_UART_ReadBlocking), (46 bytes).
    Removing uart_8xx.o(i.Chip_UART_ReadRB), (22 bytes).
    Removing uart_8xx.o(i.Chip_UART_SendRB), (66 bytes).
    Removing uart_8xx.o(i.Chip_UART_TXIntHandlerRB), (48 bytes).
    Removing ring_buffer.o(.rev16_text), (4 bytes).
    Removing ring_buffer.o(.revsh_text), (4 bytes).
    Removing ring_buffer.o(i.RingBuf_Copy), (22 bytes).
    Removing ring_buffer.o(i.RingBuf_Deinit), (8 bytes).
    Removing ring_buffer.o(i.RingBuf_Free), (46 bytes).
    Removing ring_buffer.o(i.RingBuf_GetFreeBytes), (10 bytes).
    Removing ring_buffer.o(i.RingBuf_GetUsedBytes), (6 bytes).
    Removing ring_buffer.o(i.RingBuf_Init), (16 bytes).
    Removing ring_buffer.o(i.RingBuf_Peek), (56 bytes).
    Removing ring_buffer.o(i.RingBuf_Read), (22 bytes).
    Removing ring_buffer.o(i.RingBuf_Read1Byte), (64 bytes).
    Removing ring_buffer.o(i.RingBuf_Write), (122 bytes).
    Removing ring_buffer.o(i.RingBuf_Write1Byte), (66 bytes).
    Removing ring_buffer.o(i.__get_PRIMASK), (6 bytes).
    Removing ring_buffer.o(i.__set_PRIMASK), (6 bytes).
    Removing ring_buffer.o(i._prvRingBuf_Read), (120 bytes).
    Removing keil_startup_lpc82x.o(HEAP), (0 bytes).
    Removing sysinit_8xx.o(.rev16_text), (4 bytes).
    Removing sysinit_8xx.o(.revsh_text), (4 bytes).
    Removing sysinit_8xx.o(i.Chip_SetupIrcClocking), (16 bytes).
    Removing board.o(.rev16_text), (4 bytes).
    Removing board.o(.revsh_text), (4 bytes).
    Removing board.o(i.Board_Key_GetKeyDown), (36 bytes).
    Removing board.o(i.Board_LED_Set), (36 bytes).
    Removing board.o(i.Board_LED_Test), (52 bytes).
    Removing board.o(i.Board_UARTGetChar), (40 bytes).
    Removing board.o(i.Board_UARTPutChar), (20 bytes).
    Removing board.o(i.Board_itoa), (124 bytes).
    Removing board.o(i._sys_exit), (6 bytes).
    Removing board.o(i._sys_open), (6 bytes).
    Removing board.o(i.ferror), (8 bytes).
    Removing board.o(i.fgetc), (10 bytes).
    Removing board.o(.conststring), (72 bytes).
    Removing ioswm_8xx.o(.rev16_text), (4 bytes).
    Removing ioswm_8xx.o(.revsh_text), (4 bytes).
    Removing ioswm_8xx.o(i.Chip_IOCON_PinSetClockDivisor), (24 bytes).
    Removing ioswm_8xx.o(i.Chip_IOCON_PinSetHysteresis), (44 bytes).
    Removing ioswm_8xx.o(i.Chip_IOCON_PinSetInputInverted), (44 bytes).
    Removing ioswm_8xx.o(i.Chip_IOCON_PinSetOpenDrainMode), (46 bytes).
    Removing ioswm_8xx.o(i.Chip_IOCON_PinSetSampleMode), (24 bytes).
    Removing ioswm_8xx.o(i.Chip_IOCON_SetPinMuxing), (36 bytes).
    Removing ioswm_8xx.o(i.Chip_SWM_FixedPinEnable), (64 bytes).
    Removing clock_8xx.o(.rev16_text), (4 bytes).
    Removing clock_8xx.o(.revsh_text), (4 bytes).
    Removing clock_8xx.o(i.Chip_Clock_GetIOCONCLKDIVClockRate), (44 bytes).
    Removing clock_8xx.o(i.Chip_Clock_SetCLKOUTSource), (24 bytes).
    Removing clock_8xx.o(i.Chip_Clock_SetIOCONCLKDIV), (20 bytes).
    Removing clock_8xx.o(i.Chip_IRC_SetFreq), (136 bytes).
    Removing clock_8xx.o(i.pll_config), (116 bytes).
    Removing syscon_8xx.o(.rev16_text), (4 bytes).
    Removing syscon_8xx.o(.revsh_text), (4 bytes).
    Removing syscon_8xx.o(i.Chip_SYSCTL_SetDeepSleepPD), (24 bytes).
    Removing syscon_8xx.o(i.Chip_SYSCTL_SetWakeup), (24 bytes).
    Removing dadd.o(.text), (356 bytes).
    Removing dmul.o(.text), (208 bytes).
    Removing ddiv.o(.text), (240 bytes).
    Removing dfixul.o(.text), (64 bytes).
    Removing cdrcmple.o(.text), (40 bytes).
    Removing depilogue.o(.text), (190 bytes).
    Removing depilogue.o(i.__ARM_clz), (46 bytes).

75 unused section(s) (total 3260 bytes) removed from the image.

==============================================================================

Image Symbol Table

    Local Symbols

    Symbol Name                              Value     Ov Type        Size  Object(Section)

    RESET                                    0x00000000   Section      192  keil_startup_lpc82x.o(RESET)
    ../clib/microlib/division.c              0x00000000   Number         0  idiv.o ABSOLUTE
    ../clib/microlib/division.c              0x00000000   Number         0  uldiv.o ABSOLUTE
    ../clib/microlib/division.c              0x00000000   Number         0  uidiv.o ABSOLUTE
    ../clib/microlib/init/entry.s            0x00000000   Number         0  entry8b.o ABSOLUTE
    ../clib/microlib/init/entry.s            0x00000000   Number         0  entry8a.o ABSOLUTE
    ../clib/microlib/init/entry.s            0x00000000   Number         0  entry9b.o ABSOLUTE
    ../clib/microlib/init/entry.s            0x00000000   Number         0  entry10a.o ABSOLUTE
    ../clib/microlib/init/entry.s            0x00000000   Number         0  entry11a.o ABSOLUTE
    ../clib/microlib/init/entry.s            0x00000000   Number         0  entry11b.o ABSOLUTE
    ../clib/microlib/init/entry.s            0x00000000   Number         0  entry7b.o ABSOLUTE
    ../clib/microlib/init/entry.s            0x00000000   Number         0  entry7a.o ABSOLUTE
    ../clib/microlib/init/entry.s            0x00000000   Number         0  entry9a.o ABSOLUTE
    ../clib/microlib/init/entry.s            0x00000000   Number         0  entry5.o ABSOLUTE
    ../clib/microlib/init/entry.s            0x00000000   Number         0  entry2.o ABSOLUTE
    ../clib/microlib/init/entry.s            0x00000000   Number         0  entry10b.o ABSOLUTE
    ../clib/microlib/init/entry.s            0x00000000   Number         0  entry.o ABSOLUTE
    ../clib/microlib/longlong.c              0x00000000   Number         0  llushr.o ABSOLUTE
    ../clib/microlib/longlong.c              0x00000000   Number         0  llmul.o ABSOLUTE
    ../clib/microlib/longlong.c              0x00000000   Number         0  llshl.o ABSOLUTE
    ../clib/microlib/longlong.c              0x00000000   Number         0  llsshr.o ABSOLUTE
    ../clib/microlib/printf/printf.c         0x00000000   Number         0  printf3.o ABSOLUTE
    ../clib/microlib/printf/printf.c         0x00000000   Number         0  printf0.o ABSOLUTE
    ../clib/microlib/printf/printf.c         0x00000000   Number         0  printfb.o ABSOLUTE
    ../clib/microlib/printf/printf.c         0x00000000   Number         0  printf4.o ABSOLUTE
    ../clib/microlib/printf/printf.c         0x00000000   Number         0  printf5.o ABSOLUTE
    ../clib/microlib/printf/printf.c         0x00000000   Number         0  printf7.o ABSOLUTE
    ../clib/microlib/printf/printf.c         0x00000000   Number         0  printfa.o ABSOLUTE
    ../clib/microlib/printf/printf.c         0x00000000   Number         0  printf8.o ABSOLUTE
    ../clib/microlib/printf/printf.c         0x00000000   Number         0  printf6.o ABSOLUTE
    ../clib/microlib/printf/printf.c         0x00000000   Number         0  printf2.o ABSOLUTE
    ../clib/microlib/printf/printf.c         0x00000000   Number         0  printf1.o ABSOLUTE
    ../clib/microlib/printf/stubs.s          0x00000000   Number         0  stubs.o ABSOLUTE
    ../clib/microlib/string/memcpy.c         0x00000000   Number         0  memcpyb.o ABSOLUTE
    ../clib/microlib/string/memcpy.c         0x00000000   Number         0  memcpya.o ABSOLUTE
    ../clib/microlib/stubs.s                 0x00000000   Number         0  iusefp.o ABSOLUTE
    ../fplib/microlib/fpadd.c                0x00000000   Number         0  dadd.o ABSOLUTE
    ../fplib/microlib/fpdiv.c                0x00000000   Number         0  ddiv.o ABSOLUTE
    ../fplib/microlib/fpepilogue.c           0x00000000   Number         0  depilogue.o ABSOLUTE
    ../fplib/microlib/fpfix.c                0x00000000   Number         0  dfixul.o ABSOLUTE
    ../fplib/microlib/fpmul.c                0x00000000   Number         0  dmul.o ABSOLUTE
    ..\..\..\common\board\board.c            0x00000000   Number         0  board.o ABSOLUTE
    ..\..\..\common\chip\clock_8xx.c         0x00000000   Number         0  clock_8xx.o ABSOLUTE
    ..\..\..\common\chip\ioswm_8xx.c         0x00000000   Number         0  ioswm_8xx.o ABSOLUTE
    ..\..\..\common\chip\syscon_8xx.c        0x00000000   Number         0  syscon_8xx.o ABSOLUTE
    ..\..\..\common\chip\sysinit_8xx.c       0x00000000   Number         0  sysinit_8xx.o ABSOLUTE
    ..\..\..\common\startup\keil_startup_lpc82x.s 0x00000000   Number         0  keil_startup_lpc82x.o ABSOLUTE
    ..\..\..\peri_driver\gpio\gpio_8xx.c     0x00000000   Number         0  gpio_8xx.o ABSOLUTE
    ..\..\..\peri_driver\uart\ring_buffer.c  0x00000000   Number         0  ring_buffer.o ABSOLUTE
    ..\..\..\peri_driver\uart\uart_8xx.c     0x00000000   Number         0  uart_8xx.o ABSOLUTE
    ..\\..\\..\\common\\board\\board.c       0x00000000   Number         0  board.o ABSOLUTE
    ..\\..\\..\\common\\chip\\clock_8xx.c    0x00000000   Number         0  clock_8xx.o ABSOLUTE
    ..\\..\\..\\common\\chip\\ioswm_8xx.c    0x00000000   Number         0  ioswm_8xx.o ABSOLUTE
    ..\\..\\..\\common\\chip\\syscon_8xx.c   0x00000000   Number         0  syscon_8xx.o ABSOLUTE
    ..\\..\\..\\common\\chip\\sysinit_8xx.c  0x00000000   Number         0  sysinit_8xx.o ABSOLUTE
    ..\\..\\..\\peri_driver\\gpio\\gpio_8xx.c 0x00000000   Number         0  gpio_8xx.o ABSOLUTE
    ..\\..\\..\\peri_driver\\uart\\ring_buffer.c 0x00000000   Number         0  ring_buffer.o ABSOLUTE
    ..\\..\\..\\peri_driver\\uart\\uart_8xx.c 0x00000000   Number         0  uart_8xx.o ABSOLUTE
    cdrcmple.s                               0x00000000   Number         0  cdrcmple.o ABSOLUTE
    dc.s                                     0x00000000   Number         0  dc.o ABSOLUTE
    handlers.s                               0x00000000   Number         0  handlers.o ABSOLUTE
    init.s                                   0x00000000   Number         0  init.o ABSOLUTE
    main_gpio_example.c                      0x00000000   Number         0  main_gpio_example.o ABSOLUTE
    main_gpio_example.c                      0x00000000   Number         0  main_gpio_example.o ABSOLUTE
    .ARM.Collect$$$$00000000                 0x000000c0   Section        0  entry.o(.ARM.Collect$$$$00000000)
    .ARM.Collect$$$$00000001                 0x000000c0   Section        4  entry2.o(.ARM.Collect$$$$00000001)
    .ARM.Collect$$$$00000004                 0x000000c4   Section        4  entry5.o(.ARM.Collect$$$$00000004)
    .ARM.Collect$$$$00000008                 0x000000c8   Section        0  entry7b.o(.ARM.Collect$$$$00000008)
    .ARM.Collect$$$$0000000A                 0x000000c8   Section        0  entry8b.o(.ARM.Collect$$$$0000000A)
    .ARM.Collect$$$$0000000B                 0x000000c8   Section        8  entry9a.o(.ARM.Collect$$$$0000000B)
    .ARM.Collect$$$$0000000D                 0x000000d0   Section        0  entry10a.o(.ARM.Collect$$$$0000000D)
    .ARM.Collect$$$$0000000F                 0x000000d0   Section        0  entry11a.o(.ARM.Collect$$$$0000000F)
    .ARM.Collect$$$$00002712                 0x000000d0   Section        4  entry2.o(.ARM.Collect$$$$00002712)
    __lit__00000000                          0x000000d0   Data           4  entry2.o(.ARM.Collect$$$$00002712)
    .text                                    0x000000d4   Section       28  keil_startup_lpc82x.o(.text)
    .text                                    0x000000f0   Section        0  uidiv.o(.text)
    .text                                    0x0000011c   Section        0  uldiv.o(.text)
    .text                                    0x0000017c   Section        0  llmul.o(.text)
    .text                                    0x000001f6   Section        0  llshl.o(.text)
    .text                                    0x00000216   Section        0  llushr.o(.text)
    .text                                    0x00000238   Section       36  init.o(.text)
    i.Board_Debug_Init                       0x0000025c   Section        0  board.o(i.Board_Debug_Init)
    i.Board_LED_Init                         0x000002c8   Section        0  board.o(i.Board_LED_Init)
    Board_LED_Init                           0x000002c9   Thumb Code    46  board.o(i.Board_LED_Init)
    .ARM.__at_0x02FC                         0x000002fc   Section        4  keil_startup_lpc82x.o(.ARM.__at_0x02FC)
    i.Board_Init                             0x00000300   Section        0  board.o(i.Board_Init)
    i.Board_Key_Init                         0x0000033c   Section        0  board.o(i.Board_Key_Init)
    Board_Key_Init                           0x0000033d   Thumb Code    42  board.o(i.Board_Key_Init)
    i.Board_LED_Toggle                       0x00000374   Section        0  board.o(i.Board_LED_Toggle)
    i.Board_UARTPutSTR                       0x0000039c   Section        0  board.o(i.Board_UARTPutSTR)
    i.Board_UARTPutTextChar                  0x000003b4   Section        0  board.o(i.Board_UARTPutTextChar)
    i.Board_UART_Init                        0x000003fc   Section        0  board.o(i.Board_UART_Init)
    Board_UART_Init                          0x000003fd   Thumb Code    52  board.o(i.Board_UART_Init)
    i.Chip_Clock_DisablePeriphClock          0x00000434   Section        0  board.o(i.Chip_Clock_DisablePeriphClock)
    Chip_Clock_DisablePeriphClock            0x00000435   Thumb Code    20  board.o(i.Chip_Clock_DisablePeriphClock)
    i.Chip_Clock_EnablePeriphClock           0x00000450   Section        0  sysinit_8xx.o(i.Chip_Clock_EnablePeriphClock)
    Chip_Clock_EnablePeriphClock             0x00000451   Thumb Code    20  sysinit_8xx.o(i.Chip_Clock_EnablePeriphClock)
    i.Chip_Clock_EnablePeriphClock           0x0000046c   Section        0  board.o(i.Chip_Clock_EnablePeriphClock)
    Chip_Clock_EnablePeriphClock             0x0000046d   Thumb Code    20  board.o(i.Chip_Clock_EnablePeriphClock)
    i.Chip_Clock_GetMainClockRate            0x00000488   Section        0  clock_8xx.o(i.Chip_Clock_GetMainClockRate)
    i.Chip_Clock_GetPLLFreq                  0x000004d4   Section        0  clock_8xx.o(i.Chip_Clock_GetPLLFreq)
    Chip_Clock_GetPLLFreq                    0x000004d5   Thumb Code    14  clock_8xx.o(i.Chip_Clock_GetPLLFreq)
    i.Chip_Clock_GetSystemClockRate          0x000004e4   Section        0  clock_8xx.o(i.Chip_Clock_GetSystemClockRate)
    i.Chip_Clock_GetSystemPLLInClockRate     0x00000500   Section        0  clock_8xx.o(i.Chip_Clock_GetSystemPLLInClockRate)
    i.Chip_Clock_GetSystemPLLOutClockRate    0x0000054c   Section        0  clock_8xx.o(i.Chip_Clock_GetSystemPLLOutClockRate)
    i.Chip_Clock_GetUSARTNBaseClockRate      0x00000568   Section        0  clock_8xx.o(i.Chip_Clock_GetUSARTNBaseClockRate)
    i.Chip_Clock_GetWDTLFORate               0x000005ec   Section        0  clock_8xx.o(i.Chip_Clock_GetWDTLFORate)
    Chip_Clock_GetWDTLFORate                 0x000005ed   Thumb Code    28  clock_8xx.o(i.Chip_Clock_GetWDTLFORate)
    i.Chip_Clock_GetWDTOSCRate               0x0000060c   Section        0  clock_8xx.o(i.Chip_Clock_GetWDTOSCRate)
    i.Chip_Clock_SetMainClockSource          0x00000620   Section        0  clock_8xx.o(i.Chip_Clock_SetMainClockSource)
    i.Chip_Clock_SetPLLBypass                0x00000634   Section        0  clock_8xx.o(i.Chip_Clock_SetPLLBypass)
    i.Chip_Clock_SetSystemPLLSource          0x00000654   Section        0  clock_8xx.o(i.Chip_Clock_SetSystemPLLSource)
    i.Chip_Clock_SetUSARTNBaseClockRate      0x00000668   Section        0  clock_8xx.o(i.Chip_Clock_SetUSARTNBaseClockRate)
    i.Chip_GPIO_PinSetDIR                    0x00000704   Section        0  board.o(i.Chip_GPIO_PinSetDIR)
    Chip_GPIO_PinSetDIR                      0x00000705   Thumb Code    38  board.o(i.Chip_GPIO_PinSetDIR)
    i.Chip_GPIO_PinSetState                  0x0000072a   Section        0  board.o(i.Chip_GPIO_PinSetState)
    Chip_GPIO_PinSetState                    0x0000072b   Thumb Code    10  board.o(i.Chip_GPIO_PinSetState)
    i.Chip_IOCON_PinSetI2CMode               0x00000734   Section        0  ioswm_8xx.o(i.Chip_IOCON_PinSetI2CMode)
    i.Chip_IOCON_PinSetMode                  0x0000074c   Section        0  ioswm_8xx.o(i.Chip_IOCON_PinSetMode)
    i.Chip_SWM_DisableFixedPin               0x00000764   Section        0  board.o(i.Chip_SWM_DisableFixedPin)
    Chip_SWM_DisableFixedPin                 0x00000765   Thumb Code    20  board.o(i.Chip_SWM_DisableFixedPin)
    i.Chip_SWM_EnableFixedPin                0x0000077c   Section        0  sysinit_8xx.o(i.Chip_SWM_EnableFixedPin)
    Chip_SWM_EnableFixedPin                  0x0000077d   Thumb Code    22  sysinit_8xx.o(i.Chip_SWM_EnableFixedPin)
    i.Chip_SWM_EnableFixedPin                0x00000798   Section        0  board.o(i.Chip_SWM_EnableFixedPin)
    Chip_SWM_EnableFixedPin                  0x00000799   Thumb Code    22  board.o(i.Chip_SWM_EnableFixedPin)
    i.Chip_SWM_MovablePinAssign              0x000007b4   Section        0  ioswm_8xx.o(i.Chip_SWM_MovablePinAssign)
    i.Chip_SYSCTL_PeriphReset                0x000007e0   Section        0  uart_8xx.o(i.Chip_SYSCTL_PeriphReset)
    Chip_SYSCTL_PeriphReset                  0x000007e1   Thumb Code    46  uart_8xx.o(i.Chip_SYSCTL_PeriphReset)
    i.Chip_SYSCTL_PowerDown                  0x00000818   Section        0  syscon_8xx.o(i.Chip_SYSCTL_PowerDown)
    i.Chip_SYSCTL_PowerUp                    0x0000083c   Section        0  syscon_8xx.o(i.Chip_SYSCTL_PowerUp)
    i.Chip_SYSCTL_SetUSARTFRGDivider         0x00000868   Section        0  clock_8xx.o(i.Chip_SYSCTL_SetUSARTFRGDivider)
    Chip_SYSCTL_SetUSARTFRGDivider           0x00000869   Thumb Code     6  clock_8xx.o(i.Chip_SYSCTL_SetUSARTFRGDivider)
    i.Chip_SetupXtalClocking                 0x00000874   Section        0  sysinit_8xx.o(i.Chip_SetupXtalClocking)
    i.Chip_UART_GetStatus                    0x000008e8   Section        0  uart_8xx.o(i.Chip_UART_GetStatus)
    Chip_UART_GetStatus                      0x000008e9   Thumb Code    10  uart_8xx.o(i.Chip_UART_GetStatus)
    i.Chip_UART_Init                         0x000008f8   Section        0  uart_8xx.o(i.Chip_UART_Init)
    i.Chip_UART_Send                         0x0000094c   Section        0  uart_8xx.o(i.Chip_UART_Send)
    i.Chip_UART_SendBlocking                 0x0000097a   Section        0  uart_8xx.o(i.Chip_UART_SendBlocking)
    i.Chip_UART_SendByte                     0x000009a8   Section        0  uart_8xx.o(i.Chip_UART_SendByte)
    Chip_UART_SendByte                       0x000009a9   Thumb Code     4  uart_8xx.o(i.Chip_UART_SendByte)
    i.Chip_UART_SetBaud                      0x000009ac   Section        0  uart_8xx.o(i.Chip_UART_SetBaud)
    i.Init_I2C_PinMux                        0x000009c8   Section        0  board.o(i.Init_I2C_PinMux)
    Init_I2C_PinMux                          0x000009c9   Thumb Code    48  board.o(i.Init_I2C_PinMux)
    i.Init_SPI_PinMux                        0x000009fc   Section        0  board.o(i.Init_SPI_PinMux)
    Init_SPI_PinMux                          0x000009fd   Thumb Code    48  board.o(i.Init_SPI_PinMux)
    i.NVIC_SetPriority                       0x00000a2c   Section        0  main_gpio_example.o(i.NVIC_SetPriority)
    NVIC_SetPriority                         0x00000a2d   Thumb Code   110  main_gpio_example.o(i.NVIC_SetPriority)
    i.SysTick_Handler                        0x00000aa4   Section        0  main_gpio_example.o(i.SysTick_Handler)
    i.SystemCoreClockUpdate                  0x00000ad4   Section        0  clock_8xx.o(i.SystemCoreClockUpdate)
    i.SystemInit                             0x00000ae4   Section        0  sysinit_8xx.o(i.SystemInit)
    i.__0printf$5                            0x00000b1c   Section        0  printf5.o(i.__0printf$5)
    i.__scatterload_copy                     0x00000b3c   Section       14  handlers.o(i.__scatterload_copy)
    i.__scatterload_null                     0x00000b4a   Section        2  handlers.o(i.__scatterload_null)
    i.__scatterload_zeroinit                 0x00000b4c   Section       14  handlers.o(i.__scatterload_zeroinit)
    i._printf_core                           0x00000b5c   Section        0  printf5.o(i._printf_core)
    _printf_core                             0x00000b5d   Thumb Code   688  printf5.o(i._printf_core)
    i.fputc                                  0x00000e38   Section        0  board.o(i.fputc)
    i.getUARTClockID                         0x00000e4c   Section        0  uart_8xx.o(i.getUARTClockID)
    getUARTClockID                           0x00000e4d   Thumb Code    26  uart_8xx.o(i.getUARTClockID)
    i.main                                   0x00000e70   Section        0  main_gpio_example.o(i.main)
    .constdata                               0x00000fb0   Section       20  board.o(.constdata)
    ledBits                                  0x00000fb0   Data           8  board.o(.constdata)
    cs_keyBits                               0x00000fb8   Data           2  board.o(.constdata)
    cs_keyIoConNdce                          0x00000fba   Data           2  board.o(.constdata)
    .constdata                               0x00000fc4   Section      916  clock_8xx.o(.constdata)
    wdtOSCRate                               0x00000fc4   Data          64  clock_8xx.o(.constdata)
    config_tab                               0x00001004   Data         852  clock_8xx.o(.constdata)
    .data                                    0x10000000   Section        1  main_gpio_example.o(.data)
    count                                    0x10000000   Data           1  main_gpio_example.o(.data)
    .data                                    0x10000004   Section       13  board.o(.data)
    prevChar                                 0x10000010   Data           1  board.o(.data)
    .data                                    0x10000014   Section        8  clock_8xx.o(.data)
    config_tab_idx                           0x10000014   Data           2  clock_8xx.o(.data)
    STACK                                    0x10000020   Section      384  keil_startup_lpc82x.o(STACK)

    Global Symbols

    Symbol Name                              Value     Ov Type        Size  Object(Section)

    BuildAttributes$$THM_ISAv3M$S$PE$A:L22$X:L11$S22$IEEE1$IW$USESV6$~STKCKD$USESV7$~SHL$OSPACE$ROPI$EBA8$MICROLIB$REQ8$PRES8$EABIv2 0x00000000   Number         0  anon$$obj.o ABSOLUTE
    __ARM_use_no_argv                        0x00000000   Number         0  main_gpio_example.o ABSOLUTE
    __Vectors                                0x00000000   Data           4  keil_startup_lpc82x.o(RESET)
    _printf_a                                0x00000000   Number         0  stubs.o ABSOLUTE
    _printf_c                                0x00000000   Number         0  stubs.o ABSOLUTE
    _printf_charcount                        0x00000000   Number         0  stubs.o ABSOLUTE
    _printf_d                                0x00000000   Number         0  stubs.o ABSOLUTE
    _printf_e                                0x00000000   Number         0  stubs.o ABSOLUTE
    _printf_f                                0x00000000   Number         0  stubs.o ABSOLUTE
    _printf_flags                            0x00000000   Number         0  stubs.o ABSOLUTE
    _printf_fp_dec                           0x00000000   Number         0  stubs.o ABSOLUTE
    _printf_fp_hex                           0x00000000   Number         0  stubs.o ABSOLUTE
    _printf_g                                0x00000000   Number         0  stubs.o ABSOLUTE
    _printf_i                                0x00000000   Number         0  stubs.o ABSOLUTE
    _printf_int_dec                          0x00000000   Number         0  stubs.o ABSOLUTE
    _printf_l                                0x00000000   Number         0  stubs.o ABSOLUTE
    _printf_lc                               0x00000000   Number         0  stubs.o ABSOLUTE
    _printf_ll                               0x00000000   Number         0  stubs.o ABSOLUTE
    _printf_lld                              0x00000000   Number         0  stubs.o ABSOLUTE
    _printf_lli                              0x00000000   Number         0  stubs.o ABSOLUTE
    _printf_llo                              0x00000000   Number         0  stubs.o ABSOLUTE
    _printf_llu                              0x00000000   Number         0  stubs.o ABSOLUTE
    _printf_llx                              0x00000000   Number         0  stubs.o ABSOLUTE
    _printf_longlong_dec                     0x00000000   Number         0  stubs.o ABSOLUTE
    _printf_longlong_hex                     0x00000000   Number         0  stubs.o ABSOLUTE
    _printf_longlong_oct                     0x00000000   Number         0  stubs.o ABSOLUTE
    _printf_ls                               0x00000000   Number         0  stubs.o ABSOLUTE
    _printf_mbtowc                           0x00000000   Number         0  stubs.o ABSOLUTE
    _printf_n                                0x00000000   Number         0  stubs.o ABSOLUTE
    _printf_o                                0x00000000   Number         0  stubs.o ABSOLUTE
    _printf_p                                0x00000000   Number         0  stubs.o ABSOLUTE
    _printf_percent                          0x00000000   Number         0  stubs.o ABSOLUTE
    _printf_pre_padding                      0x00000000   Number         0  stubs.o ABSOLUTE
    _printf_return_value                     0x00000000   Number         0  stubs.o ABSOLUTE
    _printf_s                                0x00000000   Number         0  stubs.o ABSOLUTE
    _printf_sizespec                         0x00000000   Number         0  stubs.o ABSOLUTE
    _printf_str                              0x00000000   Number         0  stubs.o ABSOLUTE
    _printf_truncate_signed                  0x00000000   Number         0  stubs.o ABSOLUTE
    _printf_truncate_unsigned                0x00000000   Number         0  stubs.o ABSOLUTE
    _printf_u                                0x00000000   Number         0  stubs.o ABSOLUTE
    _printf_wc                               0x00000000   Number         0  stubs.o ABSOLUTE
    _printf_wctomb                           0x00000000   Number         0  stubs.o ABSOLUTE
    _printf_widthprec                        0x00000000   Number         0  stubs.o ABSOLUTE
    _printf_x                                0x00000000   Number         0  stubs.o ABSOLUTE
    __cpp_initialize__aeabi_                  - Undefined Weak Reference
    __cxa_finalize                            - Undefined Weak Reference
    __decompress                              - Undefined Weak Reference
    _clock_init                               - Undefined Weak Reference
    _microlib_exit                            - Undefined Weak Reference
    __main                                   0x000000c1   Thumb Code     0  entry.o(.ARM.Collect$$$$00000000)
    _main_stk                                0x000000c1   Thumb Code     0  entry2.o(.ARM.Collect$$$$00000001)
    _main_scatterload                        0x000000c5   Thumb Code     0  entry5.o(.ARM.Collect$$$$00000004)
    __main_after_scatterload                 0x000000c9   Thumb Code     0  entry5.o(.ARM.Collect$$$$00000004)
    _main_clock                              0x000000c9   Thumb Code     0  entry7b.o(.ARM.Collect$$$$00000008)
    _main_cpp_init                           0x000000c9   Thumb Code     0  entry8b.o(.ARM.Collect$$$$0000000A)
    _main_init                               0x000000c9   Thumb Code     0  entry9a.o(.ARM.Collect$$$$0000000B)
    __rt_final_cpp                           0x000000d1   Thumb Code     0  entry10a.o(.ARM.Collect$$$$0000000D)
    __rt_final_exit                          0x000000d1   Thumb Code     0  entry11a.o(.ARM.Collect$$$$0000000F)
    Reset_Handler                            0x000000d5   Thumb Code     8  keil_startup_lpc82x.o(.text)
    HardFault_Handler                        0x000000dd   Thumb Code     2  keil_startup_lpc82x.o(.text)
    SVC_Handler                              0x000000df   Thumb Code     2  keil_startup_lpc82x.o(.text)
    PendSV_Handler                           0x000000e1   Thumb Code     2  keil_startup_lpc82x.o(.text)
    ADC_OVR_IRQHandler                       0x000000e5   Thumb Code     0  keil_startup_lpc82x.o(.text)
    ADC_SEQA_IRQHandler                      0x000000e5   Thumb Code     0  keil_startup_lpc82x.o(.text)
    ADC_SEQB_IRQHanlder                      0x000000e5   Thumb Code     0  keil_startup_lpc82x.o(.text)
    ADC_THCMP_IRQHandler                     0x000000e5   Thumb Code     0  keil_startup_lpc82x.o(.text)
    BOD_IRQHandler                           0x000000e5   Thumb Code     0  keil_startup_lpc82x.o(.text)
    CMP_IRQHandler                           0x000000e5   Thumb Code     0  keil_startup_lpc82x.o(.text)
    DMA_IRQHandler                           0x000000e5   Thumb Code     0  keil_startup_lpc82x.o(.text)
    FLASH_IRQHandler                         0x000000e5   Thumb Code     0  keil_startup_lpc82x.o(.text)
    I2C0_IRQHandler                          0x000000e5   Thumb Code     0  keil_startup_lpc82x.o(.text)
    I2C1_IRQHandler                          0x000000e5   Thumb Code     0  keil_startup_lpc82x.o(.text)
    I2C2_IRQHandler                          0x000000e5   Thumb Code     0  keil_startup_lpc82x.o(.text)
    I2C3_IRQHandler                          0x000000e5   Thumb Code     0  keil_startup_lpc82x.o(.text)
    MRT_IRQHandler                           0x000000e5   Thumb Code     0  keil_startup_lpc82x.o(.text)
    NMI_Handler                              0x000000e5   Thumb Code     0  keil_startup_lpc82x.o(.text)
    PIN_INT0_IRQHandler                      0x000000e5   Thumb Code     0  keil_startup_lpc82x.o(.text)
    PIN_INT1_IRQHandler                      0x000000e5   Thumb Code     0  keil_startup_lpc82x.o(.text)
    PIN_INT2_IRQHandler                      0x000000e5   Thumb Code     0  keil_startup_lpc82x.o(.text)
    PIN_INT3_IRQHandler                      0x000000e5   Thumb Code     0  keil_startup_lpc82x.o(.text)
    PIN_INT4_IRQHandler                      0x000000e5   Thumb Code     0  keil_startup_lpc82x.o(.text)
    PIN_INT5_IRQHandler                      0x000000e5   Thumb Code     0  keil_startup_lpc82x.o(.text)
    PIN_INT6_IRQHandler                      0x000000e5   Thumb Code     0  keil_startup_lpc82x.o(.text)
    PIN_INT7_IRQHandler                      0x000000e5   Thumb Code     0  keil_startup_lpc82x.o(.text)
    SCT_IRQHandler                           0x000000e5   Thumb Code     0  keil_startup_lpc82x.o(.text)
    SPI0_IRQHandler                          0x000000e5   Thumb Code     0  keil_startup_lpc82x.o(.text)
    SPI1_IRQHandler                          0x000000e5   Thumb Code     0  keil_startup_lpc82x.o(.text)
    UART0_IRQHandler                         0x000000e5   Thumb Code     0  keil_startup_lpc82x.o(.text)
    UART1_IRQHandler                         0x000000e5   Thumb Code     0  keil_startup_lpc82x.o(.text)
    UART2_IRQHandler                         0x000000e5   Thumb Code     0  keil_startup_lpc82x.o(.text)
    WDT_IRQHandler                           0x000000e5   Thumb Code     0  keil_startup_lpc82x.o(.text)
    WKT_IRQHandler                           0x000000e5   Thumb Code     0  keil_startup_lpc82x.o(.text)
    __aeabi_uidiv                            0x000000f1   Thumb Code     0  uidiv.o(.text)
    __aeabi_uidivmod                         0x000000f1   Thumb Code    44  uidiv.o(.text)
    __aeabi_uldivmod                         0x0000011d   Thumb Code    96  uldiv.o(.text)
    __aeabi_lmul                             0x0000017d   Thumb Code   122  llmul.o(.text)
    _ll_mul                                  0x0000017d   Thumb Code     0  llmul.o(.text)
    __aeabi_llsl                             0x000001f7   Thumb Code    32  llshl.o(.text)
    _ll_shift_l                              0x000001f7   Thumb Code     0  llshl.o(.text)
    __aeabi_llsr                             0x00000217   Thumb Code    34  llushr.o(.text)
    _ll_ushift_r                             0x00000217   Thumb Code     0  llushr.o(.text)
    __scatterload                            0x00000239   Thumb Code    28  init.o(.text)
    __scatterload_rt2                        0x00000239   Thumb Code     0  init.o(.text)
    Board_Debug_Init                         0x0000025d   Thumb Code    92  board.o(i.Board_Debug_Init)
    Board_Init                               0x00000301   Thumb Code    46  board.o(i.Board_Init)
    Board_LED_Toggle                         0x00000375   Thumb Code    36  board.o(i.Board_LED_Toggle)
    Board_UARTPutSTR                         0x0000039d   Thumb Code    22  board.o(i.Board_UARTPutSTR)
    Board_UARTPutTextChar                    0x000003b5   Thumb Code    64  board.o(i.Board_UARTPutTextChar)
    Chip_Clock_GetMainClockRate              0x00000489   Thumb Code    68  clock_8xx.o(i.Chip_Clock_GetMainClockRate)
    Chip_Clock_GetSystemClockRate            0x000004e5   Thumb Code    22  clock_8xx.o(i.Chip_Clock_GetSystemClockRate)
    Chip_Clock_GetSystemPLLInClockRate       0x00000501   Thumb Code    58  clock_8xx.o(i.Chip_Clock_GetSystemPLLInClockRate)
    Chip_Clock_GetSystemPLLOutClockRate      0x0000054d   Thumb Code    24  clock_8xx.o(i.Chip_Clock_GetSystemPLLOutClockRate)
    Chip_Clock_GetUSARTNBaseClockRate        0x00000569   Thumb Code   126  clock_8xx.o(i.Chip_Clock_GetUSARTNBaseClockRate)
    Chip_Clock_GetWDTOSCRate                 0x0000060d   Thumb Code    16  clock_8xx.o(i.Chip_Clock_GetWDTOSCRate)
    Chip_Clock_SetMainClockSource            0x00000621   Thumb Code    16  clock_8xx.o(i.Chip_Clock_SetMainClockSource)
    Chip_Clock_SetPLLBypass                  0x00000635   Thumb Code    26  clock_8xx.o(i.Chip_Clock_SetPLLBypass)
    Chip_Clock_SetSystemPLLSource            0x00000655   Thumb Code    16  clock_8xx.o(i.Chip_Clock_SetSystemPLLSource)
    Chip_Clock_SetUSARTNBaseClockRate        0x00000669   Thumb Code   148  clock_8xx.o(i.Chip_Clock_SetUSARTNBaseClockRate)
    Chip_IOCON_PinSetI2CMode                 0x00000735   Thumb Code    24  ioswm_8xx.o(i.Chip_IOCON_PinSetI2CMode)
    Chip_IOCON_PinSetMode                    0x0000074d   Thumb Code    22  ioswm_8xx.o(i.Chip_IOCON_PinSetMode)
    Chip_SWM_MovablePinAssign                0x000007b5   Thumb Code    40  ioswm_8xx.o(i.Chip_SWM_MovablePinAssign)
    Chip_SYSCTL_PowerDown                    0x00000819   Thumb Code    28  syscon_8xx.o(i.Chip_SYSCTL_PowerDown)
    Chip_SYSCTL_PowerUp                      0x0000083d   Thumb Code    34  syscon_8xx.o(i.Chip_SYSCTL_PowerUp)
    Chip_SetupXtalClocking                   0x00000875   Thumb Code   106  sysinit_8xx.o(i.Chip_SetupXtalClocking)
    Chip_UART_Init                           0x000008f9   Thumb Code    68  uart_8xx.o(i.Chip_UART_Init)
    Chip_UART_Send                           0x0000094d   Thumb Code    46  uart_8xx.o(i.Chip_UART_Send)
    Chip_UART_SendBlocking                   0x0000097b   Thumb Code    46  uart_8xx.o(i.Chip_UART_SendBlocking)
    Chip_UART_SetBaud                        0x000009ad   Thumb Code    26  uart_8xx.o(i.Chip_UART_SetBaud)
    SysTick_Handler                          0x00000aa5   Thumb Code    42  main_gpio_example.o(i.SysTick_Handler)
    SystemCoreClockUpdate                    0x00000ad5   Thumb Code    12  clock_8xx.o(i.SystemCoreClockUpdate)
    SystemInit                               0x00000ae5   Thumb Code    52  sysinit_8xx.o(i.SystemInit)
    __0printf$5                              0x00000b1d   Thumb Code    24  printf5.o(i.__0printf$5)
    __1printf$5                              0x00000b1d   Thumb Code     0  printf5.o(i.__0printf$5)
    __2printf                                0x00000b1d   Thumb Code     0  printf5.o(i.__0printf$5)
    __scatterload_copy                       0x00000b3d   Thumb Code    14  handlers.o(i.__scatterload_copy)
    __scatterload_null                       0x00000b4b   Thumb Code     2  handlers.o(i.__scatterload_null)
    __scatterload_zeroinit                   0x00000b4d   Thumb Code    14  handlers.o(i.__scatterload_zeroinit)
    fputc                                    0x00000e39   Thumb Code    20  board.o(i.fputc)
    main                                     0x00000e71   Thumb Code   226  main_gpio_example.o(i.main)
    OscRateIn                                0x00000fbc   Data           4  board.o(.constdata)
    ExtRateIn                                0x00000fc0   Data           4  board.o(.constdata)
    Region$$Table$$Base                      0x00001358   Number         0  anon$$obj.o(Region$$Table)
    Region$$Table$$Limit                     0x00001378   Number         0  anon$$obj.o(Region$$Table)
    __stdout                                 0x10000004   Data           4  board.o(.data)
    __stdin                                  0x10000008   Data           4  board.o(.data)
    __stderr                                 0x1000000c   Data           4  board.o(.data)
    SystemCoreClock                          0x10000018   Data           4  clock_8xx.o(.data)
    __initial_sp                             0x100001a0   Data           0  keil_startup_lpc82x.o(STACK)



==============================================================================

Memory Map of the image

  Image Entry point : 0x000000c1

  Load Region LR_IROM1 (Base: 0x00000000, Size: 0x00001394, Max: 0x00008000, ABSOLUTE)

    Execution Region ER_IROM1 (Base: 0x00000000, Size: 0x00001378, Max: 0x00008000, ABSOLUTE)

    Base Addr    Size         Type   Attr      Idx    E Section Name        Object

    0x00000000   0x000000c0   Data   RO          418    RESET               keil_startup_lpc82x.o
    0x000000c0   0x00000000   Code   RO          940  * .ARM.Collect$$$$00000000  mc_p.l(entry.o)
    0x000000c0   0x00000004   Code   RO         1216    .ARM.Collect$$$$00000001  mc_p.l(entry2.o)
    0x000000c4   0x00000004   Code   RO         1219    .ARM.Collect$$$$00000004  mc_p.l(entry5.o)
    0x000000c8   0x00000000   Code   RO         1221    .ARM.Collect$$$$00000008  mc_p.l(entry7b.o)
    0x000000c8   0x00000000   Code   RO         1223    .ARM.Collect$$$$0000000A  mc_p.l(entry8b.o)
    0x000000c8   0x00000008   Code   RO         1224    .ARM.Collect$$$$0000000B  mc_p.l(entry9a.o)
    0x000000d0   0x00000000   Code   RO         1226    .ARM.Collect$$$$0000000D  mc_p.l(entry10a.o)
    0x000000d0   0x00000000   Code   RO         1228    .ARM.Collect$$$$0000000F  mc_p.l(entry11a.o)
    0x000000d0   0x00000004   Code   RO         1217    .ARM.Collect$$$$00002712  mc_p.l(entry2.o)
    0x000000d4   0x0000001c   Code   RO          420    .text               keil_startup_lpc82x.o
    0x000000f0   0x0000002c   Code   RO          943    .text               mc_p.l(uidiv.o)
    0x0000011c   0x00000060   Code   RO          947    .text               mc_p.l(uldiv.o)
    0x0000017c   0x0000007a   Code   RO          949    .text               mc_p.l(llmul.o)
    0x000001f6   0x00000020   Code   RO         1230    .text               mc_p.l(llshl.o)
    0x00000216   0x00000022   Code   RO         1232    .text               mc_p.l(llushr.o)
    0x00000238   0x00000024   Code   RO         1245    .text               mc_p.l(init.o)
    0x0000025c   0x0000006c   Code   RO          487    i.Board_Debug_Init  board.o
    0x000002c8   0x00000034   Code   RO          491    i.Board_LED_Init    board.o
    0x000002fc   0x00000004   Code   RO          419    .ARM.__at_0x02FC    keil_startup_lpc82x.o
    0x00000300   0x0000003c   Code   RO          488    i.Board_Init        board.o
    0x0000033c   0x00000038   Code   RO          490    i.Board_Key_Init    board.o
    0x00000374   0x00000028   Code   RO          494    i.Board_LED_Toggle  board.o
    0x0000039c   0x00000016   Code   RO          497    i.Board_UARTPutSTR  board.o
    0x000003b2   0x00000002   PAD
    0x000003b4   0x00000048   Code   RO          498    i.Board_UARTPutTextChar  board.o
    0x000003fc   0x00000038   Code   RO          499    i.Board_UART_Init   board.o
    0x00000434   0x0000001c   Code   RO          501    i.Chip_Clock_DisablePeriphClock  board.o
    0x00000450   0x0000001c   Code   RO          428    i.Chip_Clock_EnablePeriphClock  sysinit_8xx.o
    0x0000046c   0x0000001c   Code   RO          502    i.Chip_Clock_EnablePeriphClock  board.o
    0x00000488   0x0000004c   Code   RO          767    i.Chip_Clock_GetMainClockRate  clock_8xx.o
    0x000004d4   0x0000000e   Code   RO          768    i.Chip_Clock_GetPLLFreq  clock_8xx.o
    0x000004e2   0x00000002   PAD
    0x000004e4   0x0000001c   Code   RO          769    i.Chip_Clock_GetSystemClockRate  clock_8xx.o
    0x00000500   0x0000004c   Code   RO          770    i.Chip_Clock_GetSystemPLLInClockRate  clock_8xx.o
    0x0000054c   0x0000001c   Code   RO          771    i.Chip_Clock_GetSystemPLLOutClockRate  clock_8xx.o
    0x00000568   0x00000084   Code   RO          772    i.Chip_Clock_GetUSARTNBaseClockRate  clock_8xx.o
    0x000005ec   0x00000020   Code   RO          773    i.Chip_Clock_GetWDTLFORate  clock_8xx.o
    0x0000060c   0x00000014   Code   RO          774    i.Chip_Clock_GetWDTOSCRate  clock_8xx.o
    0x00000620   0x00000014   Code   RO          777    i.Chip_Clock_SetMainClockSource  clock_8xx.o
    0x00000634   0x00000020   Code   RO          778    i.Chip_Clock_SetPLLBypass  clock_8xx.o
    0x00000654   0x00000014   Code   RO          779    i.Chip_Clock_SetSystemPLLSource  clock_8xx.o
    0x00000668   0x0000009c   Code   RO          780    i.Chip_Clock_SetUSARTNBaseClockRate  clock_8xx.o
    0x00000704   0x00000026   Code   RO          503    i.Chip_GPIO_PinSetDIR  board.o
    0x0000072a   0x0000000a   Code   RO          504    i.Chip_GPIO_PinSetState  board.o
    0x00000734   0x00000018   Code   RO          691    i.Chip_IOCON_PinSetI2CMode  ioswm_8xx.o
    0x0000074c   0x00000016   Code   RO          693    i.Chip_IOCON_PinSetMode  ioswm_8xx.o
    0x00000762   0x00000002   PAD
    0x00000764   0x00000018   Code   RO          505    i.Chip_SWM_DisableFixedPin  board.o
    0x0000077c   0x0000001c   Code   RO          429    i.Chip_SWM_EnableFixedPin  sysinit_8xx.o
    0x00000798   0x0000001c   Code   RO          506    i.Chip_SWM_EnableFixedPin  board.o
    0x000007b4   0x0000002c   Code   RO          698    i.Chip_SWM_MovablePinAssign  ioswm_8xx.o
    0x000007e0   0x00000038   Code   RO          196    i.Chip_SYSCTL_PeriphReset  uart_8xx.o
    0x00000818   0x00000024   Code   RO          904    i.Chip_SYSCTL_PowerDown  syscon_8xx.o
    0x0000083c   0x0000002c   Code   RO          905    i.Chip_SYSCTL_PowerUp  syscon_8xx.o
    0x00000868   0x0000000c   Code   RO          782    i.Chip_SYSCTL_SetUSARTFRGDivider  clock_8xx.o
    0x00000874   0x00000074   Code   RO          431    i.Chip_SetupXtalClocking  sysinit_8xx.o
    0x000008e8   0x00000010   Code   RO          198    i.Chip_UART_GetStatus  uart_8xx.o
    0x000008f8   0x00000054   Code   RO          200    i.Chip_UART_Init    uart_8xx.o
    0x0000094c   0x0000002e   Code   RO          206    i.Chip_UART_Send    uart_8xx.o
    0x0000097a   0x0000002e   Code   RO          207    i.Chip_UART_SendBlocking  uart_8xx.o
    0x000009a8   0x00000004   Code   RO          208    i.Chip_UART_SendByte  uart_8xx.o
    0x000009ac   0x0000001a   Code   RO          210    i.Chip_UART_SetBaud  uart_8xx.o
    0x000009c6   0x00000002   PAD
    0x000009c8   0x00000034   Code   RO          507    i.Init_I2C_PinMux   board.o
    0x000009fc   0x00000030   Code   RO          508    i.Init_SPI_PinMux   board.o
    0x00000a2c   0x00000078   Code   RO            3    i.NVIC_SetPriority  main_gpio_example.o
    0x00000aa4   0x00000030   Code   RO            4    i.SysTick_Handler   main_gpio_example.o
    0x00000ad4   0x00000010   Code   RO          783    i.SystemCoreClockUpdate  clock_8xx.o
    0x00000ae4   0x00000038   Code   RO          432    i.SystemInit        sysinit_8xx.o
    0x00000b1c   0x00000020   Code   RO         1088    i.__0printf$5       mc_p.l(printf5.o)
    0x00000b3c   0x0000000e   Code   RO         1255    i.__scatterload_copy  mc_p.l(handlers.o)
    0x00000b4a   0x00000002   Code   RO         1256    i.__scatterload_null  mc_p.l(handlers.o)
    0x00000b4c   0x0000000e   Code   RO         1257    i.__scatterload_zeroinit  mc_p.l(handlers.o)
    0x00000b5a   0x00000002   PAD
    0x00000b5c   0x000002dc   Code   RO         1095    i._printf_core      mc_p.l(printf5.o)
    0x00000e38   0x00000014   Code   RO          513    i.fputc             board.o
    0x00000e4c   0x00000024   Code   RO          212    i.getUARTClockID    uart_8xx.o
    0x00000e70   0x00000140   Code   RO            5    i.main              main_gpio_example.o
    0x00000fb0   0x00000014   Data   RO          514    .constdata          board.o
    0x00000fc4   0x00000394   Data   RO          785    .constdata          clock_8xx.o
    0x00001358   0x00000020   Data   RO         1253    Region$$Table       anon$$obj.o


    Execution Region RW_IRAM1 (Base: 0x10000000, Size: 0x000001a0, Max: 0x00002000, ABSOLUTE)

    Base Addr    Size         Type   Attr      Idx    E Section Name        Object

    0x10000000   0x00000001   Data   RW            6    .data               main_gpio_example.o
    0x10000001   0x00000003   PAD
    0x10000004   0x0000000d   Data   RW          516    .data               board.o
    0x10000011   0x00000003   PAD
    0x10000014   0x00000008   Data   RW          786    .data               clock_8xx.o
    0x1000001c   0x00000004   PAD
    0x10000020   0x00000180   Zero   RW          416    STACK               keil_startup_lpc82x.o


==============================================================================

Image component sizes


      Code (inc. data)   RO Data    RW Data    ZI Data      Debug   Object Name

       742         96         20         13          0      24344   board.o
       662         82        916          8          0      18016   clock_8xx.o
        90          4          0          0          0       5843   ioswm_8xx.o
        32         14        192          0        384        864   keil_startup_lpc82x.o
       488        110          0          1          0      29873   main_gpio_example.o
        80         18          0          0          0       1070   syscon_8xx.o
       228         28          0          0          0       9914   sysinit_8xx.o
       314         42          0          0          0      14367   uart_8xx.o

    ----------------------------------------------------------------------
      2644        394       1160         28        388     104291   Object Totals
         0          0         32          0          0          0   (incl. Generated)
         8          0          0          6          4          0   (incl. Padding)

    ----------------------------------------------------------------------

      Code (inc. data)   RO Data    RW Data    ZI Data      Debug   Library Member Name

         0          0          0          0          0          0   entry.o
         0          0          0          0          0          0   entry10a.o
         0          0          0          0          0          0   entry11a.o
         8          4          0          0          0          0   entry2.o
         4          0          0          0          0          0   entry5.o
         0          0          0          0          0          0   entry7b.o
         0          0          0          0          0          0   entry8b.o
         8          4          0          0          0          0   entry9a.o
        30          0          0          0          0          0   handlers.o
        36          8          0          0          0         68   init.o
       122          0          0          0          0         84   llmul.o
        32          0          0          0          0         68   llshl.o
        34          0          0          0          0         68   llushr.o
       764         52          0          0          0        168   printf5.o
        44          0          0          0          0         72   uidiv.o
        96          0          0          0          0         84   uldiv.o

    ----------------------------------------------------------------------
      1180         68          0          0          0        612   Library Totals
         2          0          0          0          0          0   (incl. Padding)

    ----------------------------------------------------------------------

      Code (inc. data)   RO Data    RW Data    ZI Data      Debug   Library Name

      1178         68          0          0          0        612   mc_p.l

    ----------------------------------------------------------------------
      1180         68          0          0          0        612   Library Totals

    ----------------------------------------------------------------------

==============================================================================


      Code (inc. data)   RO Data    RW Data    ZI Data      Debug   

      3824        462       1160         28        388     102679   Grand Totals
      3824        462       1160         28        388     102679   ELF Image Totals
      3824        462       1160         28          0          0   ROM Totals

==============================================================================

    Total RO  Size (Code + RO Data)                 4984 (   4.87kB)
    Total RW  Size (RW Data + ZI Data)               416 (   0.41kB)
    Total ROM Size (Code + RO Data + RW Data)       5012 (   4.89kB)

==============================================================================

