<html>
<body>
<pre>
<h1>礦ision Build Log</h1>
<h2>Tool Versions:</h2>
IDE-Version: μVision V5.14.0.0
Copyright (C) 2015 ARM Ltd and ARM Germany GmbH. All rights reserved.
License Information: li Sky123.Org, Sky123.Org, LIC=ZB456-D6KZH-DKFBN-Y4XA3-RW7ZR-RL2XY
 
Tool Versions:
Toolchain:       MDK-ARM Standard  Version: 5.14.0.0
Toolchain Path:  F:\Keil_v5\ARM\ARMCC\Bin
C Compiler:      Armcc.exe V5.05 update 1 (build 106)
Assembler:       Armasm.exe V5.05 update 1 (build 106)
Linker/Locator:  ArmLink.exe V5.05 update 1 (build 106)
Library Manager: ArmAr.exe V5.05 update 1 (build 106)
Hex Converter:   FromElf.exe V5.05 update 1 (build 106)
CPU DLL:         SARMCM3.DLL V5.14.0.0
Dialog DLL:      DARMCM1.DLL V1.12.0.0
Target DLL:      Segger\JL2CM3.dll V2.99.13.0
Dialog DLL:      TARMCM1.DLL V1.9.0.0
 
<h2>Project:</h2>
F:\lpc824资料\驱动\peri_example\pmu\PMU_Hands_on\project_pmu_hands_on.uvprojx
Project File Date:  05/11/2016

<h2>Output:</h2>
Build target 'iFlash'
compiling main_pmu_hands_on.c...
main_pmu_hands_on.c(90): warning:  #177-D: variable "cmdData" was declared but never referenced
        uint32_t cmdData[3];
main_pmu_hands_on.c(91): warning:  #177-D: variable "response" was declared but never referenced
        uint32_t response;
main_pmu_hands_on.c: 2 warnings, 0 errors
compiling gpio_8xx.c...
compiling uart_8xx.c...
compiling ring_buffer.c...
compiling pmu_8xx.c...
assembling keil_startup_lpc82x.s...
compiling sysinit_8xx.c...
compiling board.c...
..\..\..\common\board\board.c(267): warning:  #177-D: variable "pSWM" was declared but never referenced
        LPC_SWM_T *pSWM = LPC_SWM;
..\..\..\common\board\board.c(56): warning:  #177-D: function "Board_Key_Init" was declared but never referenced
  static void Board_Key_Init(void)
..\..\..\common\board\board.c: 2 warnings, 0 errors
compiling ioswm_8xx.c...
compiling clock_8xx.c...
compiling syscon_8xx.c...
linking...
Program Size: Code=3024 RO-data=1164 RW-data=8 ZI-data=384  
After Build - User command #2: ..\..\..\tools\keil_after_build.bat F:\Keil_v5\ARM\BIN\ELFDWT.exe F:\Keil_v5\ARM\ARMCC\BIN\FromElf.exe F:\lpc824资料\驱动\peri_example\pmu\PMU_Hands_on\keil_output\pmu_example.axf F:\lpc824资料\驱动\peri_example\pmu\PMU_Hands_on\keil_output\pmu_example.hex F:\lpc824资料\驱动\peri_example\pmu\PMU_Hands_on\keil_output\pmu_example.bin
F:\lpc824资料\驱动\peri_example\pmu\PMU_Hands_on>F:\Keil_v5\ARM\BIN\ELFDWT.exe F:\lpc824资料\驱动\peri_example\pmu\PMU_Hands_on\keil_output\pmu_example.axf BASEADDRESS(0x00000000) 
ELFDWT - Signature Creator V1.1.0.0
COPYRIGHT Keil - An ARM Company, Copyright (C) 2014
*** Updated Signature over Range[32] (0x00000000 - 0x00000018): @0x0000001C = 0xEFFFFBE1
*** Processing completed, no Errors.
F:\lpc824资料\驱动\peri_example\pmu\PMU_Hands_on>F:\Keil_v5\ARM\ARMCC\BIN\FromElf.exe --i32 --output F:\lpc824资料\驱动\peri_example\pmu\PMU_Hands_on\keil_output\pmu_example.hex F:\lpc824资料\驱动\peri_example\pmu\PMU_Hands_on\keil_output\pmu_example.axf 
F:\lpc824资料\驱动\peri_example\pmu\PMU_Hands_on>F:\Keil_v5\ARM\ARMCC\BIN\FromElf.exe --bin --output F:\lpc824资料\驱动\peri_example\pmu\PMU_Hands_on\keil_output\pmu_example.bin F:\lpc824资料\驱动\peri_example\pmu\PMU_Hands_on\keil_output\pmu_example.axf 
".\keil_output\pmu_example.axf" - 0 Error(s), 4 Warning(s).

<h2>Collection of Component include folders:</h2>
  F:\lpc824资料\驱动\peri_example\pmu\PMU_Hands_on\RTE
  F:\Keil_v5\ARM\PACK\Keil\LPC800_DFP\1.2.0\Device\Include

<h2>Collection of Component Files used:</h2>
</pre>
</body>
</html>
