Component: ARM Compiler 5.05 update 1 (build 106) Tool: armlink [4d0efa]

==============================================================================

Removing Unused input sections from the image.

    Removing main_spi_basic.o(.rev16_text), (4 bytes).
    Removing main_spi_basic.o(.revsh_text), (4 bytes).
    Removing gpio_8xx.o(.rev16_text), (4 bytes).
    Removing gpio_8xx.o(.revsh_text), (4 bytes).
    Removing uart_8xx.o(.rev16_text), (4 bytes).
    Removing uart_8xx.o(.revsh_text), (4 bytes).
    Removing uart_8xx.o(i.Chip_UART_DeInit), (44 bytes).
    Removing uart_8xx.o(i.Chip_UART_GetStatus), (16 bytes).
    Removing uart_8xx.o(i.Chip_UART_IRQRBHandler), (58 bytes).
    Removing uart_8xx.o(i.Chip_UART_IntDisable), (4 bytes).
    Removing uart_8xx.o(i.Chip_UART_RXIntHandlerRB), (44 bytes).
    Removing uart_8xx.o(i.Chip_UART_Read), (46 bytes).
    Removing uart_8xx.o(i.Chip_UART_ReadBlocking), (46 bytes).
    Removing uart_8xx.o(i.Chip_UART_ReadRB), (22 bytes).
    Removing uart_8xx.o(i.Chip_UART_Send), (46 bytes).
    Removing uart_8xx.o(i.Chip_UART_SendBlocking), (46 bytes).
    Removing uart_8xx.o(i.Chip_UART_SendByte), (4 bytes).
    Removing uart_8xx.o(i.Chip_UART_SendRB), (66 bytes).
    Removing uart_8xx.o(i.Chip_UART_TXIntHandlerRB), (48 bytes).
    Removing ring_buffer.o(.rev16_text), (4 bytes).
    Removing ring_buffer.o(.revsh_text), (4 bytes).
    Removing ring_buffer.o(i.RingBuf_Copy), (22 bytes).
    Removing ring_buffer.o(i.RingBuf_Deinit), (8 bytes).
    Removing ring_buffer.o(i.RingBuf_Free), (46 bytes).
    Removing ring_buffer.o(i.RingBuf_GetFreeBytes), (10 bytes).
    Removing ring_buffer.o(i.RingBuf_GetUsedBytes), (6 bytes).
    Removing ring_buffer.o(i.RingBuf_Init), (16 bytes).
    Removing ring_buffer.o(i.RingBuf_Peek), (56 bytes).
    Removing ring_buffer.o(i.RingBuf_Read), (22 bytes).
    Removing ring_buffer.o(i.RingBuf_Read1Byte), (64 bytes).
    Removing ring_buffer.o(i.RingBuf_Write), (122 bytes).
    Removing ring_buffer.o(i.RingBuf_Write1Byte), (66 bytes).
    Removing ring_buffer.o(i.__get_PRIMASK), (6 bytes).
    Removing ring_buffer.o(i.__set_PRIMASK), (6 bytes).
    Removing ring_buffer.o(i._prvRingBuf_Read), (120 bytes).
    Removing spi_8xx.o(.rev16_text), (4 bytes).
    Removing spi_8xx.o(.revsh_text), (4 bytes).
    Removing spi_8xx.o(i.Chip_SPIM_AssertSSEL), (32 bytes).
    Removing spi_8xx.o(i.Chip_SPIM_DeAssertSSEL), (28 bytes).
    Removing spi_8xx.o(i.Chip_SPIM_DelayConfig), (36 bytes).
    Removing spi_8xx.o(i.Chip_SPIM_GetClockRate), (24 bytes).
    Removing spi_8xx.o(i.Chip_SPIM_SetClockRate), (52 bytes).
    Removing spi_8xx.o(i.Chip_SPIM_Xfer), (52 bytes).
    Removing spi_8xx.o(i.Chip_SPIM_XferBlocking), (40 bytes).
    Removing spi_8xx.o(i.Chip_SPIM_XferHandler), (304 bytes).
    Removing spi_8xx.o(i.Chip_SPIS_FindSSEL), (36 bytes).
    Removing spi_8xx.o(i.Chip_SPIS_XferBlocking), (48 bytes).
    Removing spi_8xx.o(i.Chip_SPIS_XferHandler), (312 bytes).
    Removing spi_8xx.o(i.Chip_SPI_CalClkRateDivider), (28 bytes).
    Removing spi_8xx.o(i.Chip_SPI_Int_Cmd), (12 bytes).
    Removing spi_8xx.o(i.Chip_SPI_Int_RWFrames), (128 bytes).
    Removing spi_8xx.o(i.Chip_SPI_ReadFrames_Blocking), (112 bytes).
    Removing spi_8xx.o(i.Chip_SPI_ReadRawRXFifo), (16 bytes).
    Removing spi_8xx.o(i.Chip_SPI_WriteFrames_Blocking), (110 bytes).
    Removing spi_8xx.o(i.Chip_SPI_WriteTXData), (4 bytes).
    Removing spi_8xx.o(i.SPI_Send_Data_RxIgnore), (68 bytes).
    Removing spi_8xx.o(i.SPI_Send_Dummy), (38 bytes).
    Removing spi_8xx.o(.data), (2 bytes).
    Removing keil_startup_lpc82x.o(HEAP), (0 bytes).
    Removing sysinit_8xx.o(.rev16_text), (4 bytes).
    Removing sysinit_8xx.o(.revsh_text), (4 bytes).
    Removing sysinit_8xx.o(i.Chip_SetupIrcClocking), (16 bytes).
    Removing board.o(.rev16_text), (4 bytes).
    Removing board.o(.revsh_text), (4 bytes).
    Removing board.o(i.Board_Key_GetKeyDown), (36 bytes).
    Removing board.o(i.Board_LED_Test), (52 bytes).
    Removing board.o(i.Board_LED_Toggle), (40 bytes).
    Removing board.o(i.Board_UARTGetChar), (40 bytes).
    Removing board.o(i.Board_UARTPutChar), (20 bytes).
    Removing board.o(i.Board_UARTPutSTR), (22 bytes).
    Removing board.o(i.Board_UARTPutTextChar), (72 bytes).
    Removing board.o(i.Board_itoa), (124 bytes).
    Removing board.o(i._sys_exit), (6 bytes).
    Removing board.o(i._sys_open), (6 bytes).
    Removing board.o(i.ferror), (8 bytes).
    Removing board.o(i.fgetc), (10 bytes).
    Removing board.o(i.fputc), (20 bytes).
    Removing board.o(.conststring), (72 bytes).
    Removing board.o(.data), (13 bytes).
    Removing ioswm_8xx.o(.rev16_text), (4 bytes).
    Removing ioswm_8xx.o(.revsh_text), (4 bytes).
    Removing ioswm_8xx.o(i.Chip_IOCON_PinSetClockDivisor), (24 bytes).
    Removing ioswm_8xx.o(i.Chip_IOCON_PinSetHysteresis), (44 bytes).
    Removing ioswm_8xx.o(i.Chip_IOCON_PinSetInputInverted), (44 bytes).
    Removing ioswm_8xx.o(i.Chip_IOCON_PinSetOpenDrainMode), (46 bytes).
    Removing ioswm_8xx.o(i.Chip_IOCON_PinSetSampleMode), (24 bytes).
    Removing ioswm_8xx.o(i.Chip_IOCON_SetPinMuxing), (36 bytes).
    Removing ioswm_8xx.o(i.Chip_SWM_FixedPinEnable), (64 bytes).
    Removing clock_8xx.o(.rev16_text), (4 bytes).
    Removing clock_8xx.o(.revsh_text), (4 bytes).
    Removing clock_8xx.o(i.Chip_Clock_GetIOCONCLKDIVClockRate), (44 bytes).
    Removing clock_8xx.o(i.Chip_Clock_SetCLKOUTSource), (24 bytes).
    Removing clock_8xx.o(i.Chip_Clock_SetIOCONCLKDIV), (20 bytes).
    Removing clock_8xx.o(i.Chip_IRC_SetFreq), (136 bytes).
    Removing clock_8xx.o(i.pll_config), (116 bytes).
    Removing syscon_8xx.o(.rev16_text), (4 bytes).
    Removing syscon_8xx.o(.revsh_text), (4 bytes).
    Removing syscon_8xx.o(i.Chip_SYSCTL_SetDeepSleepPD), (24 bytes).
    Removing syscon_8xx.o(i.Chip_SYSCTL_SetWakeup), (24 bytes).

99 unused section(s) (total 3849 bytes) removed from the image.

==============================================================================

Image Symbol Table

    Local Symbols

    Symbol Name                              Value     Ov Type        Size  Object(Section)

    RESET                                    0x00000000   Section      192  keil_startup_lpc82x.o(RESET)
    ../clib/microlib/division.c              0x00000000   Number         0  uidiv.o ABSOLUTE
    ../clib/microlib/division.c              0x00000000   Number         0  uldiv.o ABSOLUTE
    ../clib/microlib/division.c              0x00000000   Number         0  idiv.o ABSOLUTE
    ../clib/microlib/init/entry.s            0x00000000   Number         0  entry7b.o ABSOLUTE
    ../clib/microlib/init/entry.s            0x00000000   Number         0  entry7a.o ABSOLUTE
    ../clib/microlib/init/entry.s            0x00000000   Number         0  entry5.o ABSOLUTE
    ../clib/microlib/init/entry.s            0x00000000   Number         0  entry2.o ABSOLUTE
    ../clib/microlib/init/entry.s            0x00000000   Number         0  entry8a.o ABSOLUTE
    ../clib/microlib/init/entry.s            0x00000000   Number         0  entry8b.o ABSOLUTE
    ../clib/microlib/init/entry.s            0x00000000   Number         0  entry9a.o ABSOLUTE
    ../clib/microlib/init/entry.s            0x00000000   Number         0  entry9b.o ABSOLUTE
    ../clib/microlib/init/entry.s            0x00000000   Number         0  entry10a.o ABSOLUTE
    ../clib/microlib/init/entry.s            0x00000000   Number         0  entry10b.o ABSOLUTE
    ../clib/microlib/init/entry.s            0x00000000   Number         0  entry11a.o ABSOLUTE
    ../clib/microlib/init/entry.s            0x00000000   Number         0  entry11b.o ABSOLUTE
    ../clib/microlib/init/entry.s            0x00000000   Number         0  entry.o ABSOLUTE
    ../clib/microlib/longlong.c              0x00000000   Number         0  llmul.o ABSOLUTE
    ../clib/microlib/longlong.c              0x00000000   Number         0  llshl.o ABSOLUTE
    ../clib/microlib/longlong.c              0x00000000   Number         0  llushr.o ABSOLUTE
    ../clib/microlib/string/memcpy.c         0x00000000   Number         0  memcpya.o ABSOLUTE
    ../clib/microlib/string/memcpy.c         0x00000000   Number         0  memcpyb.o ABSOLUTE
    ..\..\..\common\board\board.c            0x00000000   Number         0  board.o ABSOLUTE
    ..\..\..\common\chip\clock_8xx.c         0x00000000   Number         0  clock_8xx.o ABSOLUTE
    ..\..\..\common\chip\ioswm_8xx.c         0x00000000   Number         0  ioswm_8xx.o ABSOLUTE
    ..\..\..\common\chip\syscon_8xx.c        0x00000000   Number         0  syscon_8xx.o ABSOLUTE
    ..\..\..\common\chip\sysinit_8xx.c       0x00000000   Number         0  sysinit_8xx.o ABSOLUTE
    ..\..\..\common\startup\keil_startup_lpc82x.s 0x00000000   Number         0  keil_startup_lpc82x.o ABSOLUTE
    ..\..\..\peri_driver\gpio\gpio_8xx.c     0x00000000   Number         0  gpio_8xx.o ABSOLUTE
    ..\..\..\peri_driver\spi\spi_8xx.c       0x00000000   Number         0  spi_8xx.o ABSOLUTE
    ..\..\..\peri_driver\uart\ring_buffer.c  0x00000000   Number         0  ring_buffer.o ABSOLUTE
    ..\..\..\peri_driver\uart\uart_8xx.c     0x00000000   Number         0  uart_8xx.o ABSOLUTE
    ..\\..\\..\\common\\board\\board.c       0x00000000   Number         0  board.o ABSOLUTE
    ..\\..\\..\\common\\chip\\clock_8xx.c    0x00000000   Number         0  clock_8xx.o ABSOLUTE
    ..\\..\\..\\common\\chip\\ioswm_8xx.c    0x00000000   Number         0  ioswm_8xx.o ABSOLUTE
    ..\\..\\..\\common\\chip\\syscon_8xx.c   0x00000000   Number         0  syscon_8xx.o ABSOLUTE
    ..\\..\\..\\common\\chip\\sysinit_8xx.c  0x00000000   Number         0  sysinit_8xx.o ABSOLUTE
    ..\\..\\..\\peri_driver\\gpio\\gpio_8xx.c 0x00000000   Number         0  gpio_8xx.o ABSOLUTE
    ..\\..\\..\\peri_driver\\spi\\spi_8xx.c  0x00000000   Number         0  spi_8xx.o ABSOLUTE
    ..\\..\\..\\peri_driver\\uart\\ring_buffer.c 0x00000000   Number         0  ring_buffer.o ABSOLUTE
    ..\\..\\..\\peri_driver\\uart\\uart_8xx.c 0x00000000   Number         0  uart_8xx.o ABSOLUTE
    dc.s                                     0x00000000   Number         0  dc.o ABSOLUTE
    handlers.s                               0x00000000   Number         0  handlers.o ABSOLUTE
    init.s                                   0x00000000   Number         0  init.o ABSOLUTE
    main_spi_basic.c                         0x00000000   Number         0  main_spi_basic.o ABSOLUTE
    main_spi_basic.c                         0x00000000   Number         0  main_spi_basic.o ABSOLUTE
    .ARM.Collect$$$$00000000                 0x000000c0   Section        0  entry.o(.ARM.Collect$$$$00000000)
    .ARM.Collect$$$$00000001                 0x000000c0   Section        4  entry2.o(.ARM.Collect$$$$00000001)
    .ARM.Collect$$$$00000004                 0x000000c4   Section        4  entry5.o(.ARM.Collect$$$$00000004)
    .ARM.Collect$$$$00000008                 0x000000c8   Section        0  entry7b.o(.ARM.Collect$$$$00000008)
    .ARM.Collect$$$$0000000A                 0x000000c8   Section        0  entry8b.o(.ARM.Collect$$$$0000000A)
    .ARM.Collect$$$$0000000B                 0x000000c8   Section        8  entry9a.o(.ARM.Collect$$$$0000000B)
    .ARM.Collect$$$$0000000D                 0x000000d0   Section        0  entry10a.o(.ARM.Collect$$$$0000000D)
    .ARM.Collect$$$$0000000F                 0x000000d0   Section        0  entry11a.o(.ARM.Collect$$$$0000000F)
    .ARM.Collect$$$$00002712                 0x000000d0   Section        4  entry2.o(.ARM.Collect$$$$00002712)
    __lit__00000000                          0x000000d0   Data           4  entry2.o(.ARM.Collect$$$$00002712)
    .text                                    0x000000d4   Section       28  keil_startup_lpc82x.o(.text)
    .text                                    0x000000f0   Section        0  uidiv.o(.text)
    .text                                    0x0000011c   Section        0  uldiv.o(.text)
    .text                                    0x0000017c   Section        0  llmul.o(.text)
    .text                                    0x000001f6   Section        0  llshl.o(.text)
    .text                                    0x00000216   Section        0  llushr.o(.text)
    .text                                    0x00000238   Section       36  init.o(.text)
    i.Board_Debug_Init                       0x0000025c   Section        0  board.o(i.Board_Debug_Init)
    i.Board_LED_Init                         0x000002c8   Section        0  board.o(i.Board_LED_Init)
    Board_LED_Init                           0x000002c9   Thumb Code    46  board.o(i.Board_LED_Init)
    .ARM.__at_0x02FC                         0x000002fc   Section        4  keil_startup_lpc82x.o(.ARM.__at_0x02FC)
    i.Board_Init                             0x00000300   Section        0  board.o(i.Board_Init)
    i.Board_Key_Init                         0x0000033c   Section        0  board.o(i.Board_Key_Init)
    Board_Key_Init                           0x0000033d   Thumb Code    42  board.o(i.Board_Key_Init)
    i.Board_LED_Set                          0x00000374   Section        0  board.o(i.Board_LED_Set)
    i.Board_UART_Init                        0x00000398   Section        0  board.o(i.Board_UART_Init)
    Board_UART_Init                          0x00000399   Thumb Code    52  board.o(i.Board_UART_Init)
    i.Chip_Clock_DisablePeriphClock          0x000003d0   Section        0  main_spi_basic.o(i.Chip_Clock_DisablePeriphClock)
    Chip_Clock_DisablePeriphClock            0x000003d1   Thumb Code    20  main_spi_basic.o(i.Chip_Clock_DisablePeriphClock)
    i.Chip_Clock_DisablePeriphClock          0x000003ec   Section        0  board.o(i.Chip_Clock_DisablePeriphClock)
    Chip_Clock_DisablePeriphClock            0x000003ed   Thumb Code    20  board.o(i.Chip_Clock_DisablePeriphClock)
    i.Chip_Clock_EnablePeriphClock           0x00000408   Section        0  main_spi_basic.o(i.Chip_Clock_EnablePeriphClock)
    Chip_Clock_EnablePeriphClock             0x00000409   Thumb Code    20  main_spi_basic.o(i.Chip_Clock_EnablePeriphClock)
    i.Chip_Clock_EnablePeriphClock           0x00000424   Section        0  sysinit_8xx.o(i.Chip_Clock_EnablePeriphClock)
    Chip_Clock_EnablePeriphClock             0x00000425   Thumb Code    20  sysinit_8xx.o(i.Chip_Clock_EnablePeriphClock)
    i.Chip_Clock_EnablePeriphClock           0x00000440   Section        0  board.o(i.Chip_Clock_EnablePeriphClock)
    Chip_Clock_EnablePeriphClock             0x00000441   Thumb Code    20  board.o(i.Chip_Clock_EnablePeriphClock)
    i.Chip_Clock_GetMainClockRate            0x0000045c   Section        0  clock_8xx.o(i.Chip_Clock_GetMainClockRate)
    i.Chip_Clock_GetPLLFreq                  0x000004a8   Section        0  clock_8xx.o(i.Chip_Clock_GetPLLFreq)
    Chip_Clock_GetPLLFreq                    0x000004a9   Thumb Code    14  clock_8xx.o(i.Chip_Clock_GetPLLFreq)
    i.Chip_Clock_GetSystemClockRate          0x000004b8   Section        0  clock_8xx.o(i.Chip_Clock_GetSystemClockRate)
    i.Chip_Clock_GetSystemPLLInClockRate     0x000004d4   Section        0  clock_8xx.o(i.Chip_Clock_GetSystemPLLInClockRate)
    i.Chip_Clock_GetSystemPLLOutClockRate    0x00000520   Section        0  clock_8xx.o(i.Chip_Clock_GetSystemPLLOutClockRate)
    i.Chip_Clock_GetUSARTNBaseClockRate      0x0000053c   Section        0  clock_8xx.o(i.Chip_Clock_GetUSARTNBaseClockRate)
    i.Chip_Clock_GetWDTLFORate               0x000005c0   Section        0  clock_8xx.o(i.Chip_Clock_GetWDTLFORate)
    Chip_Clock_GetWDTLFORate                 0x000005c1   Thumb Code    28  clock_8xx.o(i.Chip_Clock_GetWDTLFORate)
    i.Chip_Clock_GetWDTOSCRate               0x000005e0   Section        0  clock_8xx.o(i.Chip_Clock_GetWDTOSCRate)
    i.Chip_Clock_SetMainClockSource          0x000005f4   Section        0  clock_8xx.o(i.Chip_Clock_SetMainClockSource)
    i.Chip_Clock_SetPLLBypass                0x00000608   Section        0  clock_8xx.o(i.Chip_Clock_SetPLLBypass)
    i.Chip_Clock_SetSystemPLLSource          0x00000628   Section        0  clock_8xx.o(i.Chip_Clock_SetSystemPLLSource)
    i.Chip_Clock_SetUSARTNBaseClockRate      0x0000063c   Section        0  clock_8xx.o(i.Chip_Clock_SetUSARTNBaseClockRate)
    i.Chip_GPIO_PinSetDIR                    0x000006d8   Section        0  board.o(i.Chip_GPIO_PinSetDIR)
    Chip_GPIO_PinSetDIR                      0x000006d9   Thumb Code    38  board.o(i.Chip_GPIO_PinSetDIR)
    i.Chip_GPIO_PinSetState                  0x000006fe   Section        0  board.o(i.Chip_GPIO_PinSetState)
    Chip_GPIO_PinSetState                    0x000006ff   Thumb Code    10  board.o(i.Chip_GPIO_PinSetState)
    i.Chip_IOCON_PinSetI2CMode               0x00000708   Section        0  ioswm_8xx.o(i.Chip_IOCON_PinSetI2CMode)
    i.Chip_IOCON_PinSetMode                  0x00000720   Section        0  ioswm_8xx.o(i.Chip_IOCON_PinSetMode)
    i.Chip_SPI_ClearCFGRegBits               0x00000736   Section        0  main_spi_basic.o(i.Chip_SPI_ClearCFGRegBits)
    Chip_SPI_ClearCFGRegBits                 0x00000737   Thumb Code    14  main_spi_basic.o(i.Chip_SPI_ClearCFGRegBits)
    i.Chip_SPI_ClearStatus                   0x00000744   Section        0  spi_8xx.o(i.Chip_SPI_ClearStatus)
    Chip_SPI_ClearStatus                     0x00000745   Thumb Code     4  spi_8xx.o(i.Chip_SPI_ClearStatus)
    i.Chip_SPI_DelayConfig                   0x00000748   Section        0  spi_8xx.o(i.Chip_SPI_DelayConfig)
    i.Chip_SPI_GetStatus                     0x00000776   Section        0  spi_8xx.o(i.Chip_SPI_GetStatus)
    Chip_SPI_GetStatus                       0x00000777   Thumb Code    10  spi_8xx.o(i.Chip_SPI_GetStatus)
    i.Chip_SPI_RWFrames_Blocking             0x00000780   Section        0  spi_8xx.o(i.Chip_SPI_RWFrames_Blocking)
    i.Chip_SPI_SendLastFrame                 0x00000800   Section        0  spi_8xx.o(i.Chip_SPI_SendLastFrame)
    Chip_SPI_SendLastFrame                   0x00000801   Thumb Code    22  spi_8xx.o(i.Chip_SPI_SendLastFrame)
    i.Chip_SPI_SendMidFrame                  0x00000816   Section        0  spi_8xx.o(i.Chip_SPI_SendMidFrame)
    Chip_SPI_SendMidFrame                    0x00000817   Thumb Code     6  spi_8xx.o(i.Chip_SPI_SendMidFrame)
    i.Chip_SPI_SetCFGRegBits                 0x0000081c   Section        0  main_spi_basic.o(i.Chip_SPI_SetCFGRegBits)
    Chip_SPI_SetCFGRegBits                   0x0000081d   Thumb Code    14  main_spi_basic.o(i.Chip_SPI_SetCFGRegBits)
    i.Chip_SPI_SetControlInfo                0x0000082a   Section        0  spi_8xx.o(i.Chip_SPI_SetControlInfo)
    Chip_SPI_SetControlInfo                  0x0000082b   Thumb Code    12  spi_8xx.o(i.Chip_SPI_SetControlInfo)
    i.Chip_SWM_DisableFixedPin               0x00000838   Section        0  board.o(i.Chip_SWM_DisableFixedPin)
    Chip_SWM_DisableFixedPin                 0x00000839   Thumb Code    20  board.o(i.Chip_SWM_DisableFixedPin)
    i.Chip_SWM_EnableFixedPin                0x00000850   Section        0  sysinit_8xx.o(i.Chip_SWM_EnableFixedPin)
    Chip_SWM_EnableFixedPin                  0x00000851   Thumb Code    22  sysinit_8xx.o(i.Chip_SWM_EnableFixedPin)
    i.Chip_SWM_EnableFixedPin                0x0000086c   Section        0  board.o(i.Chip_SWM_EnableFixedPin)
    Chip_SWM_EnableFixedPin                  0x0000086d   Thumb Code    22  board.o(i.Chip_SWM_EnableFixedPin)
    i.Chip_SWM_MovablePinAssign              0x00000888   Section        0  ioswm_8xx.o(i.Chip_SWM_MovablePinAssign)
    i.Chip_SYSCTL_PeriphReset                0x000008b4   Section        0  main_spi_basic.o(i.Chip_SYSCTL_PeriphReset)
    Chip_SYSCTL_PeriphReset                  0x000008b5   Thumb Code    46  main_spi_basic.o(i.Chip_SYSCTL_PeriphReset)
    i.Chip_SYSCTL_PeriphReset                0x000008ec   Section        0  uart_8xx.o(i.Chip_SYSCTL_PeriphReset)
    Chip_SYSCTL_PeriphReset                  0x000008ed   Thumb Code    46  uart_8xx.o(i.Chip_SYSCTL_PeriphReset)
    i.Chip_SYSCTL_PowerDown                  0x00000924   Section        0  syscon_8xx.o(i.Chip_SYSCTL_PowerDown)
    i.Chip_SYSCTL_PowerUp                    0x00000948   Section        0  syscon_8xx.o(i.Chip_SYSCTL_PowerUp)
    i.Chip_SYSCTL_SetUSARTFRGDivider         0x00000974   Section        0  clock_8xx.o(i.Chip_SYSCTL_SetUSARTFRGDivider)
    Chip_SYSCTL_SetUSARTFRGDivider           0x00000975   Thumb Code     6  clock_8xx.o(i.Chip_SYSCTL_SetUSARTFRGDivider)
    i.Chip_SetupXtalClocking                 0x00000980   Section        0  sysinit_8xx.o(i.Chip_SetupXtalClocking)
    i.Chip_UART_Init                         0x000009f4   Section        0  uart_8xx.o(i.Chip_UART_Init)
    i.Chip_UART_SetBaud                      0x00000a48   Section        0  uart_8xx.o(i.Chip_UART_SetBaud)
    i.Init_I2C_PinMux                        0x00000a64   Section        0  board.o(i.Init_I2C_PinMux)
    Init_I2C_PinMux                          0x00000a65   Thumb Code    48  board.o(i.Init_I2C_PinMux)
    i.Init_SPI_PinMux                        0x00000a98   Section        0  main_spi_basic.o(i.Init_SPI_PinMux)
    Init_SPI_PinMux                          0x00000a99   Thumb Code    48  main_spi_basic.o(i.Init_SPI_PinMux)
    i.Init_SPI_PinMux                        0x00000ac8   Section        0  board.o(i.Init_SPI_PinMux)
    Init_SPI_PinMux                          0x00000ac9   Thumb Code    48  board.o(i.Init_SPI_PinMux)
    i.SPI_Receive_Data                       0x00000af8   Section        0  spi_8xx.o(i.SPI_Receive_Data)
    SPI_Receive_Data                         0x00000af9   Thumb Code    24  spi_8xx.o(i.SPI_Receive_Data)
    i.SPI_Send_Data                          0x00000b10   Section        0  spi_8xx.o(i.SPI_Send_Data)
    SPI_Send_Data                            0x00000b11   Thumb Code    56  spi_8xx.o(i.SPI_Send_Data)
    i.SystemCoreClockUpdate                  0x00000b48   Section        0  clock_8xx.o(i.SystemCoreClockUpdate)
    i.SystemInit                             0x00000b58   Section        0  sysinit_8xx.o(i.SystemInit)
    i.__scatterload_copy                     0x00000b90   Section       14  handlers.o(i.__scatterload_copy)
    i.__scatterload_null                     0x00000b9e   Section        2  handlers.o(i.__scatterload_null)
    i.__scatterload_zeroinit                 0x00000ba0   Section       14  handlers.o(i.__scatterload_zeroinit)
    i.bufferInit                             0x00000bb0   Section        0  main_spi_basic.o(i.bufferInit)
    bufferInit                               0x00000bb1   Thumb Code    36  main_spi_basic.o(i.bufferInit)
    i.bufferVerify                           0x00000bdc   Section        0  main_spi_basic.o(i.bufferVerify)
    bufferVerify                             0x00000bdd   Thumb Code    38  main_spi_basic.o(i.bufferVerify)
    i.getUARTClockID                         0x00000c0c   Section        0  uart_8xx.o(i.getUARTClockID)
    getUARTClockID                           0x00000c0d   Thumb Code    26  uart_8xx.o(i.getUARTClockID)
    i.main                                   0x00000c30   Section        0  main_spi_basic.o(i.main)
    .constdata                               0x00000d3c   Section       24  board.o(.constdata)
    ledBits                                  0x00000d3c   Data           8  board.o(.constdata)
    cs_keyBits                               0x00000d44   Data           3  board.o(.constdata)
    cs_keyIoConNdce                          0x00000d47   Data           3  board.o(.constdata)
    .constdata                               0x00000d54   Section      916  clock_8xx.o(.constdata)
    wdtOSCRate                               0x00000d54   Data          64  clock_8xx.o(.constdata)
    config_tab                               0x00000d94   Data         852  clock_8xx.o(.constdata)
    .data                                    0x10000000   Section        5  main_spi_basic.o(.data)
    DelayConfigStruct                        0x10000000   Data           4  main_spi_basic.o(.data)
    isXferCompleted                          0x10000004   Data           1  main_spi_basic.o(.data)
    .data                                    0x10000008   Section        8  clock_8xx.o(.data)
    config_tab_idx                           0x10000008   Data           2  clock_8xx.o(.data)
    .bss                                     0x10000010   Section       64  main_spi_basic.o(.bss)
    TxBuf                                    0x10000010   Data          20  main_spi_basic.o(.bss)
    RxBuf                                    0x10000024   Data          20  main_spi_basic.o(.bss)
    XfSetup                                  0x10000038   Data          24  main_spi_basic.o(.bss)
    STACK                                    0x10000050   Section      384  keil_startup_lpc82x.o(STACK)

    Global Symbols

    Symbol Name                              Value     Ov Type        Size  Object(Section)

    BuildAttributes$$THM_ISAv3M$S$PE$A:L22$X:L11$S22$IEEE1$IW$USESV6$~STKCKD$USESV7$~SHL$OSPACE$EBA8$MICROLIB$REQ8$PRES8$EABIv2 0x00000000   Number         0  anon$$obj.o ABSOLUTE
    __ARM_use_no_argv                        0x00000000   Number         0  main_spi_basic.o ABSOLUTE
    __Vectors                                0x00000000   Data           4  keil_startup_lpc82x.o(RESET)
    __cpp_initialize__aeabi_                  - Undefined Weak Reference
    __cxa_finalize                            - Undefined Weak Reference
    __decompress                              - Undefined Weak Reference
    _clock_init                               - Undefined Weak Reference
    _microlib_exit                            - Undefined Weak Reference
    __main                                   0x000000c1   Thumb Code     0  entry.o(.ARM.Collect$$$$00000000)
    _main_stk                                0x000000c1   Thumb Code     0  entry2.o(.ARM.Collect$$$$00000001)
    _main_scatterload                        0x000000c5   Thumb Code     0  entry5.o(.ARM.Collect$$$$00000004)
    __main_after_scatterload                 0x000000c9   Thumb Code     0  entry5.o(.ARM.Collect$$$$00000004)
    _main_clock                              0x000000c9   Thumb Code     0  entry7b.o(.ARM.Collect$$$$00000008)
    _main_cpp_init                           0x000000c9   Thumb Code     0  entry8b.o(.ARM.Collect$$$$0000000A)
    _main_init                               0x000000c9   Thumb Code     0  entry9a.o(.ARM.Collect$$$$0000000B)
    __rt_final_cpp                           0x000000d1   Thumb Code     0  entry10a.o(.ARM.Collect$$$$0000000D)
    __rt_final_exit                          0x000000d1   Thumb Code     0  entry11a.o(.ARM.Collect$$$$0000000F)
    Reset_Handler                            0x000000d5   Thumb Code     8  keil_startup_lpc82x.o(.text)
    HardFault_Handler                        0x000000dd   Thumb Code     2  keil_startup_lpc82x.o(.text)
    SVC_Handler                              0x000000df   Thumb Code     2  keil_startup_lpc82x.o(.text)
    PendSV_Handler                           0x000000e1   Thumb Code     2  keil_startup_lpc82x.o(.text)
    SysTick_Handler                          0x000000e3   Thumb Code     2  keil_startup_lpc82x.o(.text)
    ADC_OVR_IRQHandler                       0x000000e5   Thumb Code     0  keil_startup_lpc82x.o(.text)
    ADC_SEQA_IRQHandler                      0x000000e5   Thumb Code     0  keil_startup_lpc82x.o(.text)
    ADC_SEQB_IRQHanlder                      0x000000e5   Thumb Code     0  keil_startup_lpc82x.o(.text)
    ADC_THCMP_IRQHandler                     0x000000e5   Thumb Code     0  keil_startup_lpc82x.o(.text)
    BOD_IRQHandler                           0x000000e5   Thumb Code     0  keil_startup_lpc82x.o(.text)
    CMP_IRQHandler                           0x000000e5   Thumb Code     0  keil_startup_lpc82x.o(.text)
    DMA_IRQHandler                           0x000000e5   Thumb Code     0  keil_startup_lpc82x.o(.text)
    FLASH_IRQHandler                         0x000000e5   Thumb Code     0  keil_startup_lpc82x.o(.text)
    I2C0_IRQHandler                          0x000000e5   Thumb Code     0  keil_startup_lpc82x.o(.text)
    I2C1_IRQHandler                          0x000000e5   Thumb Code     0  keil_startup_lpc82x.o(.text)
    I2C2_IRQHandler                          0x000000e5   Thumb Code     0  keil_startup_lpc82x.o(.text)
    I2C3_IRQHandler                          0x000000e5   Thumb Code     0  keil_startup_lpc82x.o(.text)
    MRT_IRQHandler                           0x000000e5   Thumb Code     0  keil_startup_lpc82x.o(.text)
    NMI_Handler                              0x000000e5   Thumb Code     0  keil_startup_lpc82x.o(.text)
    PIN_INT0_IRQHandler                      0x000000e5   Thumb Code     0  keil_startup_lpc82x.o(.text)
    PIN_INT1_IRQHandler                      0x000000e5   Thumb Code     0  keil_startup_lpc82x.o(.text)
    PIN_INT2_IRQHandler                      0x000000e5   Thumb Code     0  keil_startup_lpc82x.o(.text)
    PIN_INT3_IRQHandler                      0x000000e5   Thumb Code     0  keil_startup_lpc82x.o(.text)
    PIN_INT4_IRQHandler                      0x000000e5   Thumb Code     0  keil_startup_lpc82x.o(.text)
    PIN_INT5_IRQHandler                      0x000000e5   Thumb Code     0  keil_startup_lpc82x.o(.text)
    PIN_INT6_IRQHandler                      0x000000e5   Thumb Code     0  keil_startup_lpc82x.o(.text)
    PIN_INT7_IRQHandler                      0x000000e5   Thumb Code     0  keil_startup_lpc82x.o(.text)
    SCT_IRQHandler                           0x000000e5   Thumb Code     0  keil_startup_lpc82x.o(.text)
    SPI0_IRQHandler                          0x000000e5   Thumb Code     0  keil_startup_lpc82x.o(.text)
    SPI1_IRQHandler                          0x000000e5   Thumb Code     0  keil_startup_lpc82x.o(.text)
    UART0_IRQHandler                         0x000000e5   Thumb Code     0  keil_startup_lpc82x.o(.text)
    UART1_IRQHandler                         0x000000e5   Thumb Code     0  keil_startup_lpc82x.o(.text)
    UART2_IRQHandler                         0x000000e5   Thumb Code     0  keil_startup_lpc82x.o(.text)
    WDT_IRQHandler                           0x000000e5   Thumb Code     0  keil_startup_lpc82x.o(.text)
    WKT_IRQHandler                           0x000000e5   Thumb Code     0  keil_startup_lpc82x.o(.text)
    __aeabi_uidiv                            0x000000f1   Thumb Code     0  uidiv.o(.text)
    __aeabi_uidivmod                         0x000000f1   Thumb Code    44  uidiv.o(.text)
    __aeabi_uldivmod                         0x0000011d   Thumb Code    96  uldiv.o(.text)
    __aeabi_lmul                             0x0000017d   Thumb Code   122  llmul.o(.text)
    _ll_mul                                  0x0000017d   Thumb Code     0  llmul.o(.text)
    __aeabi_llsl                             0x000001f7   Thumb Code    32  llshl.o(.text)
    _ll_shift_l                              0x000001f7   Thumb Code     0  llshl.o(.text)
    __aeabi_llsr                             0x00000217   Thumb Code    34  llushr.o(.text)
    _ll_ushift_r                             0x00000217   Thumb Code     0  llushr.o(.text)
    __scatterload                            0x00000239   Thumb Code    28  init.o(.text)
    __scatterload_rt2                        0x00000239   Thumb Code     0  init.o(.text)
    Board_Debug_Init                         0x0000025d   Thumb Code    92  board.o(i.Board_Debug_Init)
    Board_Init                               0x00000301   Thumb Code    46  board.o(i.Board_Init)
    Board_LED_Set                            0x00000375   Thumb Code    32  board.o(i.Board_LED_Set)
    Chip_Clock_GetMainClockRate              0x0000045d   Thumb Code    68  clock_8xx.o(i.Chip_Clock_GetMainClockRate)
    Chip_Clock_GetSystemClockRate            0x000004b9   Thumb Code    22  clock_8xx.o(i.Chip_Clock_GetSystemClockRate)
    Chip_Clock_GetSystemPLLInClockRate       0x000004d5   Thumb Code    58  clock_8xx.o(i.Chip_Clock_GetSystemPLLInClockRate)
    Chip_Clock_GetSystemPLLOutClockRate      0x00000521   Thumb Code    24  clock_8xx.o(i.Chip_Clock_GetSystemPLLOutClockRate)
    Chip_Clock_GetUSARTNBaseClockRate        0x0000053d   Thumb Code   126  clock_8xx.o(i.Chip_Clock_GetUSARTNBaseClockRate)
    Chip_Clock_GetWDTOSCRate                 0x000005e1   Thumb Code    16  clock_8xx.o(i.Chip_Clock_GetWDTOSCRate)
    Chip_Clock_SetMainClockSource            0x000005f5   Thumb Code    16  clock_8xx.o(i.Chip_Clock_SetMainClockSource)
    Chip_Clock_SetPLLBypass                  0x00000609   Thumb Code    26  clock_8xx.o(i.Chip_Clock_SetPLLBypass)
    Chip_Clock_SetSystemPLLSource            0x00000629   Thumb Code    16  clock_8xx.o(i.Chip_Clock_SetSystemPLLSource)
    Chip_Clock_SetUSARTNBaseClockRate        0x0000063d   Thumb Code   148  clock_8xx.o(i.Chip_Clock_SetUSARTNBaseClockRate)
    Chip_IOCON_PinSetI2CMode                 0x00000709   Thumb Code    24  ioswm_8xx.o(i.Chip_IOCON_PinSetI2CMode)
    Chip_IOCON_PinSetMode                    0x00000721   Thumb Code    22  ioswm_8xx.o(i.Chip_IOCON_PinSetMode)
    Chip_SPI_DelayConfig                     0x00000749   Thumb Code    46  spi_8xx.o(i.Chip_SPI_DelayConfig)
    Chip_SPI_RWFrames_Blocking               0x00000781   Thumb Code   128  spi_8xx.o(i.Chip_SPI_RWFrames_Blocking)
    Chip_SWM_MovablePinAssign                0x00000889   Thumb Code    40  ioswm_8xx.o(i.Chip_SWM_MovablePinAssign)
    Chip_SYSCTL_PowerDown                    0x00000925   Thumb Code    28  syscon_8xx.o(i.Chip_SYSCTL_PowerDown)
    Chip_SYSCTL_PowerUp                      0x00000949   Thumb Code    34  syscon_8xx.o(i.Chip_SYSCTL_PowerUp)
    Chip_SetupXtalClocking                   0x00000981   Thumb Code   106  sysinit_8xx.o(i.Chip_SetupXtalClocking)
    Chip_UART_Init                           0x000009f5   Thumb Code    68  uart_8xx.o(i.Chip_UART_Init)
    Chip_UART_SetBaud                        0x00000a49   Thumb Code    26  uart_8xx.o(i.Chip_UART_SetBaud)
    SystemCoreClockUpdate                    0x00000b49   Thumb Code    12  clock_8xx.o(i.SystemCoreClockUpdate)
    SystemInit                               0x00000b59   Thumb Code    52  sysinit_8xx.o(i.SystemInit)
    __scatterload_copy                       0x00000b91   Thumb Code    14  handlers.o(i.__scatterload_copy)
    __scatterload_null                       0x00000b9f   Thumb Code     2  handlers.o(i.__scatterload_null)
    __scatterload_zeroinit                   0x00000ba1   Thumb Code    14  handlers.o(i.__scatterload_zeroinit)
    main                                     0x00000c31   Thumb Code   246  main_spi_basic.o(i.main)
    OscRateIn                                0x00000d4c   Data           4  board.o(.constdata)
    ExtRateIn                                0x00000d50   Data           4  board.o(.constdata)
    Region$$Table$$Base                      0x000010e8   Number         0  anon$$obj.o(Region$$Table)
    Region$$Table$$Limit                     0x00001108   Number         0  anon$$obj.o(Region$$Table)
    SystemCoreClock                          0x1000000c   Data           4  clock_8xx.o(.data)
    __initial_sp                             0x100001d0   Data           0  keil_startup_lpc82x.o(STACK)



==============================================================================

Memory Map of the image

  Image Entry point : 0x000000c1

  Load Region LR_IROM1 (Base: 0x00000000, Size: 0x00001118, Max: 0x00008000, ABSOLUTE)

    Execution Region ER_IROM1 (Base: 0x00000000, Size: 0x00001108, Max: 0x00008000, ABSOLUTE)

    Base Addr    Size         Type   Attr      Idx    E Section Name        Object

    0x00000000   0x000000c0   Data   RO          621    RESET               keil_startup_lpc82x.o
    0x000000c0   0x00000000   Code   RO         1143  * .ARM.Collect$$$$00000000  mc_p.l(entry.o)
    0x000000c0   0x00000004   Code   RO         1158    .ARM.Collect$$$$00000001  mc_p.l(entry2.o)
    0x000000c4   0x00000004   Code   RO         1161    .ARM.Collect$$$$00000004  mc_p.l(entry5.o)
    0x000000c8   0x00000000   Code   RO         1163    .ARM.Collect$$$$00000008  mc_p.l(entry7b.o)
    0x000000c8   0x00000000   Code   RO         1165    .ARM.Collect$$$$0000000A  mc_p.l(entry8b.o)
    0x000000c8   0x00000008   Code   RO         1166    .ARM.Collect$$$$0000000B  mc_p.l(entry9a.o)
    0x000000d0   0x00000000   Code   RO         1168    .ARM.Collect$$$$0000000D  mc_p.l(entry10a.o)
    0x000000d0   0x00000000   Code   RO         1170    .ARM.Collect$$$$0000000F  mc_p.l(entry11a.o)
    0x000000d0   0x00000004   Code   RO         1159    .ARM.Collect$$$$00002712  mc_p.l(entry2.o)
    0x000000d4   0x0000001c   Code   RO          623    .text               keil_startup_lpc82x.o
    0x000000f0   0x0000002c   Code   RO         1146    .text               mc_p.l(uidiv.o)
    0x0000011c   0x00000060   Code   RO         1150    .text               mc_p.l(uldiv.o)
    0x0000017c   0x0000007a   Code   RO         1152    .text               mc_p.l(llmul.o)
    0x000001f6   0x00000020   Code   RO         1172    .text               mc_p.l(llshl.o)
    0x00000216   0x00000022   Code   RO         1174    .text               mc_p.l(llushr.o)
    0x00000238   0x00000024   Code   RO         1176    .text               mc_p.l(init.o)
    0x0000025c   0x0000006c   Code   RO          690    i.Board_Debug_Init  board.o
    0x000002c8   0x00000034   Code   RO          694    i.Board_LED_Init    board.o
    0x000002fc   0x00000004   Code   RO          622    .ARM.__at_0x02FC    keil_startup_lpc82x.o
    0x00000300   0x0000003c   Code   RO          691    i.Board_Init        board.o
    0x0000033c   0x00000038   Code   RO          693    i.Board_Key_Init    board.o
    0x00000374   0x00000024   Code   RO          695    i.Board_LED_Set     board.o
    0x00000398   0x00000038   Code   RO          702    i.Board_UART_Init   board.o
    0x000003d0   0x0000001c   Code   RO            3    i.Chip_Clock_DisablePeriphClock  main_spi_basic.o
    0x000003ec   0x0000001c   Code   RO          704    i.Chip_Clock_DisablePeriphClock  board.o
    0x00000408   0x0000001c   Code   RO            4    i.Chip_Clock_EnablePeriphClock  main_spi_basic.o
    0x00000424   0x0000001c   Code   RO          631    i.Chip_Clock_EnablePeriphClock  sysinit_8xx.o
    0x00000440   0x0000001c   Code   RO          705    i.Chip_Clock_EnablePeriphClock  board.o
    0x0000045c   0x0000004c   Code   RO          970    i.Chip_Clock_GetMainClockRate  clock_8xx.o
    0x000004a8   0x0000000e   Code   RO          971    i.Chip_Clock_GetPLLFreq  clock_8xx.o
    0x000004b6   0x00000002   PAD
    0x000004b8   0x0000001c   Code   RO          972    i.Chip_Clock_GetSystemClockRate  clock_8xx.o
    0x000004d4   0x0000004c   Code   RO          973    i.Chip_Clock_GetSystemPLLInClockRate  clock_8xx.o
    0x00000520   0x0000001c   Code   RO          974    i.Chip_Clock_GetSystemPLLOutClockRate  clock_8xx.o
    0x0000053c   0x00000084   Code   RO          975    i.Chip_Clock_GetUSARTNBaseClockRate  clock_8xx.o
    0x000005c0   0x00000020   Code   RO          976    i.Chip_Clock_GetWDTLFORate  clock_8xx.o
    0x000005e0   0x00000014   Code   RO          977    i.Chip_Clock_GetWDTOSCRate  clock_8xx.o
    0x000005f4   0x00000014   Code   RO          980    i.Chip_Clock_SetMainClockSource  clock_8xx.o
    0x00000608   0x00000020   Code   RO          981    i.Chip_Clock_SetPLLBypass  clock_8xx.o
    0x00000628   0x00000014   Code   RO          982    i.Chip_Clock_SetSystemPLLSource  clock_8xx.o
    0x0000063c   0x0000009c   Code   RO          983    i.Chip_Clock_SetUSARTNBaseClockRate  clock_8xx.o
    0x000006d8   0x00000026   Code   RO          706    i.Chip_GPIO_PinSetDIR  board.o
    0x000006fe   0x0000000a   Code   RO          707    i.Chip_GPIO_PinSetState  board.o
    0x00000708   0x00000018   Code   RO          894    i.Chip_IOCON_PinSetI2CMode  ioswm_8xx.o
    0x00000720   0x00000016   Code   RO          896    i.Chip_IOCON_PinSetMode  ioswm_8xx.o
    0x00000736   0x0000000e   Code   RO            5    i.Chip_SPI_ClearCFGRegBits  main_spi_basic.o
    0x00000744   0x00000004   Code   RO          452    i.Chip_SPI_ClearStatus  spi_8xx.o
    0x00000748   0x0000002e   Code   RO          453    i.Chip_SPI_DelayConfig  spi_8xx.o
    0x00000776   0x0000000a   Code   RO          454    i.Chip_SPI_GetStatus  spi_8xx.o
    0x00000780   0x00000080   Code   RO          457    i.Chip_SPI_RWFrames_Blocking  spi_8xx.o
    0x00000800   0x00000016   Code   RO          460    i.Chip_SPI_SendLastFrame  spi_8xx.o
    0x00000816   0x00000006   Code   RO          461    i.Chip_SPI_SendMidFrame  spi_8xx.o
    0x0000081c   0x0000000e   Code   RO            6    i.Chip_SPI_SetCFGRegBits  main_spi_basic.o
    0x0000082a   0x0000000c   Code   RO          462    i.Chip_SPI_SetControlInfo  spi_8xx.o
    0x00000836   0x00000002   PAD
    0x00000838   0x00000018   Code   RO          708    i.Chip_SWM_DisableFixedPin  board.o
    0x00000850   0x0000001c   Code   RO          632    i.Chip_SWM_EnableFixedPin  sysinit_8xx.o
    0x0000086c   0x0000001c   Code   RO          709    i.Chip_SWM_EnableFixedPin  board.o
    0x00000888   0x0000002c   Code   RO          901    i.Chip_SWM_MovablePinAssign  ioswm_8xx.o
    0x000008b4   0x00000038   Code   RO            7    i.Chip_SYSCTL_PeriphReset  main_spi_basic.o
    0x000008ec   0x00000038   Code   RO          221    i.Chip_SYSCTL_PeriphReset  uart_8xx.o
    0x00000924   0x00000024   Code   RO         1107    i.Chip_SYSCTL_PowerDown  syscon_8xx.o
    0x00000948   0x0000002c   Code   RO         1108    i.Chip_SYSCTL_PowerUp  syscon_8xx.o
    0x00000974   0x0000000c   Code   RO          985    i.Chip_SYSCTL_SetUSARTFRGDivider  clock_8xx.o
    0x00000980   0x00000074   Code   RO          634    i.Chip_SetupXtalClocking  sysinit_8xx.o
    0x000009f4   0x00000054   Code   RO          225    i.Chip_UART_Init    uart_8xx.o
    0x00000a48   0x0000001a   Code   RO          235    i.Chip_UART_SetBaud  uart_8xx.o
    0x00000a62   0x00000002   PAD
    0x00000a64   0x00000034   Code   RO          710    i.Init_I2C_PinMux   board.o
    0x00000a98   0x00000030   Code   RO            8    i.Init_SPI_PinMux   main_spi_basic.o
    0x00000ac8   0x00000030   Code   RO          711    i.Init_SPI_PinMux   board.o
    0x00000af8   0x00000018   Code   RO          465    i.SPI_Receive_Data  spi_8xx.o
    0x00000b10   0x00000038   Code   RO          466    i.SPI_Send_Data     spi_8xx.o
    0x00000b48   0x00000010   Code   RO          986    i.SystemCoreClockUpdate  clock_8xx.o
    0x00000b58   0x00000038   Code   RO          635    i.SystemInit        sysinit_8xx.o
    0x00000b90   0x0000000e   Code   RO         1180    i.__scatterload_copy  mc_p.l(handlers.o)
    0x00000b9e   0x00000002   Code   RO         1181    i.__scatterload_null  mc_p.l(handlers.o)
    0x00000ba0   0x0000000e   Code   RO         1182    i.__scatterload_zeroinit  mc_p.l(handlers.o)
    0x00000bae   0x00000002   PAD
    0x00000bb0   0x0000002c   Code   RO            9    i.bufferInit        main_spi_basic.o
    0x00000bdc   0x00000030   Code   RO           10    i.bufferVerify      main_spi_basic.o
    0x00000c0c   0x00000024   Code   RO          237    i.getUARTClockID    uart_8xx.o
    0x00000c30   0x0000010c   Code   RO           11    i.main              main_spi_basic.o
    0x00000d3c   0x00000018   Data   RO          717    .constdata          board.o
    0x00000d54   0x00000394   Data   RO          988    .constdata          clock_8xx.o
    0x000010e8   0x00000020   Data   RO         1178    Region$$Table       anon$$obj.o


    Execution Region RW_IRAM1 (Base: 0x10000000, Size: 0x000001d0, Max: 0x00002000, ABSOLUTE)

    Base Addr    Size         Type   Attr      Idx    E Section Name        Object

    0x10000000   0x00000005   Data   RW           13    .data               main_spi_basic.o
    0x10000005   0x00000003   PAD
    0x10000008   0x00000008   Data   RW          989    .data               clock_8xx.o
    0x10000010   0x00000040   Zero   RW           12    .bss                main_spi_basic.o
    0x10000050   0x00000180   Zero   RW          619    STACK               keil_startup_lpc82x.o


==============================================================================

Image component sizes


      Code (inc. data)   RO Data    RW Data    ZI Data      Debug   Object Name

       624         88         24          0          0      22410   board.o
       662         82        916          8          0      17944   clock_8xx.o
        90          4          0          0          0       5827   ioswm_8xx.o
        32         14        192          0        384        856   keil_startup_lpc82x.o
       548         66          0          5         64      26763   main_spi_basic.o
       308          0          0          0          0      13456   spi_8xx.o
        80         18          0          0          0       1062   syscon_8xx.o
       228         28          0          0          0       9886   sysinit_8xx.o
       202         36          0          0          0       5841   uart_8xx.o

    ----------------------------------------------------------------------
      2780        336       1164         16        448     104045   Object Totals
         0          0         32          0          0          0   (incl. Generated)
         6          0          0          3          0          0   (incl. Padding)

    ----------------------------------------------------------------------

      Code (inc. data)   RO Data    RW Data    ZI Data      Debug   Library Member Name

         0          0          0          0          0          0   entry.o
         0          0          0          0          0          0   entry10a.o
         0          0          0          0          0          0   entry11a.o
         8          4          0          0          0          0   entry2.o
         4          0          0          0          0          0   entry5.o
         0          0          0          0          0          0   entry7b.o
         0          0          0          0          0          0   entry8b.o
         8          4          0          0          0          0   entry9a.o
        30          0          0          0          0          0   handlers.o
        36          8          0          0          0         68   init.o
       122          0          0          0          0         84   llmul.o
        32          0          0          0          0         68   llshl.o
        34          0          0          0          0         68   llushr.o
        44          0          0          0          0         72   uidiv.o
        96          0          0          0          0         84   uldiv.o

    ----------------------------------------------------------------------
       416         16          0          0          0        444   Library Totals
         2          0          0          0          0          0   (incl. Padding)

    ----------------------------------------------------------------------

      Code (inc. data)   RO Data    RW Data    ZI Data      Debug   Library Name

       414         16          0          0          0        444   mc_p.l

    ----------------------------------------------------------------------
       416         16          0          0          0        444   Library Totals

    ----------------------------------------------------------------------

==============================================================================


      Code (inc. data)   RO Data    RW Data    ZI Data      Debug   

      3196        352       1164         16        448     102001   Grand Totals
      3196        352       1164         16        448     102001   ELF Image Totals
      3196        352       1164         16          0          0   ROM Totals

==============================================================================

    Total RO  Size (Code + RO Data)                 4360 (   4.26kB)
    Total RW  Size (RW Data + ZI Data)               464 (   0.45kB)
    Total ROM Size (Code + RO Data + RW Data)       4376 (   4.27kB)

==============================================================================

