Component: ARM Compiler 5.05 update 1 (build 106) Tool: armlink [4d0efa]

==============================================================================

Removing Unused input sections from the image.

    Removing main_dma_uart.o(.rev16_text), (4 bytes).
    Removing main_dma_uart.o(.revsh_text), (4 bytes).
    Removing gpio_8xx.o(.rev16_text), (4 bytes).
    Removing gpio_8xx.o(.revsh_text), (4 bytes).
    Removing uart_8xx.o(.rev16_text), (4 bytes).
    Removing uart_8xx.o(.revsh_text), (4 bytes).
    Removing uart_8xx.o(i.Chip_UART_DeInit), (44 bytes).
    Removing uart_8xx.o(i.Chip_UART_IRQRBHandler), (58 bytes).
    Removing uart_8xx.o(i.Chip_UART_IntDisable), (4 bytes).
    Removing uart_8xx.o(i.Chip_UART_RXIntHandlerRB), (44 bytes).
    Removing uart_8xx.o(i.Chip_UART_Read), (46 bytes).
    Removing uart_8xx.o(i.Chip_UART_ReadBlocking), (46 bytes).
    Removing uart_8xx.o(i.Chip_UART_ReadRB), (22 bytes).
    Removing uart_8xx.o(i.Chip_UART_SendRB), (66 bytes).
    Removing uart_8xx.o(i.Chip_UART_TXIntHandlerRB), (48 bytes).
    Removing ring_buffer.o(.rev16_text), (4 bytes).
    Removing ring_buffer.o(.revsh_text), (4 bytes).
    Removing ring_buffer.o(i.RingBuf_Copy), (22 bytes).
    Removing ring_buffer.o(i.RingBuf_Deinit), (8 bytes).
    Removing ring_buffer.o(i.RingBuf_Free), (46 bytes).
    Removing ring_buffer.o(i.RingBuf_GetFreeBytes), (10 bytes).
    Removing ring_buffer.o(i.RingBuf_GetUsedBytes), (6 bytes).
    Removing ring_buffer.o(i.RingBuf_Init), (16 bytes).
    Removing ring_buffer.o(i.RingBuf_Peek), (56 bytes).
    Removing ring_buffer.o(i.RingBuf_Read), (22 bytes).
    Removing ring_buffer.o(i.RingBuf_Read1Byte), (64 bytes).
    Removing ring_buffer.o(i.RingBuf_Write), (122 bytes).
    Removing ring_buffer.o(i.RingBuf_Write1Byte), (66 bytes).
    Removing ring_buffer.o(i.__get_PRIMASK), (6 bytes).
    Removing ring_buffer.o(i.__set_PRIMASK), (6 bytes).
    Removing ring_buffer.o(i._prvRingBuf_Read), (120 bytes).
    Removing dma_8xx.o(.rev16_text), (4 bytes).
    Removing dma_8xx.o(.revsh_text), (4 bytes).
    Removing dma_8xx.o(i.ChipEz_DMA_AbortChannel), (60 bytes).
    Removing dma_8xx.o(i.ChipEz_DMA_Init), (88 bytes).
    Removing dma_8xx.o(i.ChipEz_DMA_InitChannel), (132 bytes).
    Removing dma_8xx.o(i.ChipEz_DMA_StartTransfer), (76 bytes).
    Removing dma_8xx.o(i.ChipEzr_DMA_Transfer), (72 bytes).
    Removing dma_8xx.o(i.Chip_DMA_GetBusyChannels), (10 bytes).
    Removing keil_startup_lpc82x.o(HEAP), (0 bytes).
    Removing sysinit_8xx.o(.rev16_text), (4 bytes).
    Removing sysinit_8xx.o(.revsh_text), (4 bytes).
    Removing sysinit_8xx.o(i.Chip_SetupXtalClocking), (108 bytes).
    Removing board.o(.rev16_text), (4 bytes).
    Removing board.o(.revsh_text), (4 bytes).
    Removing board.o(i.Board_Key_GetKeyDown), (36 bytes).
    Removing board.o(i.Board_LED_Test), (52 bytes).
    Removing board.o(i.Board_LED_Toggle), (40 bytes).
    Removing board.o(i.Board_UARTGetChar), (40 bytes).
    Removing board.o(i.Board_UARTPutChar), (20 bytes).
    Removing board.o(i.Board_itoa), (124 bytes).
    Removing board.o(i._sys_exit), (6 bytes).
    Removing board.o(i._sys_open), (6 bytes).
    Removing board.o(i.ferror), (8 bytes).
    Removing board.o(i.fgetc), (10 bytes).
    Removing board.o(.conststring), (72 bytes).
    Removing ioswm_8xx.o(.rev16_text), (4 bytes).
    Removing ioswm_8xx.o(.revsh_text), (4 bytes).
    Removing ioswm_8xx.o(i.Chip_IOCON_PinSetClockDivisor), (24 bytes).
    Removing ioswm_8xx.o(i.Chip_IOCON_PinSetHysteresis), (44 bytes).
    Removing ioswm_8xx.o(i.Chip_IOCON_PinSetI2CMode), (24 bytes).
    Removing ioswm_8xx.o(i.Chip_IOCON_PinSetInputInverted), (44 bytes).
    Removing ioswm_8xx.o(i.Chip_IOCON_PinSetMode), (22 bytes).
    Removing ioswm_8xx.o(i.Chip_IOCON_PinSetOpenDrainMode), (46 bytes).
    Removing ioswm_8xx.o(i.Chip_IOCON_PinSetSampleMode), (24 bytes).
    Removing ioswm_8xx.o(i.Chip_IOCON_SetPinMuxing), (36 bytes).
    Removing ioswm_8xx.o(i.Chip_SWM_FixedPinEnable), (64 bytes).
    Removing clock_8xx.o(.rev16_text), (4 bytes).
    Removing clock_8xx.o(.revsh_text), (4 bytes).
    Removing clock_8xx.o(i.Chip_Clock_GetIOCONCLKDIVClockRate), (44 bytes).
    Removing clock_8xx.o(i.Chip_Clock_SetCLKOUTSource), (24 bytes).
    Removing clock_8xx.o(i.Chip_Clock_SetIOCONCLKDIV), (20 bytes).
    Removing clock_8xx.o(i.Chip_Clock_SetPLLBypass), (32 bytes).
    Removing syscon_8xx.o(.rev16_text), (4 bytes).
    Removing syscon_8xx.o(.revsh_text), (4 bytes).
    Removing syscon_8xx.o(i.Chip_SYSCTL_SetDeepSleepPD), (24 bytes).
    Removing syscon_8xx.o(i.Chip_SYSCTL_SetWakeup), (24 bytes).
    Removing dadd.o(.text), (356 bytes).
    Removing dmul.o(.text), (208 bytes).
    Removing ddiv.o(.text), (240 bytes).
    Removing dfixul.o(.text), (64 bytes).
    Removing cdrcmple.o(.text), (40 bytes).
    Removing depilogue.o(.text), (190 bytes).
    Removing depilogue.o(i.__ARM_clz), (46 bytes).

84 unused section(s) (total 3628 bytes) removed from the image.

==============================================================================

Image Symbol Table

    Local Symbols

    Symbol Name                              Value     Ov Type        Size  Object(Section)

    RESET                                    0x00000000   Section      192  keil_startup_lpc82x.o(RESET)
    ../clib/microlib/division.c              0x00000000   Number         0  uldiv.o ABSOLUTE
    ../clib/microlib/division.c              0x00000000   Number         0  idiv.o ABSOLUTE
    ../clib/microlib/division.c              0x00000000   Number         0  uidiv.o ABSOLUTE
    ../clib/microlib/init/entry.s            0x00000000   Number         0  entry10a.o ABSOLUTE
    ../clib/microlib/init/entry.s            0x00000000   Number         0  entry9a.o ABSOLUTE
    ../clib/microlib/init/entry.s            0x00000000   Number         0  entry11b.o ABSOLUTE
    ../clib/microlib/init/entry.s            0x00000000   Number         0  entry11a.o ABSOLUTE
    ../clib/microlib/init/entry.s            0x00000000   Number         0  entry10b.o ABSOLUTE
    ../clib/microlib/init/entry.s            0x00000000   Number         0  entry9b.o ABSOLUTE
    ../clib/microlib/init/entry.s            0x00000000   Number         0  entry8b.o ABSOLUTE
    ../clib/microlib/init/entry.s            0x00000000   Number         0  entry8a.o ABSOLUTE
    ../clib/microlib/init/entry.s            0x00000000   Number         0  entry7b.o ABSOLUTE
    ../clib/microlib/init/entry.s            0x00000000   Number         0  entry7a.o ABSOLUTE
    ../clib/microlib/init/entry.s            0x00000000   Number         0  entry5.o ABSOLUTE
    ../clib/microlib/init/entry.s            0x00000000   Number         0  entry2.o ABSOLUTE
    ../clib/microlib/init/entry.s            0x00000000   Number         0  entry.o ABSOLUTE
    ../clib/microlib/longlong.c              0x00000000   Number         0  llsshr.o ABSOLUTE
    ../clib/microlib/longlong.c              0x00000000   Number         0  llshl.o ABSOLUTE
    ../clib/microlib/longlong.c              0x00000000   Number         0  llushr.o ABSOLUTE
    ../clib/microlib/longlong.c              0x00000000   Number         0  llmul.o ABSOLUTE
    ../clib/microlib/printf/printf.c         0x00000000   Number         0  printfb.o ABSOLUTE
    ../clib/microlib/printf/printf.c         0x00000000   Number         0  printf0.o ABSOLUTE
    ../clib/microlib/printf/printf.c         0x00000000   Number         0  printf1.o ABSOLUTE
    ../clib/microlib/printf/printf.c         0x00000000   Number         0  printf2.o ABSOLUTE
    ../clib/microlib/printf/printf.c         0x00000000   Number         0  printf5.o ABSOLUTE
    ../clib/microlib/printf/printf.c         0x00000000   Number         0  printf6.o ABSOLUTE
    ../clib/microlib/printf/printf.c         0x00000000   Number         0  printf7.o ABSOLUTE
    ../clib/microlib/printf/printf.c         0x00000000   Number         0  printf4.o ABSOLUTE
    ../clib/microlib/printf/printf.c         0x00000000   Number         0  printf8.o ABSOLUTE
    ../clib/microlib/printf/printf.c         0x00000000   Number         0  printfa.o ABSOLUTE
    ../clib/microlib/printf/printf.c         0x00000000   Number         0  printf3.o ABSOLUTE
    ../clib/microlib/printf/stubs.s          0x00000000   Number         0  stubs.o ABSOLUTE
    ../clib/microlib/string/memcpy.c         0x00000000   Number         0  memcpyb.o ABSOLUTE
    ../clib/microlib/string/memcpy.c         0x00000000   Number         0  memcpya.o ABSOLUTE
    ../clib/microlib/string/strlen.c         0x00000000   Number         0  strlen.o ABSOLUTE
    ../clib/microlib/stubs.s                 0x00000000   Number         0  iusefp.o ABSOLUTE
    ../fplib/microlib/fpadd.c                0x00000000   Number         0  dadd.o ABSOLUTE
    ../fplib/microlib/fpdiv.c                0x00000000   Number         0  ddiv.o ABSOLUTE
    ../fplib/microlib/fpepilogue.c           0x00000000   Number         0  depilogue.o ABSOLUTE
    ../fplib/microlib/fpfix.c                0x00000000   Number         0  dfixul.o ABSOLUTE
    ../fplib/microlib/fpmul.c                0x00000000   Number         0  dmul.o ABSOLUTE
    ..\..\..\common\board\board.c            0x00000000   Number         0  board.o ABSOLUTE
    ..\..\..\common\chip\clock_8xx.c         0x00000000   Number         0  clock_8xx.o ABSOLUTE
    ..\..\..\common\chip\ioswm_8xx.c         0x00000000   Number         0  ioswm_8xx.o ABSOLUTE
    ..\..\..\common\chip\syscon_8xx.c        0x00000000   Number         0  syscon_8xx.o ABSOLUTE
    ..\..\..\common\chip\sysinit_8xx.c       0x00000000   Number         0  sysinit_8xx.o ABSOLUTE
    ..\..\..\common\startup\keil_startup_lpc82x.s 0x00000000   Number         0  keil_startup_lpc82x.o ABSOLUTE
    ..\..\..\peri_driver\dma\dma_8xx.c       0x00000000   Number         0  dma_8xx.o ABSOLUTE
    ..\..\..\peri_driver\gpio\gpio_8xx.c     0x00000000   Number         0  gpio_8xx.o ABSOLUTE
    ..\..\..\peri_driver\uart\ring_buffer.c  0x00000000   Number         0  ring_buffer.o ABSOLUTE
    ..\..\..\peri_driver\uart\uart_8xx.c     0x00000000   Number         0  uart_8xx.o ABSOLUTE
    ..\\..\\..\\common\\board\\board.c       0x00000000   Number         0  board.o ABSOLUTE
    ..\\..\\..\\common\\chip\\clock_8xx.c    0x00000000   Number         0  clock_8xx.o ABSOLUTE
    ..\\..\\..\\common\\chip\\ioswm_8xx.c    0x00000000   Number         0  ioswm_8xx.o ABSOLUTE
    ..\\..\\..\\common\\chip\\syscon_8xx.c   0x00000000   Number         0  syscon_8xx.o ABSOLUTE
    ..\\..\\..\\common\\chip\\sysinit_8xx.c  0x00000000   Number         0  sysinit_8xx.o ABSOLUTE
    ..\\..\\..\\peri_driver\\dma\\dma_8xx.c  0x00000000   Number         0  dma_8xx.o ABSOLUTE
    ..\\..\\..\\peri_driver\\gpio\\gpio_8xx.c 0x00000000   Number         0  gpio_8xx.o ABSOLUTE
    ..\\..\\..\\peri_driver\\uart\\ring_buffer.c 0x00000000   Number         0  ring_buffer.o ABSOLUTE
    ..\\..\\..\\peri_driver\\uart\\uart_8xx.c 0x00000000   Number         0  uart_8xx.o ABSOLUTE
    cdrcmple.s                               0x00000000   Number         0  cdrcmple.o ABSOLUTE
    dc.s                                     0x00000000   Number         0  dc.o ABSOLUTE
    handlers.s                               0x00000000   Number         0  handlers.o ABSOLUTE
    init.s                                   0x00000000   Number         0  init.o ABSOLUTE
    main_dma_uart.c                          0x00000000   Number         0  main_dma_uart.o ABSOLUTE
    main_dma_uart.c                          0x00000000   Number         0  main_dma_uart.o ABSOLUTE
    .ARM.Collect$$$$00000000                 0x000000c0   Section        0  entry.o(.ARM.Collect$$$$00000000)
    .ARM.Collect$$$$00000001                 0x000000c0   Section        4  entry2.o(.ARM.Collect$$$$00000001)
    .ARM.Collect$$$$00000004                 0x000000c4   Section        4  entry5.o(.ARM.Collect$$$$00000004)
    .ARM.Collect$$$$00000008                 0x000000c8   Section        0  entry7b.o(.ARM.Collect$$$$00000008)
    .ARM.Collect$$$$0000000A                 0x000000c8   Section        0  entry8b.o(.ARM.Collect$$$$0000000A)
    .ARM.Collect$$$$0000000B                 0x000000c8   Section        8  entry9a.o(.ARM.Collect$$$$0000000B)
    .ARM.Collect$$$$0000000D                 0x000000d0   Section        0  entry10a.o(.ARM.Collect$$$$0000000D)
    .ARM.Collect$$$$0000000F                 0x000000d0   Section        0  entry11a.o(.ARM.Collect$$$$0000000F)
    .ARM.Collect$$$$00002712                 0x000000d0   Section        4  entry2.o(.ARM.Collect$$$$00002712)
    __lit__00000000                          0x000000d0   Data           4  entry2.o(.ARM.Collect$$$$00002712)
    .text                                    0x000000d4   Section       28  keil_startup_lpc82x.o(.text)
    .text                                    0x000000f0   Section        0  uidiv.o(.text)
    .text                                    0x0000011c   Section        0  uldiv.o(.text)
    .text                                    0x0000017c   Section        0  llmul.o(.text)
    .text                                    0x000001f6   Section        0  memcpya.o(.text)
    .text                                    0x0000021a   Section        0  strlen.o(.text)
    .text                                    0x00000228   Section        0  llshl.o(.text)
    .text                                    0x00000248   Section        0  llushr.o(.text)
    .text                                    0x0000026c   Section       36  init.o(.text)
    i.Board_Debug_Init                       0x00000290   Section        0  board.o(i.Board_Debug_Init)
    .ARM.__at_0x02FC                         0x000002fc   Section        4  keil_startup_lpc82x.o(.ARM.__at_0x02FC)
    i.Board_Init                             0x00000300   Section        0  board.o(i.Board_Init)
    i.Board_Key_Init                         0x00000334   Section        0  board.o(i.Board_Key_Init)
    Board_Key_Init                           0x00000335   Thumb Code    42  board.o(i.Board_Key_Init)
    i.Board_LED_Init                         0x0000036c   Section        0  board.o(i.Board_LED_Init)
    Board_LED_Init                           0x0000036d   Thumb Code    46  board.o(i.Board_LED_Init)
    i.Board_LED_Set                          0x000003a0   Section        0  board.o(i.Board_LED_Set)
    i.Board_UARTPutSTR                       0x000003c4   Section        0  board.o(i.Board_UARTPutSTR)
    i.Board_UARTPutTextChar                  0x000003dc   Section        0  board.o(i.Board_UARTPutTextChar)
    i.Board_UART_Init                        0x00000424   Section        0  board.o(i.Board_UART_Init)
    Board_UART_Init                          0x00000425   Thumb Code    86  board.o(i.Board_UART_Init)
    i.Chip_Clock_EnablePeriphClock           0x00000484   Section        0  main_dma_uart.o(i.Chip_Clock_EnablePeriphClock)
    Chip_Clock_EnablePeriphClock             0x00000485   Thumb Code    20  main_dma_uart.o(i.Chip_Clock_EnablePeriphClock)
    i.Chip_Clock_GetMainClockRate            0x000004a0   Section        0  clock_8xx.o(i.Chip_Clock_GetMainClockRate)
    i.Chip_Clock_GetPLLFreq                  0x000004ec   Section        0  clock_8xx.o(i.Chip_Clock_GetPLLFreq)
    Chip_Clock_GetPLLFreq                    0x000004ed   Thumb Code    14  clock_8xx.o(i.Chip_Clock_GetPLLFreq)
    i.Chip_Clock_GetSystemClockRate          0x000004fc   Section        0  clock_8xx.o(i.Chip_Clock_GetSystemClockRate)
    i.Chip_Clock_GetSystemPLLInClockRate     0x00000518   Section        0  clock_8xx.o(i.Chip_Clock_GetSystemPLLInClockRate)
    i.Chip_Clock_GetSystemPLLOutClockRate    0x00000564   Section        0  clock_8xx.o(i.Chip_Clock_GetSystemPLLOutClockRate)
    i.Chip_Clock_GetUSARTNBaseClockRate      0x00000580   Section        0  clock_8xx.o(i.Chip_Clock_GetUSARTNBaseClockRate)
    i.Chip_Clock_GetWDTLFORate               0x00000604   Section        0  clock_8xx.o(i.Chip_Clock_GetWDTLFORate)
    Chip_Clock_GetWDTLFORate                 0x00000605   Thumb Code    28  clock_8xx.o(i.Chip_Clock_GetWDTLFORate)
    i.Chip_Clock_GetWDTOSCRate               0x00000624   Section        0  clock_8xx.o(i.Chip_Clock_GetWDTOSCRate)
    i.Chip_Clock_SetMainClockSource          0x00000638   Section        0  clock_8xx.o(i.Chip_Clock_SetMainClockSource)
    i.Chip_Clock_SetSystemPLLSource          0x0000064c   Section        0  clock_8xx.o(i.Chip_Clock_SetSystemPLLSource)
    i.Chip_Clock_SetUSARTNBaseClockRate      0x00000660   Section        0  clock_8xx.o(i.Chip_Clock_SetUSARTNBaseClockRate)
    i.Chip_DMA_ClearActiveIntAChannel        0x000006fc   Section        0  main_dma_uart.o(i.Chip_DMA_ClearActiveIntAChannel)
    Chip_DMA_ClearActiveIntAChannel          0x000006fd   Thumb Code     8  main_dma_uart.o(i.Chip_DMA_ClearActiveIntAChannel)
    i.Chip_DMA_EnableChannel                 0x00000704   Section        0  main_dma_uart.o(i.Chip_DMA_EnableChannel)
    Chip_DMA_EnableChannel                   0x00000705   Thumb Code     8  main_dma_uart.o(i.Chip_DMA_EnableChannel)
    i.Chip_DMA_EnableIntChannel              0x0000070c   Section        0  main_dma_uart.o(i.Chip_DMA_EnableIntChannel)
    Chip_DMA_EnableIntChannel                0x0000070d   Thumb Code     8  main_dma_uart.o(i.Chip_DMA_EnableIntChannel)
    i.Chip_DMA_SetValidChannel               0x00000714   Section        0  main_dma_uart.o(i.Chip_DMA_SetValidChannel)
    Chip_DMA_SetValidChannel                 0x00000715   Thumb Code     8  main_dma_uart.o(i.Chip_DMA_SetValidChannel)
    i.Chip_DMA_SetupChannelConfig            0x0000071c   Section        0  main_dma_uart.o(i.Chip_DMA_SetupChannelConfig)
    Chip_DMA_SetupChannelConfig              0x0000071d   Thumb Code    14  main_dma_uart.o(i.Chip_DMA_SetupChannelConfig)
    i.Chip_DMA_SetupChannelTransfer          0x0000072a   Section        0  main_dma_uart.o(i.Chip_DMA_SetupChannelTransfer)
    Chip_DMA_SetupChannelTransfer            0x0000072b   Thumb Code    16  main_dma_uart.o(i.Chip_DMA_SetupChannelTransfer)
    i.Chip_DMA_SetupTranChannel              0x0000073a   Section        0  main_dma_uart.o(i.Chip_DMA_SetupTranChannel)
    Chip_DMA_SetupTranChannel                0x0000073b   Thumb Code    54  main_dma_uart.o(i.Chip_DMA_SetupTranChannel)
    i.Chip_GPIO_PinSetDIR                    0x00000770   Section        0  board.o(i.Chip_GPIO_PinSetDIR)
    Chip_GPIO_PinSetDIR                      0x00000771   Thumb Code    38  board.o(i.Chip_GPIO_PinSetDIR)
    i.Chip_GPIO_PinSetState                  0x00000796   Section        0  board.o(i.Chip_GPIO_PinSetState)
    Chip_GPIO_PinSetState                    0x00000797   Thumb Code    10  board.o(i.Chip_GPIO_PinSetState)
    i.Chip_IRC_SetFreq                       0x000007a0   Section        0  clock_8xx.o(i.Chip_IRC_SetFreq)
    i.Chip_SWM_DisableFixedPin               0x00000828   Section        0  main_dma_uart.o(i.Chip_SWM_DisableFixedPin)
    Chip_SWM_DisableFixedPin                 0x00000829   Thumb Code    20  main_dma_uart.o(i.Chip_SWM_DisableFixedPin)
    i.Chip_SWM_DisableFixedPin               0x00000840   Section        0  board.o(i.Chip_SWM_DisableFixedPin)
    Chip_SWM_DisableFixedPin                 0x00000841   Thumb Code    20  board.o(i.Chip_SWM_DisableFixedPin)
    i.Chip_SWM_MovablePinAssign              0x00000858   Section        0  ioswm_8xx.o(i.Chip_SWM_MovablePinAssign)
    i.Chip_SYSCTL_PeriphReset                0x00000884   Section        0  uart_8xx.o(i.Chip_SYSCTL_PeriphReset)
    Chip_SYSCTL_PeriphReset                  0x00000885   Thumb Code    46  uart_8xx.o(i.Chip_SYSCTL_PeriphReset)
    i.Chip_SYSCTL_PowerDown                  0x000008bc   Section        0  syscon_8xx.o(i.Chip_SYSCTL_PowerDown)
    i.Chip_SYSCTL_PowerUp                    0x000008e0   Section        0  syscon_8xx.o(i.Chip_SYSCTL_PowerUp)
    i.Chip_SYSCTL_SetUSARTFRGDivider         0x0000090c   Section        0  clock_8xx.o(i.Chip_SYSCTL_SetUSARTFRGDivider)
    Chip_SYSCTL_SetUSARTFRGDivider           0x0000090d   Thumb Code     6  clock_8xx.o(i.Chip_SYSCTL_SetUSARTFRGDivider)
    i.Chip_SetupIrcClocking                  0x00000918   Section        0  sysinit_8xx.o(i.Chip_SetupIrcClocking)
    i.Chip_UART_GetStatus                    0x00000928   Section        0  uart_8xx.o(i.Chip_UART_GetStatus)
    Chip_UART_GetStatus                      0x00000929   Thumb Code    10  uart_8xx.o(i.Chip_UART_GetStatus)
    i.Chip_UART_Init                         0x00000938   Section        0  uart_8xx.o(i.Chip_UART_Init)
    i.Chip_UART_Send                         0x0000098c   Section        0  uart_8xx.o(i.Chip_UART_Send)
    i.Chip_UART_SendBlocking                 0x000009ba   Section        0  uart_8xx.o(i.Chip_UART_SendBlocking)
    i.Chip_UART_SendByte                     0x000009e8   Section        0  uart_8xx.o(i.Chip_UART_SendByte)
    Chip_UART_SendByte                       0x000009e9   Thumb Code     4  uart_8xx.o(i.Chip_UART_SendByte)
    i.Chip_UART_SetBaud                      0x000009ec   Section        0  uart_8xx.o(i.Chip_UART_SetBaud)
    i.DMA_IRQHandler                         0x00000a08   Section        0  main_dma_uart.o(i.DMA_IRQHandler)
    i.Init_UART_PinMux                       0x00000ad8   Section        0  main_dma_uart.o(i.Init_UART_PinMux)
    Init_UART_PinMux                         0x00000ad9   Thumb Code    84  main_dma_uart.o(i.Init_UART_PinMux)
    i.NVIC_EnableIRQ                         0x00000b34   Section        0  main_dma_uart.o(i.NVIC_EnableIRQ)
    NVIC_EnableIRQ                           0x00000b35   Thumb Code    14  main_dma_uart.o(i.NVIC_EnableIRQ)
    i.SystemCoreClockUpdate                  0x00000b48   Section        0  clock_8xx.o(i.SystemCoreClockUpdate)
    i.SystemInit                             0x00000b58   Section        0  sysinit_8xx.o(i.SystemInit)
    i.__0printf$5                            0x00000b80   Section        0  printf5.o(i.__0printf$5)
    i.__0sprintf$5                           0x00000ba0   Section        0  printf5.o(i.__0sprintf$5)
    i.__scatterload_copy                     0x00000bc8   Section       14  handlers.o(i.__scatterload_copy)
    i.__scatterload_null                     0x00000bd6   Section        2  handlers.o(i.__scatterload_null)
    i.__scatterload_zeroinit                 0x00000bd8   Section       14  handlers.o(i.__scatterload_zeroinit)
    i._printf_core                           0x00000be8   Section        0  printf5.o(i._printf_core)
    _printf_core                             0x00000be9   Thumb Code   688  printf5.o(i._printf_core)
    i._sputc                                 0x00000ec4   Section        0  printf5.o(i._sputc)
    _sputc                                   0x00000ec5   Thumb Code    10  printf5.o(i._sputc)
    i.checkRxData                            0x00000ed0   Section        0  main_dma_uart.o(i.checkRxData)
    checkRxData                              0x00000ed1   Thumb Code    66  main_dma_uart.o(i.checkRxData)
    i.dmaClearChannel                        0x00000f20   Section        0  main_dma_uart.o(i.dmaClearChannel)
    dmaClearChannel                          0x00000f21   Thumb Code    52  main_dma_uart.o(i.dmaClearChannel)
    i.dmaRXQueue                             0x00000f58   Section        0  main_dma_uart.o(i.dmaRXQueue)
    dmaRXQueue                               0x00000f59   Thumb Code   142  main_dma_uart.o(i.dmaRXQueue)
    i.dmaRXSetup                             0x00001000   Section        0  main_dma_uart.o(i.dmaRXSetup)
    dmaRXSetup                               0x00001001   Thumb Code    30  main_dma_uart.o(i.dmaRXSetup)
    i.dmaTXSend                              0x00001028   Section        0  main_dma_uart.o(i.dmaTXSend)
    dmaTXSend                                0x00001029   Thumb Code   184  main_dma_uart.o(i.dmaTXSend)
    i.dmaTXSetup                             0x000010fc   Section        0  main_dma_uart.o(i.dmaTXSetup)
    dmaTXSetup                               0x000010fd   Thumb Code    36  main_dma_uart.o(i.dmaTXSetup)
    i.fputc                                  0x0000112c   Section        0  board.o(i.fputc)
    i.getUARTClockID                         0x00001140   Section        0  uart_8xx.o(i.getUARTClockID)
    getUARTClockID                           0x00001141   Thumb Code    26  uart_8xx.o(i.getUARTClockID)
    i.main                                   0x00001164   Section        0  main_dma_uart.o(i.main)
    i.pll_config                             0x00001310   Section        0  clock_8xx.o(i.pll_config)
    pll_config                               0x00001311   Thumb Code   106  clock_8xx.o(i.pll_config)
    .constdata                               0x00001384   Section       20  board.o(.constdata)
    ledBits                                  0x00001384   Data           8  board.o(.constdata)
    cs_keyBits                               0x0000138c   Data           2  board.o(.constdata)
    cs_keyIoConNdce                          0x0000138e   Data           2  board.o(.constdata)
    .constdata                               0x00001398   Section      916  clock_8xx.o(.constdata)
    wdtOSCRate                               0x00001398   Data          64  clock_8xx.o(.constdata)
    config_tab                               0x000013d8   Data         852  clock_8xx.o(.constdata)
    .data                                    0x10000000   Section       13  main_dma_uart.o(.data)
    nextTXDesc                               0x10000000   Data           4  main_dma_uart.o(.data)
    countTXDescUsed                          0x10000004   Data           4  main_dma_uart.o(.data)
    uartRXBuff                               0x10000008   Data           4  main_dma_uart.o(.data)
    uartRxAvail                              0x1000000c   Data           1  main_dma_uart.o(.data)
    .data                                    0x10000010   Section       13  board.o(.data)
    prevChar                                 0x1000001c   Data           1  board.o(.data)
    .data                                    0x10000020   Section        8  clock_8xx.o(.data)
    config_tab_idx                           0x10000020   Data           2  clock_8xx.o(.data)
    .bss                                     0x10000030   Section      416  main_dma_uart.o(.bss)
    dmaSendStr                               0x10000030   Data         192  main_dma_uart.o(.bss)
    dmaRXBuffs                               0x100000f0   Data          32  main_dma_uart.o(.bss)
    dmaTXDesc                                0x10000110   Data         128  main_dma_uart.o(.bss)
    dmaRXDesc                                0x10000190   Data          64  main_dma_uart.o(.bss)
    .bss                                     0x10000200   Section      288  dma_8xx.o(.bss)
    STACK                                    0x10000320   Section      384  keil_startup_lpc82x.o(STACK)

    Global Symbols

    Symbol Name                              Value     Ov Type        Size  Object(Section)

    BuildAttributes$$THM_ISAv3M$S$PE$A:L22$X:L11$S22$IEEE1$IW$USESV6$~STKCKD$USESV7$~SHL$OSPACE$ROPI$EBA8$MICROLIB$REQ8$PRES8$EABIv2 0x00000000   Number         0  anon$$obj.o ABSOLUTE
    __ARM_use_no_argv                        0x00000000   Number         0  main_dma_uart.o ABSOLUTE
    __Vectors                                0x00000000   Data           4  keil_startup_lpc82x.o(RESET)
    _printf_a                                0x00000000   Number         0  stubs.o ABSOLUTE
    _printf_c                                0x00000000   Number         0  stubs.o ABSOLUTE
    _printf_charcount                        0x00000000   Number         0  stubs.o ABSOLUTE
    _printf_d                                0x00000000   Number         0  stubs.o ABSOLUTE
    _printf_e                                0x00000000   Number         0  stubs.o ABSOLUTE
    _printf_f                                0x00000000   Number         0  stubs.o ABSOLUTE
    _printf_flags                            0x00000000   Number         0  stubs.o ABSOLUTE
    _printf_fp_dec                           0x00000000   Number         0  stubs.o ABSOLUTE
    _printf_fp_hex                           0x00000000   Number         0  stubs.o ABSOLUTE
    _printf_g                                0x00000000   Number         0  stubs.o ABSOLUTE
    _printf_i                                0x00000000   Number         0  stubs.o ABSOLUTE
    _printf_int_dec                          0x00000000   Number         0  stubs.o ABSOLUTE
    _printf_l                                0x00000000   Number         0  stubs.o ABSOLUTE
    _printf_lc                               0x00000000   Number         0  stubs.o ABSOLUTE
    _printf_ll                               0x00000000   Number         0  stubs.o ABSOLUTE
    _printf_lld                              0x00000000   Number         0  stubs.o ABSOLUTE
    _printf_lli                              0x00000000   Number         0  stubs.o ABSOLUTE
    _printf_llo                              0x00000000   Number         0  stubs.o ABSOLUTE
    _printf_llu                              0x00000000   Number         0  stubs.o ABSOLUTE
    _printf_llx                              0x00000000   Number         0  stubs.o ABSOLUTE
    _printf_longlong_dec                     0x00000000   Number         0  stubs.o ABSOLUTE
    _printf_longlong_hex                     0x00000000   Number         0  stubs.o ABSOLUTE
    _printf_longlong_oct                     0x00000000   Number         0  stubs.o ABSOLUTE
    _printf_ls                               0x00000000   Number         0  stubs.o ABSOLUTE
    _printf_mbtowc                           0x00000000   Number         0  stubs.o ABSOLUTE
    _printf_n                                0x00000000   Number         0  stubs.o ABSOLUTE
    _printf_o                                0x00000000   Number         0  stubs.o ABSOLUTE
    _printf_p                                0x00000000   Number         0  stubs.o ABSOLUTE
    _printf_percent                          0x00000000   Number         0  stubs.o ABSOLUTE
    _printf_pre_padding                      0x00000000   Number         0  stubs.o ABSOLUTE
    _printf_return_value                     0x00000000   Number         0  stubs.o ABSOLUTE
    _printf_s                                0x00000000   Number         0  stubs.o ABSOLUTE
    _printf_sizespec                         0x00000000   Number         0  stubs.o ABSOLUTE
    _printf_str                              0x00000000   Number         0  stubs.o ABSOLUTE
    _printf_truncate_signed                  0x00000000   Number         0  stubs.o ABSOLUTE
    _printf_truncate_unsigned                0x00000000   Number         0  stubs.o ABSOLUTE
    _printf_u                                0x00000000   Number         0  stubs.o ABSOLUTE
    _printf_wc                               0x00000000   Number         0  stubs.o ABSOLUTE
    _printf_wctomb                           0x00000000   Number         0  stubs.o ABSOLUTE
    _printf_widthprec                        0x00000000   Number         0  stubs.o ABSOLUTE
    _printf_x                                0x00000000   Number         0  stubs.o ABSOLUTE
    __cpp_initialize__aeabi_                  - Undefined Weak Reference
    __cxa_finalize                            - Undefined Weak Reference
    __decompress                              - Undefined Weak Reference
    _clock_init                               - Undefined Weak Reference
    _microlib_exit                            - Undefined Weak Reference
    __main                                   0x000000c1   Thumb Code     0  entry.o(.ARM.Collect$$$$00000000)
    _main_stk                                0x000000c1   Thumb Code     0  entry2.o(.ARM.Collect$$$$00000001)
    _main_scatterload                        0x000000c5   Thumb Code     0  entry5.o(.ARM.Collect$$$$00000004)
    __main_after_scatterload                 0x000000c9   Thumb Code     0  entry5.o(.ARM.Collect$$$$00000004)
    _main_clock                              0x000000c9   Thumb Code     0  entry7b.o(.ARM.Collect$$$$00000008)
    _main_cpp_init                           0x000000c9   Thumb Code     0  entry8b.o(.ARM.Collect$$$$0000000A)
    _main_init                               0x000000c9   Thumb Code     0  entry9a.o(.ARM.Collect$$$$0000000B)
    __rt_final_cpp                           0x000000d1   Thumb Code     0  entry10a.o(.ARM.Collect$$$$0000000D)
    __rt_final_exit                          0x000000d1   Thumb Code     0  entry11a.o(.ARM.Collect$$$$0000000F)
    Reset_Handler                            0x000000d5   Thumb Code     8  keil_startup_lpc82x.o(.text)
    HardFault_Handler                        0x000000dd   Thumb Code     2  keil_startup_lpc82x.o(.text)
    SVC_Handler                              0x000000df   Thumb Code     2  keil_startup_lpc82x.o(.text)
    PendSV_Handler                           0x000000e1   Thumb Code     2  keil_startup_lpc82x.o(.text)
    SysTick_Handler                          0x000000e3   Thumb Code     2  keil_startup_lpc82x.o(.text)
    ADC_OVR_IRQHandler                       0x000000e5   Thumb Code     0  keil_startup_lpc82x.o(.text)
    ADC_SEQA_IRQHandler                      0x000000e5   Thumb Code     0  keil_startup_lpc82x.o(.text)
    ADC_SEQB_IRQHanlder                      0x000000e5   Thumb Code     0  keil_startup_lpc82x.o(.text)
    ADC_THCMP_IRQHandler                     0x000000e5   Thumb Code     0  keil_startup_lpc82x.o(.text)
    BOD_IRQHandler                           0x000000e5   Thumb Code     0  keil_startup_lpc82x.o(.text)
    CMP_IRQHandler                           0x000000e5   Thumb Code     0  keil_startup_lpc82x.o(.text)
    FLASH_IRQHandler                         0x000000e5   Thumb Code     0  keil_startup_lpc82x.o(.text)
    I2C0_IRQHandler                          0x000000e5   Thumb Code     0  keil_startup_lpc82x.o(.text)
    I2C1_IRQHandler                          0x000000e5   Thumb Code     0  keil_startup_lpc82x.o(.text)
    I2C2_IRQHandler                          0x000000e5   Thumb Code     0  keil_startup_lpc82x.o(.text)
    I2C3_IRQHandler                          0x000000e5   Thumb Code     0  keil_startup_lpc82x.o(.text)
    MRT_IRQHandler                           0x000000e5   Thumb Code     0  keil_startup_lpc82x.o(.text)
    NMI_Handler                              0x000000e5   Thumb Code     0  keil_startup_lpc82x.o(.text)
    PIN_INT0_IRQHandler                      0x000000e5   Thumb Code     0  keil_startup_lpc82x.o(.text)
    PIN_INT1_IRQHandler                      0x000000e5   Thumb Code     0  keil_startup_lpc82x.o(.text)
    PIN_INT2_IRQHandler                      0x000000e5   Thumb Code     0  keil_startup_lpc82x.o(.text)
    PIN_INT3_IRQHandler                      0x000000e5   Thumb Code     0  keil_startup_lpc82x.o(.text)
    PIN_INT4_IRQHandler                      0x000000e5   Thumb Code     0  keil_startup_lpc82x.o(.text)
    PIN_INT5_IRQHandler                      0x000000e5   Thumb Code     0  keil_startup_lpc82x.o(.text)
    PIN_INT6_IRQHandler                      0x000000e5   Thumb Code     0  keil_startup_lpc82x.o(.text)
    PIN_INT7_IRQHandler                      0x000000e5   Thumb Code     0  keil_startup_lpc82x.o(.text)
    SCT_IRQHandler                           0x000000e5   Thumb Code     0  keil_startup_lpc82x.o(.text)
    SPI0_IRQHandler                          0x000000e5   Thumb Code     0  keil_startup_lpc82x.o(.text)
    SPI1_IRQHandler                          0x000000e5   Thumb Code     0  keil_startup_lpc82x.o(.text)
    UART0_IRQHandler                         0x000000e5   Thumb Code     0  keil_startup_lpc82x.o(.text)
    UART1_IRQHandler                         0x000000e5   Thumb Code     0  keil_startup_lpc82x.o(.text)
    UART2_IRQHandler                         0x000000e5   Thumb Code     0  keil_startup_lpc82x.o(.text)
    WDT_IRQHandler                           0x000000e5   Thumb Code     0  keil_startup_lpc82x.o(.text)
    WKT_IRQHandler                           0x000000e5   Thumb Code     0  keil_startup_lpc82x.o(.text)
    __aeabi_uidiv                            0x000000f1   Thumb Code     0  uidiv.o(.text)
    __aeabi_uidivmod                         0x000000f1   Thumb Code    44  uidiv.o(.text)
    __aeabi_uldivmod                         0x0000011d   Thumb Code    96  uldiv.o(.text)
    __aeabi_lmul                             0x0000017d   Thumb Code   122  llmul.o(.text)
    _ll_mul                                  0x0000017d   Thumb Code     0  llmul.o(.text)
    __aeabi_memcpy                           0x000001f7   Thumb Code    36  memcpya.o(.text)
    __aeabi_memcpy4                          0x000001f7   Thumb Code     0  memcpya.o(.text)
    __aeabi_memcpy8                          0x000001f7   Thumb Code     0  memcpya.o(.text)
    strlen                                   0x0000021b   Thumb Code    14  strlen.o(.text)
    __aeabi_llsl                             0x00000229   Thumb Code    32  llshl.o(.text)
    _ll_shift_l                              0x00000229   Thumb Code     0  llshl.o(.text)
    __aeabi_llsr                             0x00000249   Thumb Code    34  llushr.o(.text)
    _ll_ushift_r                             0x00000249   Thumb Code     0  llushr.o(.text)
    __scatterload                            0x0000026d   Thumb Code    28  init.o(.text)
    __scatterload_rt2                        0x0000026d   Thumb Code     0  init.o(.text)
    Board_Debug_Init                         0x00000291   Thumb Code    92  board.o(i.Board_Debug_Init)
    Board_Init                               0x00000301   Thumb Code    38  board.o(i.Board_Init)
    Board_LED_Set                            0x000003a1   Thumb Code    32  board.o(i.Board_LED_Set)
    Board_UARTPutSTR                         0x000003c5   Thumb Code    22  board.o(i.Board_UARTPutSTR)
    Board_UARTPutTextChar                    0x000003dd   Thumb Code    64  board.o(i.Board_UARTPutTextChar)
    Chip_Clock_GetMainClockRate              0x000004a1   Thumb Code    68  clock_8xx.o(i.Chip_Clock_GetMainClockRate)
    Chip_Clock_GetSystemClockRate            0x000004fd   Thumb Code    22  clock_8xx.o(i.Chip_Clock_GetSystemClockRate)
    Chip_Clock_GetSystemPLLInClockRate       0x00000519   Thumb Code    58  clock_8xx.o(i.Chip_Clock_GetSystemPLLInClockRate)
    Chip_Clock_GetSystemPLLOutClockRate      0x00000565   Thumb Code    24  clock_8xx.o(i.Chip_Clock_GetSystemPLLOutClockRate)
    Chip_Clock_GetUSARTNBaseClockRate        0x00000581   Thumb Code   126  clock_8xx.o(i.Chip_Clock_GetUSARTNBaseClockRate)
    Chip_Clock_GetWDTOSCRate                 0x00000625   Thumb Code    16  clock_8xx.o(i.Chip_Clock_GetWDTOSCRate)
    Chip_Clock_SetMainClockSource            0x00000639   Thumb Code    16  clock_8xx.o(i.Chip_Clock_SetMainClockSource)
    Chip_Clock_SetSystemPLLSource            0x0000064d   Thumb Code    16  clock_8xx.o(i.Chip_Clock_SetSystemPLLSource)
    Chip_Clock_SetUSARTNBaseClockRate        0x00000661   Thumb Code   148  clock_8xx.o(i.Chip_Clock_SetUSARTNBaseClockRate)
    Chip_IRC_SetFreq                         0x000007a1   Thumb Code   122  clock_8xx.o(i.Chip_IRC_SetFreq)
    Chip_SWM_MovablePinAssign                0x00000859   Thumb Code    40  ioswm_8xx.o(i.Chip_SWM_MovablePinAssign)
    Chip_SYSCTL_PowerDown                    0x000008bd   Thumb Code    28  syscon_8xx.o(i.Chip_SYSCTL_PowerDown)
    Chip_SYSCTL_PowerUp                      0x000008e1   Thumb Code    34  syscon_8xx.o(i.Chip_SYSCTL_PowerUp)
    Chip_SetupIrcClocking                    0x00000919   Thumb Code    12  sysinit_8xx.o(i.Chip_SetupIrcClocking)
    Chip_UART_Init                           0x00000939   Thumb Code    68  uart_8xx.o(i.Chip_UART_Init)
    Chip_UART_Send                           0x0000098d   Thumb Code    46  uart_8xx.o(i.Chip_UART_Send)
    Chip_UART_SendBlocking                   0x000009bb   Thumb Code    46  uart_8xx.o(i.Chip_UART_SendBlocking)
    Chip_UART_SetBaud                        0x000009ed   Thumb Code    26  uart_8xx.o(i.Chip_UART_SetBaud)
    DMA_IRQHandler                           0x00000a09   Thumb Code   186  main_dma_uart.o(i.DMA_IRQHandler)
    SystemCoreClockUpdate                    0x00000b49   Thumb Code    12  clock_8xx.o(i.SystemCoreClockUpdate)
    SystemInit                               0x00000b59   Thumb Code    30  sysinit_8xx.o(i.SystemInit)
    __0printf$5                              0x00000b81   Thumb Code    24  printf5.o(i.__0printf$5)
    __1printf$5                              0x00000b81   Thumb Code     0  printf5.o(i.__0printf$5)
    __2printf                                0x00000b81   Thumb Code     0  printf5.o(i.__0printf$5)
    __0sprintf$5                             0x00000ba1   Thumb Code    36  printf5.o(i.__0sprintf$5)
    __1sprintf$5                             0x00000ba1   Thumb Code     0  printf5.o(i.__0sprintf$5)
    __2sprintf                               0x00000ba1   Thumb Code     0  printf5.o(i.__0sprintf$5)
    __scatterload_copy                       0x00000bc9   Thumb Code    14  handlers.o(i.__scatterload_copy)
    __scatterload_null                       0x00000bd7   Thumb Code     2  handlers.o(i.__scatterload_null)
    __scatterload_zeroinit                   0x00000bd9   Thumb Code    14  handlers.o(i.__scatterload_zeroinit)
    fputc                                    0x0000112d   Thumb Code    20  board.o(i.fputc)
    main                                     0x00001165   Thumb Code   294  main_dma_uart.o(i.main)
    OscRateIn                                0x00001390   Data           4  board.o(.constdata)
    ExtRateIn                                0x00001394   Data           4  board.o(.constdata)
    Region$$Table$$Base                      0x0000172c   Number         0  anon$$obj.o(Region$$Table)
    Region$$Table$$Limit                     0x0000174c   Number         0  anon$$obj.o(Region$$Table)
    __stdout                                 0x10000010   Data           4  board.o(.data)
    __stdin                                  0x10000014   Data           4  board.o(.data)
    __stderr                                 0x10000018   Data           4  board.o(.data)
    SystemCoreClock                          0x10000024   Data           4  clock_8xx.o(.data)
    Chip_DMA_Table                           0x10000200   Data         288  dma_8xx.o(.bss)
    __initial_sp                             0x100004a0   Data           0  keil_startup_lpc82x.o(STACK)



==============================================================================

Memory Map of the image

  Image Entry point : 0x000000c1

  Load Region LR_IROM1 (Base: 0x00000000, Size: 0x00001774, Max: 0x00008000, ABSOLUTE)

    Execution Region ER_IROM1 (Base: 0x00000000, Size: 0x0000174c, Max: 0x00008000, ABSOLUTE)

    Base Addr    Size         Type   Attr      Idx    E Section Name        Object

    0x00000000   0x000000c0   Data   RO          574    RESET               keil_startup_lpc82x.o
    0x000000c0   0x00000000   Code   RO         1049  * .ARM.Collect$$$$00000000  mc_p.l(entry.o)
    0x000000c0   0x00000004   Code   RO         1327    .ARM.Collect$$$$00000001  mc_p.l(entry2.o)
    0x000000c4   0x00000004   Code   RO         1330    .ARM.Collect$$$$00000004  mc_p.l(entry5.o)
    0x000000c8   0x00000000   Code   RO         1332    .ARM.Collect$$$$00000008  mc_p.l(entry7b.o)
    0x000000c8   0x00000000   Code   RO         1334    .ARM.Collect$$$$0000000A  mc_p.l(entry8b.o)
    0x000000c8   0x00000008   Code   RO         1335    .ARM.Collect$$$$0000000B  mc_p.l(entry9a.o)
    0x000000d0   0x00000000   Code   RO         1337    .ARM.Collect$$$$0000000D  mc_p.l(entry10a.o)
    0x000000d0   0x00000000   Code   RO         1339    .ARM.Collect$$$$0000000F  mc_p.l(entry11a.o)
    0x000000d0   0x00000004   Code   RO         1328    .ARM.Collect$$$$00002712  mc_p.l(entry2.o)
    0x000000d4   0x0000001c   Code   RO          576    .text               keil_startup_lpc82x.o
    0x000000f0   0x0000002c   Code   RO         1052    .text               mc_p.l(uidiv.o)
    0x0000011c   0x00000060   Code   RO         1056    .text               mc_p.l(uldiv.o)
    0x0000017c   0x0000007a   Code   RO         1058    .text               mc_p.l(llmul.o)
    0x000001f6   0x00000024   Code   RO         1060    .text               mc_p.l(memcpya.o)
    0x0000021a   0x0000000e   Code   RO         1062    .text               mc_p.l(strlen.o)
    0x00000228   0x00000020   Code   RO         1341    .text               mc_p.l(llshl.o)
    0x00000248   0x00000022   Code   RO         1343    .text               mc_p.l(llushr.o)
    0x0000026a   0x00000002   PAD
    0x0000026c   0x00000024   Code   RO         1356    .text               mc_p.l(init.o)
    0x00000290   0x0000006c   Code   RO          630    i.Board_Debug_Init  board.o
    0x000002fc   0x00000004   Code   RO          575    .ARM.__at_0x02FC    keil_startup_lpc82x.o
    0x00000300   0x00000034   Code   RO          631    i.Board_Init        board.o
    0x00000334   0x00000038   Code   RO          633    i.Board_Key_Init    board.o
    0x0000036c   0x00000034   Code   RO          634    i.Board_LED_Init    board.o
    0x000003a0   0x00000024   Code   RO          635    i.Board_LED_Set     board.o
    0x000003c4   0x00000016   Code   RO          640    i.Board_UARTPutSTR  board.o
    0x000003da   0x00000002   PAD
    0x000003dc   0x00000048   Code   RO          641    i.Board_UARTPutTextChar  board.o
    0x00000424   0x00000060   Code   RO          642    i.Board_UART_Init   board.o
    0x00000484   0x0000001c   Code   RO            3    i.Chip_Clock_EnablePeriphClock  main_dma_uart.o
    0x000004a0   0x0000004c   Code   RO          876    i.Chip_Clock_GetMainClockRate  clock_8xx.o
    0x000004ec   0x0000000e   Code   RO          877    i.Chip_Clock_GetPLLFreq  clock_8xx.o
    0x000004fa   0x00000002   PAD
    0x000004fc   0x0000001c   Code   RO          878    i.Chip_Clock_GetSystemClockRate  clock_8xx.o
    0x00000518   0x0000004c   Code   RO          879    i.Chip_Clock_GetSystemPLLInClockRate  clock_8xx.o
    0x00000564   0x0000001c   Code   RO          880    i.Chip_Clock_GetSystemPLLOutClockRate  clock_8xx.o
    0x00000580   0x00000084   Code   RO          881    i.Chip_Clock_GetUSARTNBaseClockRate  clock_8xx.o
    0x00000604   0x00000020   Code   RO          882    i.Chip_Clock_GetWDTLFORate  clock_8xx.o
    0x00000624   0x00000014   Code   RO          883    i.Chip_Clock_GetWDTOSCRate  clock_8xx.o
    0x00000638   0x00000014   Code   RO          886    i.Chip_Clock_SetMainClockSource  clock_8xx.o
    0x0000064c   0x00000014   Code   RO          888    i.Chip_Clock_SetSystemPLLSource  clock_8xx.o
    0x00000660   0x0000009c   Code   RO          889    i.Chip_Clock_SetUSARTNBaseClockRate  clock_8xx.o
    0x000006fc   0x00000008   Code   RO            4    i.Chip_DMA_ClearActiveIntAChannel  main_dma_uart.o
    0x00000704   0x00000008   Code   RO            5    i.Chip_DMA_EnableChannel  main_dma_uart.o
    0x0000070c   0x00000008   Code   RO            6    i.Chip_DMA_EnableIntChannel  main_dma_uart.o
    0x00000714   0x00000008   Code   RO            7    i.Chip_DMA_SetValidChannel  main_dma_uart.o
    0x0000071c   0x0000000e   Code   RO            8    i.Chip_DMA_SetupChannelConfig  main_dma_uart.o
    0x0000072a   0x00000010   Code   RO            9    i.Chip_DMA_SetupChannelTransfer  main_dma_uart.o
    0x0000073a   0x00000036   Code   RO           10    i.Chip_DMA_SetupTranChannel  main_dma_uart.o
    0x00000770   0x00000026   Code   RO          644    i.Chip_GPIO_PinSetDIR  board.o
    0x00000796   0x0000000a   Code   RO          645    i.Chip_GPIO_PinSetState  board.o
    0x000007a0   0x00000088   Code   RO          890    i.Chip_IRC_SetFreq  clock_8xx.o
    0x00000828   0x00000018   Code   RO           11    i.Chip_SWM_DisableFixedPin  main_dma_uart.o
    0x00000840   0x00000018   Code   RO          646    i.Chip_SWM_DisableFixedPin  board.o
    0x00000858   0x0000002c   Code   RO          807    i.Chip_SWM_MovablePinAssign  ioswm_8xx.o
    0x00000884   0x00000038   Code   RO          288    i.Chip_SYSCTL_PeriphReset  uart_8xx.o
    0x000008bc   0x00000024   Code   RO         1013    i.Chip_SYSCTL_PowerDown  syscon_8xx.o
    0x000008e0   0x0000002c   Code   RO         1014    i.Chip_SYSCTL_PowerUp  syscon_8xx.o
    0x0000090c   0x0000000c   Code   RO          891    i.Chip_SYSCTL_SetUSARTFRGDivider  clock_8xx.o
    0x00000918   0x00000010   Code   RO          584    i.Chip_SetupIrcClocking  sysinit_8xx.o
    0x00000928   0x00000010   Code   RO          290    i.Chip_UART_GetStatus  uart_8xx.o
    0x00000938   0x00000054   Code   RO          292    i.Chip_UART_Init    uart_8xx.o
    0x0000098c   0x0000002e   Code   RO          298    i.Chip_UART_Send    uart_8xx.o
    0x000009ba   0x0000002e   Code   RO          299    i.Chip_UART_SendBlocking  uart_8xx.o
    0x000009e8   0x00000004   Code   RO          300    i.Chip_UART_SendByte  uart_8xx.o
    0x000009ec   0x0000001a   Code   RO          302    i.Chip_UART_SetBaud  uart_8xx.o
    0x00000a06   0x00000002   PAD
    0x00000a08   0x000000d0   Code   RO           12    i.DMA_IRQHandler    main_dma_uart.o
    0x00000ad8   0x0000005c   Code   RO           13    i.Init_UART_PinMux  main_dma_uart.o
    0x00000b34   0x00000014   Code   RO           14    i.NVIC_EnableIRQ    main_dma_uart.o
    0x00000b48   0x00000010   Code   RO          892    i.SystemCoreClockUpdate  clock_8xx.o
    0x00000b58   0x00000028   Code   RO          586    i.SystemInit        sysinit_8xx.o
    0x00000b80   0x00000020   Code   RO         1199    i.__0printf$5       mc_p.l(printf5.o)
    0x00000ba0   0x00000028   Code   RO         1201    i.__0sprintf$5      mc_p.l(printf5.o)
    0x00000bc8   0x0000000e   Code   RO         1366    i.__scatterload_copy  mc_p.l(handlers.o)
    0x00000bd6   0x00000002   Code   RO         1367    i.__scatterload_null  mc_p.l(handlers.o)
    0x00000bd8   0x0000000e   Code   RO         1368    i.__scatterload_zeroinit  mc_p.l(handlers.o)
    0x00000be6   0x00000002   PAD
    0x00000be8   0x000002dc   Code   RO         1206    i._printf_core      mc_p.l(printf5.o)
    0x00000ec4   0x0000000a   Code   RO         1208    i._sputc            mc_p.l(printf5.o)
    0x00000ece   0x00000002   PAD
    0x00000ed0   0x00000050   Code   RO           15    i.checkRxData       main_dma_uart.o
    0x00000f20   0x00000038   Code   RO           16    i.dmaClearChannel   main_dma_uart.o
    0x00000f58   0x000000a8   Code   RO           17    i.dmaRXQueue        main_dma_uart.o
    0x00001000   0x00000028   Code   RO           18    i.dmaRXSetup        main_dma_uart.o
    0x00001028   0x000000d4   Code   RO           19    i.dmaTXSend         main_dma_uart.o
    0x000010fc   0x00000030   Code   RO           20    i.dmaTXSetup        main_dma_uart.o
    0x0000112c   0x00000014   Code   RO          651    i.fputc             board.o
    0x00001140   0x00000024   Code   RO          304    i.getUARTClockID    uart_8xx.o
    0x00001164   0x000001ac   Code   RO           21    i.main              main_dma_uart.o
    0x00001310   0x00000074   Code   RO          893    i.pll_config        clock_8xx.o
    0x00001384   0x00000014   Data   RO          652    .constdata          board.o
    0x00001398   0x00000394   Data   RO          894    .constdata          clock_8xx.o
    0x0000172c   0x00000020   Data   RO         1364    Region$$Table       anon$$obj.o


    Execution Region RW_IRAM1 (Base: 0x10000000, Size: 0x000004a0, Max: 0x00002000, ABSOLUTE)

    Base Addr    Size         Type   Attr      Idx    E Section Name        Object

    0x10000000   0x0000000d   Data   RW           23    .data               main_dma_uart.o
    0x1000000d   0x00000003   PAD
    0x10000010   0x0000000d   Data   RW          654    .data               board.o
    0x1000001d   0x00000003   PAD
    0x10000020   0x00000008   Data   RW          895    .data               clock_8xx.o
    0x10000028   0x00000008   PAD
    0x10000030   0x000001a0   Zero   RW           22    .bss                main_dma_uart.o
    0x100001d0   0x00000030   PAD
    0x10000200   0x00000120   Zero   RW          516    .bss                dma_8xx.o
    0x10000320   0x00000180   Zero   RW          572    STACK               keil_startup_lpc82x.o


==============================================================================

Image component sizes


      Code (inc. data)   RO Data    RW Data    ZI Data      Debug   Object Name

       586         76         20         13          0      11873   board.o
       882        100        916          8          0      19005   clock_8xx.o
         0          0          0          0        288       6793   dma_8xx.o
        44          4          0          0          0       4592   ioswm_8xx.o
        32         14        192          0        384        856   keil_startup_lpc82x.o
      1520        276          0         13        416      47049   main_dma_uart.o
        80         18          0          0          0       1062   syscon_8xx.o
        56         14          0          0          0       4761   sysinit_8xx.o
       314         42          0          0          0      17063   uart_8xx.o

    ----------------------------------------------------------------------
      3520        544       1160         40       1144     113054   Object Totals
         0          0         32          0          0          0   (incl. Generated)
         6          0          0          6         56          0   (incl. Padding)

    ----------------------------------------------------------------------

      Code (inc. data)   RO Data    RW Data    ZI Data      Debug   Library Member Name

         0          0          0          0          0          0   entry.o
         0          0          0          0          0          0   entry10a.o
         0          0          0          0          0          0   entry11a.o
         8          4          0          0          0          0   entry2.o
         4          0          0          0          0          0   entry5.o
         0          0          0          0          0          0   entry7b.o
         0          0          0          0          0          0   entry8b.o
         8          4          0          0          0          0   entry9a.o
        30          0          0          0          0          0   handlers.o
        36          8          0          0          0         68   init.o
       122          0          0          0          0         84   llmul.o
        32          0          0          0          0         68   llshl.o
        34          0          0          0          0         68   llushr.o
        36          0          0          0          0         60   memcpya.o
       814         56          0          0          0        312   printf5.o
        14          0          0          0          0         60   strlen.o
        44          0          0          0          0         72   uidiv.o
        96          0          0          0          0         84   uldiv.o

    ----------------------------------------------------------------------
      1284         72          0          0          0        876   Library Totals
         6          0          0          0          0          0   (incl. Padding)

    ----------------------------------------------------------------------

      Code (inc. data)   RO Data    RW Data    ZI Data      Debug   Library Name

      1278         72          0          0          0        876   mc_p.l

    ----------------------------------------------------------------------
      1284         72          0          0          0        876   Library Totals

    ----------------------------------------------------------------------

==============================================================================


      Code (inc. data)   RO Data    RW Data    ZI Data      Debug   

      4804        616       1160         40       1144     111222   Grand Totals
      4804        616       1160         40       1144     111222   ELF Image Totals
      4804        616       1160         40          0          0   ROM Totals

==============================================================================

    Total RO  Size (Code + RO Data)                 5964 (   5.82kB)
    Total RW  Size (RW Data + ZI Data)              1184 (   1.16kB)
    Total ROM Size (Code + RO Data + RW Data)       6004 (   5.86kB)

==============================================================================

