Component: ARM Compiler 5.05 update 1 (build 106) Tool: armlink [4d0efa]

==============================================================================

Removing Unused input sections from the image.

    Removing main_gpio_handson2.o(.rev16_text), (4 bytes).
    Removing main_gpio_handson2.o(.revsh_text), (4 bytes).
    Removing main_gpio_handson2.o(.data), (1 bytes).
    Removing gpio_8xx.o(.rev16_text), (4 bytes).
    Removing gpio_8xx.o(.revsh_text), (4 bytes).
    Removing uart_8xx.o(.rev16_text), (4 bytes).
    Removing uart_8xx.o(.revsh_text), (4 bytes).
    Removing uart_8xx.o(i.Chip_UART_DeInit), (44 bytes).
    Removing uart_8xx.o(i.Chip_UART_GetStatus), (16 bytes).
    Removing uart_8xx.o(i.Chip_UART_IRQRBHandler), (58 bytes).
    Removing uart_8xx.o(i.Chip_UART_IntDisable), (4 bytes).
    Removing uart_8xx.o(i.Chip_UART_RXIntHandlerRB), (44 bytes).
    Removing uart_8xx.o(i.Chip_UART_Read), (46 bytes).
    Removing uart_8xx.o(i.Chip_UART_ReadBlocking), (46 bytes).
    Removing uart_8xx.o(i.Chip_UART_ReadRB), (22 bytes).
    Removing uart_8xx.o(i.Chip_UART_Send), (46 bytes).
    Removing uart_8xx.o(i.Chip_UART_SendBlocking), (46 bytes).
    Removing uart_8xx.o(i.Chip_UART_SendByte), (4 bytes).
    Removing uart_8xx.o(i.Chip_UART_SendRB), (66 bytes).
    Removing uart_8xx.o(i.Chip_UART_TXIntHandlerRB), (48 bytes).
    Removing ring_buffer.o(.rev16_text), (4 bytes).
    Removing ring_buffer.o(.revsh_text), (4 bytes).
    Removing ring_buffer.o(i.RingBuf_Copy), (22 bytes).
    Removing ring_buffer.o(i.RingBuf_Deinit), (8 bytes).
    Removing ring_buffer.o(i.RingBuf_Free), (46 bytes).
    Removing ring_buffer.o(i.RingBuf_GetFreeBytes), (10 bytes).
    Removing ring_buffer.o(i.RingBuf_GetUsedBytes), (6 bytes).
    Removing ring_buffer.o(i.RingBuf_Init), (16 bytes).
    Removing ring_buffer.o(i.RingBuf_Peek), (56 bytes).
    Removing ring_buffer.o(i.RingBuf_Read), (22 bytes).
    Removing ring_buffer.o(i.RingBuf_Read1Byte), (64 bytes).
    Removing ring_buffer.o(i.RingBuf_Write), (122 bytes).
    Removing ring_buffer.o(i.RingBuf_Write1Byte), (66 bytes).
    Removing ring_buffer.o(i.__get_PRIMASK), (6 bytes).
    Removing ring_buffer.o(i.__set_PRIMASK), (6 bytes).
    Removing ring_buffer.o(i._prvRingBuf_Read), (120 bytes).
    Removing keil_startup_lpc82x.o(HEAP), (0 bytes).
    Removing sysinit_8xx.o(.rev16_text), (4 bytes).
    Removing sysinit_8xx.o(.revsh_text), (4 bytes).
    Removing sysinit_8xx.o(i.Chip_SetupXtalClocking), (108 bytes).
    Removing board.o(.rev16_text), (4 bytes).
    Removing board.o(.revsh_text), (4 bytes).
    Removing board.o(i.Board_Key_GetKeyDown), (36 bytes).
    Removing board.o(i.Board_LED_Set), (36 bytes).
    Removing board.o(i.Board_LED_Test), (52 bytes).
    Removing board.o(i.Board_UARTGetChar), (40 bytes).
    Removing board.o(i.Board_UARTPutChar), (20 bytes).
    Removing board.o(i.Board_UARTPutSTR), (22 bytes).
    Removing board.o(i.Board_UARTPutTextChar), (72 bytes).
    Removing board.o(i.Board_itoa), (124 bytes).
    Removing board.o(i._sys_exit), (6 bytes).
    Removing board.o(i._sys_open), (6 bytes).
    Removing board.o(i.ferror), (8 bytes).
    Removing board.o(i.fgetc), (10 bytes).
    Removing board.o(i.fputc), (20 bytes).
    Removing board.o(.conststring), (72 bytes).
    Removing board.o(.data), (13 bytes).
    Removing ioswm_8xx.o(.rev16_text), (4 bytes).
    Removing ioswm_8xx.o(.revsh_text), (4 bytes).
    Removing ioswm_8xx.o(i.Chip_IOCON_PinSetClockDivisor), (24 bytes).
    Removing ioswm_8xx.o(i.Chip_IOCON_PinSetHysteresis), (44 bytes).
    Removing ioswm_8xx.o(i.Chip_IOCON_PinSetI2CMode), (24 bytes).
    Removing ioswm_8xx.o(i.Chip_IOCON_PinSetInputInverted), (44 bytes).
    Removing ioswm_8xx.o(i.Chip_IOCON_PinSetMode), (22 bytes).
    Removing ioswm_8xx.o(i.Chip_IOCON_PinSetOpenDrainMode), (46 bytes).
    Removing ioswm_8xx.o(i.Chip_IOCON_PinSetSampleMode), (24 bytes).
    Removing ioswm_8xx.o(i.Chip_IOCON_SetPinMuxing), (36 bytes).
    Removing ioswm_8xx.o(i.Chip_SWM_FixedPinEnable), (64 bytes).
    Removing clock_8xx.o(.rev16_text), (4 bytes).
    Removing clock_8xx.o(.revsh_text), (4 bytes).
    Removing clock_8xx.o(i.Chip_Clock_GetIOCONCLKDIVClockRate), (44 bytes).
    Removing clock_8xx.o(i.Chip_Clock_SetCLKOUTSource), (24 bytes).
    Removing clock_8xx.o(i.Chip_Clock_SetIOCONCLKDIV), (20 bytes).
    Removing clock_8xx.o(i.Chip_Clock_SetPLLBypass), (32 bytes).
    Removing syscon_8xx.o(.rev16_text), (4 bytes).
    Removing syscon_8xx.o(.revsh_text), (4 bytes).
    Removing syscon_8xx.o(i.Chip_SYSCTL_SetDeepSleepPD), (24 bytes).
    Removing syscon_8xx.o(i.Chip_SYSCTL_SetWakeup), (24 bytes).

78 unused section(s) (total 2274 bytes) removed from the image.

==============================================================================

Image Symbol Table

    Local Symbols

    Symbol Name                              Value     Ov Type        Size  Object(Section)

    RESET                                    0x00000000   Section      192  keil_startup_lpc82x.o(RESET)
    ../clib/microlib/division.c              0x00000000   Number         0  uldiv.o ABSOLUTE
    ../clib/microlib/division.c              0x00000000   Number         0  uidiv.o ABSOLUTE
    ../clib/microlib/division.c              0x00000000   Number         0  idiv.o ABSOLUTE
    ../clib/microlib/init/entry.s            0x00000000   Number         0  entry2.o ABSOLUTE
    ../clib/microlib/init/entry.s            0x00000000   Number         0  entry7a.o ABSOLUTE
    ../clib/microlib/init/entry.s            0x00000000   Number         0  entry5.o ABSOLUTE
    ../clib/microlib/init/entry.s            0x00000000   Number         0  entry.o ABSOLUTE
    ../clib/microlib/init/entry.s            0x00000000   Number         0  entry9b.o ABSOLUTE
    ../clib/microlib/init/entry.s            0x00000000   Number         0  entry11b.o ABSOLUTE
    ../clib/microlib/init/entry.s            0x00000000   Number         0  entry11a.o ABSOLUTE
    ../clib/microlib/init/entry.s            0x00000000   Number         0  entry10b.o ABSOLUTE
    ../clib/microlib/init/entry.s            0x00000000   Number         0  entry10a.o ABSOLUTE
    ../clib/microlib/init/entry.s            0x00000000   Number         0  entry9a.o ABSOLUTE
    ../clib/microlib/init/entry.s            0x00000000   Number         0  entry8b.o ABSOLUTE
    ../clib/microlib/init/entry.s            0x00000000   Number         0  entry8a.o ABSOLUTE
    ../clib/microlib/init/entry.s            0x00000000   Number         0  entry7b.o ABSOLUTE
    ../clib/microlib/longlong.c              0x00000000   Number         0  llushr.o ABSOLUTE
    ../clib/microlib/longlong.c              0x00000000   Number         0  llshl.o ABSOLUTE
    ../clib/microlib/longlong.c              0x00000000   Number         0  llmul.o ABSOLUTE
    ../clib/microlib/string/memcpy.c         0x00000000   Number         0  memcpyb.o ABSOLUTE
    ../clib/microlib/string/memcpy.c         0x00000000   Number         0  memcpya.o ABSOLUTE
    ..\..\..\common\board\board.c            0x00000000   Number         0  board.o ABSOLUTE
    ..\..\..\common\chip\clock_8xx.c         0x00000000   Number         0  clock_8xx.o ABSOLUTE
    ..\..\..\common\chip\ioswm_8xx.c         0x00000000   Number         0  ioswm_8xx.o ABSOLUTE
    ..\..\..\common\chip\syscon_8xx.c        0x00000000   Number         0  syscon_8xx.o ABSOLUTE
    ..\..\..\common\chip\sysinit_8xx.c       0x00000000   Number         0  sysinit_8xx.o ABSOLUTE
    ..\..\..\common\startup\keil_startup_lpc82x.s 0x00000000   Number         0  keil_startup_lpc82x.o ABSOLUTE
    ..\..\..\peri_driver\gpio\gpio_8xx.c     0x00000000   Number         0  gpio_8xx.o ABSOLUTE
    ..\..\..\peri_driver\uart\ring_buffer.c  0x00000000   Number         0  ring_buffer.o ABSOLUTE
    ..\..\..\peri_driver\uart\uart_8xx.c     0x00000000   Number         0  uart_8xx.o ABSOLUTE
    ..\\..\\..\\common\\board\\board.c       0x00000000   Number         0  board.o ABSOLUTE
    ..\\..\\..\\common\\chip\\clock_8xx.c    0x00000000   Number         0  clock_8xx.o ABSOLUTE
    ..\\..\\..\\common\\chip\\ioswm_8xx.c    0x00000000   Number         0  ioswm_8xx.o ABSOLUTE
    ..\\..\\..\\common\\chip\\syscon_8xx.c   0x00000000   Number         0  syscon_8xx.o ABSOLUTE
    ..\\..\\..\\common\\chip\\sysinit_8xx.c  0x00000000   Number         0  sysinit_8xx.o ABSOLUTE
    ..\\..\\..\\peri_driver\\gpio\\gpio_8xx.c 0x00000000   Number         0  gpio_8xx.o ABSOLUTE
    ..\\..\\..\\peri_driver\\uart\\ring_buffer.c 0x00000000   Number         0  ring_buffer.o ABSOLUTE
    ..\\..\\..\\peri_driver\\uart\\uart_8xx.c 0x00000000   Number         0  uart_8xx.o ABSOLUTE
    dc.s                                     0x00000000   Number         0  dc.o ABSOLUTE
    handlers.s                               0x00000000   Number         0  handlers.o ABSOLUTE
    init.s                                   0x00000000   Number         0  init.o ABSOLUTE
    main_gpio_handson2.c                     0x00000000   Number         0  main_gpio_handson2.o ABSOLUTE
    main_gpio_handson2.c                     0x00000000   Number         0  main_gpio_handson2.o ABSOLUTE
    .ARM.Collect$$$$00000000                 0x000000c0   Section        0  entry.o(.ARM.Collect$$$$00000000)
    .ARM.Collect$$$$00000001                 0x000000c0   Section        4  entry2.o(.ARM.Collect$$$$00000001)
    .ARM.Collect$$$$00000004                 0x000000c4   Section        4  entry5.o(.ARM.Collect$$$$00000004)
    .ARM.Collect$$$$00000008                 0x000000c8   Section        0  entry7b.o(.ARM.Collect$$$$00000008)
    .ARM.Collect$$$$0000000A                 0x000000c8   Section        0  entry8b.o(.ARM.Collect$$$$0000000A)
    .ARM.Collect$$$$0000000B                 0x000000c8   Section        8  entry9a.o(.ARM.Collect$$$$0000000B)
    .ARM.Collect$$$$0000000D                 0x000000d0   Section        0  entry10a.o(.ARM.Collect$$$$0000000D)
    .ARM.Collect$$$$0000000F                 0x000000d0   Section        0  entry11a.o(.ARM.Collect$$$$0000000F)
    .ARM.Collect$$$$00002712                 0x000000d0   Section        4  entry2.o(.ARM.Collect$$$$00002712)
    __lit__00000000                          0x000000d0   Data           4  entry2.o(.ARM.Collect$$$$00002712)
    .text                                    0x000000d4   Section       28  keil_startup_lpc82x.o(.text)
    .text                                    0x000000f0   Section        0  uidiv.o(.text)
    .text                                    0x0000011c   Section        0  uldiv.o(.text)
    .text                                    0x0000017c   Section        0  llmul.o(.text)
    .text                                    0x000001f6   Section        0  llshl.o(.text)
    .text                                    0x00000216   Section        0  llushr.o(.text)
    .text                                    0x00000238   Section       36  init.o(.text)
    i.Board_Debug_Init                       0x0000025c   Section        0  board.o(i.Board_Debug_Init)
    i.Board_Init                             0x000002c8   Section        0  board.o(i.Board_Init)
    .ARM.__at_0x02FC                         0x000002fc   Section        4  keil_startup_lpc82x.o(.ARM.__at_0x02FC)
    i.Board_Key_Init                         0x00000300   Section        0  board.o(i.Board_Key_Init)
    Board_Key_Init                           0x00000301   Thumb Code    42  board.o(i.Board_Key_Init)
    i.Board_LED_Init                         0x00000338   Section        0  board.o(i.Board_LED_Init)
    Board_LED_Init                           0x00000339   Thumb Code    46  board.o(i.Board_LED_Init)
    i.Board_LED_Toggle                       0x0000036c   Section        0  board.o(i.Board_LED_Toggle)
    i.Board_UART_Init                        0x00000394   Section        0  board.o(i.Board_UART_Init)
    Board_UART_Init                          0x00000395   Thumb Code    86  board.o(i.Board_UART_Init)
    i.Chip_Clock_GetMainClockRate            0x000003f4   Section        0  clock_8xx.o(i.Chip_Clock_GetMainClockRate)
    i.Chip_Clock_GetPLLFreq                  0x00000440   Section        0  clock_8xx.o(i.Chip_Clock_GetPLLFreq)
    Chip_Clock_GetPLLFreq                    0x00000441   Thumb Code    14  clock_8xx.o(i.Chip_Clock_GetPLLFreq)
    i.Chip_Clock_GetSystemClockRate          0x00000450   Section        0  clock_8xx.o(i.Chip_Clock_GetSystemClockRate)
    i.Chip_Clock_GetSystemPLLInClockRate     0x0000046c   Section        0  clock_8xx.o(i.Chip_Clock_GetSystemPLLInClockRate)
    i.Chip_Clock_GetSystemPLLOutClockRate    0x000004b8   Section        0  clock_8xx.o(i.Chip_Clock_GetSystemPLLOutClockRate)
    i.Chip_Clock_GetUSARTNBaseClockRate      0x000004d4   Section        0  clock_8xx.o(i.Chip_Clock_GetUSARTNBaseClockRate)
    i.Chip_Clock_GetWDTLFORate               0x00000558   Section        0  clock_8xx.o(i.Chip_Clock_GetWDTLFORate)
    Chip_Clock_GetWDTLFORate                 0x00000559   Thumb Code    28  clock_8xx.o(i.Chip_Clock_GetWDTLFORate)
    i.Chip_Clock_GetWDTOSCRate               0x00000578   Section        0  clock_8xx.o(i.Chip_Clock_GetWDTOSCRate)
    i.Chip_Clock_SetMainClockSource          0x0000058c   Section        0  clock_8xx.o(i.Chip_Clock_SetMainClockSource)
    i.Chip_Clock_SetSystemPLLSource          0x000005a0   Section        0  clock_8xx.o(i.Chip_Clock_SetSystemPLLSource)
    i.Chip_Clock_SetUSARTNBaseClockRate      0x000005b4   Section        0  clock_8xx.o(i.Chip_Clock_SetUSARTNBaseClockRate)
    i.Chip_GPIO_PinGetState                  0x00000650   Section        0  main_gpio_handson2.o(i.Chip_GPIO_PinGetState)
    Chip_GPIO_PinGetState                    0x00000651   Thumb Code    20  main_gpio_handson2.o(i.Chip_GPIO_PinGetState)
    i.Chip_GPIO_PinSetDIR                    0x00000664   Section        0  board.o(i.Chip_GPIO_PinSetDIR)
    Chip_GPIO_PinSetDIR                      0x00000665   Thumb Code    38  board.o(i.Chip_GPIO_PinSetDIR)
    i.Chip_GPIO_PinSetState                  0x0000068a   Section        0  board.o(i.Chip_GPIO_PinSetState)
    Chip_GPIO_PinSetState                    0x0000068b   Thumb Code    10  board.o(i.Chip_GPIO_PinSetState)
    i.Chip_GPIO_PortSetDIR                   0x00000694   Section        0  main_gpio_handson2.o(i.Chip_GPIO_PortSetDIR)
    Chip_GPIO_PortSetDIR                     0x00000695   Thumb Code    30  main_gpio_handson2.o(i.Chip_GPIO_PortSetDIR)
    i.Chip_GPIO_PortSetOutHigh               0x000006b2   Section        0  main_gpio_handson2.o(i.Chip_GPIO_PortSetOutHigh)
    Chip_GPIO_PortSetOutHigh                 0x000006b3   Thumb Code    14  main_gpio_handson2.o(i.Chip_GPIO_PortSetOutHigh)
    i.Chip_GPIO_PortSetOutLow                0x000006c0   Section        0  main_gpio_handson2.o(i.Chip_GPIO_PortSetOutLow)
    Chip_GPIO_PortSetOutLow                  0x000006c1   Thumb Code    14  main_gpio_handson2.o(i.Chip_GPIO_PortSetOutLow)
    i.Chip_IRC_SetFreq                       0x000006d0   Section        0  clock_8xx.o(i.Chip_IRC_SetFreq)
    i.Chip_SWM_DisableFixedPin               0x00000758   Section        0  board.o(i.Chip_SWM_DisableFixedPin)
    Chip_SWM_DisableFixedPin                 0x00000759   Thumb Code    20  board.o(i.Chip_SWM_DisableFixedPin)
    i.Chip_SWM_MovablePinAssign              0x00000770   Section        0  ioswm_8xx.o(i.Chip_SWM_MovablePinAssign)
    i.Chip_SYSCTL_PeriphReset                0x0000079c   Section        0  uart_8xx.o(i.Chip_SYSCTL_PeriphReset)
    Chip_SYSCTL_PeriphReset                  0x0000079d   Thumb Code    46  uart_8xx.o(i.Chip_SYSCTL_PeriphReset)
    i.Chip_SYSCTL_PowerDown                  0x000007d4   Section        0  syscon_8xx.o(i.Chip_SYSCTL_PowerDown)
    i.Chip_SYSCTL_PowerUp                    0x000007f8   Section        0  syscon_8xx.o(i.Chip_SYSCTL_PowerUp)
    i.Chip_SYSCTL_SetUSARTFRGDivider         0x00000824   Section        0  clock_8xx.o(i.Chip_SYSCTL_SetUSARTFRGDivider)
    Chip_SYSCTL_SetUSARTFRGDivider           0x00000825   Thumb Code     6  clock_8xx.o(i.Chip_SYSCTL_SetUSARTFRGDivider)
    i.Chip_SetupIrcClocking                  0x00000830   Section        0  sysinit_8xx.o(i.Chip_SetupIrcClocking)
    i.Chip_UART_Init                         0x00000840   Section        0  uart_8xx.o(i.Chip_UART_Init)
    i.Chip_UART_SetBaud                      0x00000894   Section        0  uart_8xx.o(i.Chip_UART_SetBaud)
    i.NVIC_SetPriority                       0x000008b0   Section        0  main_gpio_handson2.o(i.NVIC_SetPriority)
    NVIC_SetPriority                         0x000008b1   Thumb Code   110  main_gpio_handson2.o(i.NVIC_SetPriority)
    i.SysTick_Handler                        0x00000928   Section        0  main_gpio_handson2.o(i.SysTick_Handler)
    i.SystemCoreClockUpdate                  0x00000934   Section        0  clock_8xx.o(i.SystemCoreClockUpdate)
    i.SystemInit                             0x00000944   Section        0  sysinit_8xx.o(i.SystemInit)
    i.__scatterload_copy                     0x0000096c   Section       14  handlers.o(i.__scatterload_copy)
    i.__scatterload_null                     0x0000097a   Section        2  handlers.o(i.__scatterload_null)
    i.__scatterload_zeroinit                 0x0000097c   Section       14  handlers.o(i.__scatterload_zeroinit)
    i.getUARTClockID                         0x0000098c   Section        0  uart_8xx.o(i.getUARTClockID)
    getUARTClockID                           0x0000098d   Thumb Code    26  uart_8xx.o(i.getUARTClockID)
    i.main                                   0x000009b0   Section        0  main_gpio_handson2.o(i.main)
    i.pll_config                             0x00000acc   Section        0  clock_8xx.o(i.pll_config)
    pll_config                               0x00000acd   Thumb Code   106  clock_8xx.o(i.pll_config)
    .constdata                               0x00000b40   Section       20  board.o(.constdata)
    ledBits                                  0x00000b40   Data           8  board.o(.constdata)
    cs_keyBits                               0x00000b48   Data           2  board.o(.constdata)
    cs_keyIoConNdce                          0x00000b4a   Data           2  board.o(.constdata)
    .constdata                               0x00000b54   Section      916  clock_8xx.o(.constdata)
    wdtOSCRate                               0x00000b54   Data          64  clock_8xx.o(.constdata)
    config_tab                               0x00000b94   Data         852  clock_8xx.o(.constdata)
    .data                                    0x10000000   Section        8  clock_8xx.o(.data)
    config_tab_idx                           0x10000000   Data           2  clock_8xx.o(.data)
    STACK                                    0x10000008   Section      384  keil_startup_lpc82x.o(STACK)

    Global Symbols

    Symbol Name                              Value     Ov Type        Size  Object(Section)

    BuildAttributes$$THM_ISAv3M$S$PE$A:L22$X:L11$S22$IEEE1$IW$USESV6$~STKCKD$USESV7$~SHL$OSPACE$EBA8$MICROLIB$REQ8$PRES8$EABIv2 0x00000000   Number         0  anon$$obj.o ABSOLUTE
    __ARM_use_no_argv                        0x00000000   Number         0  main_gpio_handson2.o ABSOLUTE
    __Vectors                                0x00000000   Data           4  keil_startup_lpc82x.o(RESET)
    __cpp_initialize__aeabi_                  - Undefined Weak Reference
    __cxa_finalize                            - Undefined Weak Reference
    __decompress                              - Undefined Weak Reference
    _clock_init                               - Undefined Weak Reference
    _microlib_exit                            - Undefined Weak Reference
    __main                                   0x000000c1   Thumb Code     0  entry.o(.ARM.Collect$$$$00000000)
    _main_stk                                0x000000c1   Thumb Code     0  entry2.o(.ARM.Collect$$$$00000001)
    _main_scatterload                        0x000000c5   Thumb Code     0  entry5.o(.ARM.Collect$$$$00000004)
    __main_after_scatterload                 0x000000c9   Thumb Code     0  entry5.o(.ARM.Collect$$$$00000004)
    _main_clock                              0x000000c9   Thumb Code     0  entry7b.o(.ARM.Collect$$$$00000008)
    _main_cpp_init                           0x000000c9   Thumb Code     0  entry8b.o(.ARM.Collect$$$$0000000A)
    _main_init                               0x000000c9   Thumb Code     0  entry9a.o(.ARM.Collect$$$$0000000B)
    __rt_final_cpp                           0x000000d1   Thumb Code     0  entry10a.o(.ARM.Collect$$$$0000000D)
    __rt_final_exit                          0x000000d1   Thumb Code     0  entry11a.o(.ARM.Collect$$$$0000000F)
    Reset_Handler                            0x000000d5   Thumb Code     8  keil_startup_lpc82x.o(.text)
    HardFault_Handler                        0x000000dd   Thumb Code     2  keil_startup_lpc82x.o(.text)
    SVC_Handler                              0x000000df   Thumb Code     2  keil_startup_lpc82x.o(.text)
    PendSV_Handler                           0x000000e1   Thumb Code     2  keil_startup_lpc82x.o(.text)
    ADC_OVR_IRQHandler                       0x000000e5   Thumb Code     0  keil_startup_lpc82x.o(.text)
    ADC_SEQA_IRQHandler                      0x000000e5   Thumb Code     0  keil_startup_lpc82x.o(.text)
    ADC_SEQB_IRQHanlder                      0x000000e5   Thumb Code     0  keil_startup_lpc82x.o(.text)
    ADC_THCMP_IRQHandler                     0x000000e5   Thumb Code     0  keil_startup_lpc82x.o(.text)
    BOD_IRQHandler                           0x000000e5   Thumb Code     0  keil_startup_lpc82x.o(.text)
    CMP_IRQHandler                           0x000000e5   Thumb Code     0  keil_startup_lpc82x.o(.text)
    DMA_IRQHandler                           0x000000e5   Thumb Code     0  keil_startup_lpc82x.o(.text)
    FLASH_IRQHandler                         0x000000e5   Thumb Code     0  keil_startup_lpc82x.o(.text)
    I2C0_IRQHandler                          0x000000e5   Thumb Code     0  keil_startup_lpc82x.o(.text)
    I2C1_IRQHandler                          0x000000e5   Thumb Code     0  keil_startup_lpc82x.o(.text)
    I2C2_IRQHandler                          0x000000e5   Thumb Code     0  keil_startup_lpc82x.o(.text)
    I2C3_IRQHandler                          0x000000e5   Thumb Code     0  keil_startup_lpc82x.o(.text)
    MRT_IRQHandler                           0x000000e5   Thumb Code     0  keil_startup_lpc82x.o(.text)
    NMI_Handler                              0x000000e5   Thumb Code     0  keil_startup_lpc82x.o(.text)
    PIN_INT0_IRQHandler                      0x000000e5   Thumb Code     0  keil_startup_lpc82x.o(.text)
    PIN_INT1_IRQHandler                      0x000000e5   Thumb Code     0  keil_startup_lpc82x.o(.text)
    PIN_INT2_IRQHandler                      0x000000e5   Thumb Code     0  keil_startup_lpc82x.o(.text)
    PIN_INT3_IRQHandler                      0x000000e5   Thumb Code     0  keil_startup_lpc82x.o(.text)
    PIN_INT4_IRQHandler                      0x000000e5   Thumb Code     0  keil_startup_lpc82x.o(.text)
    PIN_INT5_IRQHandler                      0x000000e5   Thumb Code     0  keil_startup_lpc82x.o(.text)
    PIN_INT6_IRQHandler                      0x000000e5   Thumb Code     0  keil_startup_lpc82x.o(.text)
    PIN_INT7_IRQHandler                      0x000000e5   Thumb Code     0  keil_startup_lpc82x.o(.text)
    SCT_IRQHandler                           0x000000e5   Thumb Code     0  keil_startup_lpc82x.o(.text)
    SPI0_IRQHandler                          0x000000e5   Thumb Code     0  keil_startup_lpc82x.o(.text)
    SPI1_IRQHandler                          0x000000e5   Thumb Code     0  keil_startup_lpc82x.o(.text)
    UART0_IRQHandler                         0x000000e5   Thumb Code     0  keil_startup_lpc82x.o(.text)
    UART1_IRQHandler                         0x000000e5   Thumb Code     0  keil_startup_lpc82x.o(.text)
    UART2_IRQHandler                         0x000000e5   Thumb Code     0  keil_startup_lpc82x.o(.text)
    WDT_IRQHandler                           0x000000e5   Thumb Code     0  keil_startup_lpc82x.o(.text)
    WKT_IRQHandler                           0x000000e5   Thumb Code     0  keil_startup_lpc82x.o(.text)
    __aeabi_uidiv                            0x000000f1   Thumb Code     0  uidiv.o(.text)
    __aeabi_uidivmod                         0x000000f1   Thumb Code    44  uidiv.o(.text)
    __aeabi_uldivmod                         0x0000011d   Thumb Code    96  uldiv.o(.text)
    __aeabi_lmul                             0x0000017d   Thumb Code   122  llmul.o(.text)
    _ll_mul                                  0x0000017d   Thumb Code     0  llmul.o(.text)
    __aeabi_llsl                             0x000001f7   Thumb Code    32  llshl.o(.text)
    _ll_shift_l                              0x000001f7   Thumb Code     0  llshl.o(.text)
    __aeabi_llsr                             0x00000217   Thumb Code    34  llushr.o(.text)
    _ll_ushift_r                             0x00000217   Thumb Code     0  llushr.o(.text)
    __scatterload                            0x00000239   Thumb Code    28  init.o(.text)
    __scatterload_rt2                        0x00000239   Thumb Code     0  init.o(.text)
    Board_Debug_Init                         0x0000025d   Thumb Code    92  board.o(i.Board_Debug_Init)
    Board_Init                               0x000002c9   Thumb Code    38  board.o(i.Board_Init)
    Board_LED_Toggle                         0x0000036d   Thumb Code    36  board.o(i.Board_LED_Toggle)
    Chip_Clock_GetMainClockRate              0x000003f5   Thumb Code    68  clock_8xx.o(i.Chip_Clock_GetMainClockRate)
    Chip_Clock_GetSystemClockRate            0x00000451   Thumb Code    22  clock_8xx.o(i.Chip_Clock_GetSystemClockRate)
    Chip_Clock_GetSystemPLLInClockRate       0x0000046d   Thumb Code    58  clock_8xx.o(i.Chip_Clock_GetSystemPLLInClockRate)
    Chip_Clock_GetSystemPLLOutClockRate      0x000004b9   Thumb Code    24  clock_8xx.o(i.Chip_Clock_GetSystemPLLOutClockRate)
    Chip_Clock_GetUSARTNBaseClockRate        0x000004d5   Thumb Code   126  clock_8xx.o(i.Chip_Clock_GetUSARTNBaseClockRate)
    Chip_Clock_GetWDTOSCRate                 0x00000579   Thumb Code    16  clock_8xx.o(i.Chip_Clock_GetWDTOSCRate)
    Chip_Clock_SetMainClockSource            0x0000058d   Thumb Code    16  clock_8xx.o(i.Chip_Clock_SetMainClockSource)
    Chip_Clock_SetSystemPLLSource            0x000005a1   Thumb Code    16  clock_8xx.o(i.Chip_Clock_SetSystemPLLSource)
    Chip_Clock_SetUSARTNBaseClockRate        0x000005b5   Thumb Code   148  clock_8xx.o(i.Chip_Clock_SetUSARTNBaseClockRate)
    Chip_IRC_SetFreq                         0x000006d1   Thumb Code   122  clock_8xx.o(i.Chip_IRC_SetFreq)
    Chip_SWM_MovablePinAssign                0x00000771   Thumb Code    40  ioswm_8xx.o(i.Chip_SWM_MovablePinAssign)
    Chip_SYSCTL_PowerDown                    0x000007d5   Thumb Code    28  syscon_8xx.o(i.Chip_SYSCTL_PowerDown)
    Chip_SYSCTL_PowerUp                      0x000007f9   Thumb Code    34  syscon_8xx.o(i.Chip_SYSCTL_PowerUp)
    Chip_SetupIrcClocking                    0x00000831   Thumb Code    12  sysinit_8xx.o(i.Chip_SetupIrcClocking)
    Chip_UART_Init                           0x00000841   Thumb Code    68  uart_8xx.o(i.Chip_UART_Init)
    Chip_UART_SetBaud                        0x00000895   Thumb Code    26  uart_8xx.o(i.Chip_UART_SetBaud)
    SysTick_Handler                          0x00000929   Thumb Code    10  main_gpio_handson2.o(i.SysTick_Handler)
    SystemCoreClockUpdate                    0x00000935   Thumb Code    12  clock_8xx.o(i.SystemCoreClockUpdate)
    SystemInit                               0x00000945   Thumb Code    30  sysinit_8xx.o(i.SystemInit)
    __scatterload_copy                       0x0000096d   Thumb Code    14  handlers.o(i.__scatterload_copy)
    __scatterload_null                       0x0000097b   Thumb Code     2  handlers.o(i.__scatterload_null)
    __scatterload_zeroinit                   0x0000097d   Thumb Code    14  handlers.o(i.__scatterload_zeroinit)
    main                                     0x000009b1   Thumb Code   250  main_gpio_handson2.o(i.main)
    OscRateIn                                0x00000b4c   Data           4  board.o(.constdata)
    ExtRateIn                                0x00000b50   Data           4  board.o(.constdata)
    Region$$Table$$Base                      0x00000ee8   Number         0  anon$$obj.o(Region$$Table)
    Region$$Table$$Limit                     0x00000f08   Number         0  anon$$obj.o(Region$$Table)
    SystemCoreClock                          0x10000004   Data           4  clock_8xx.o(.data)
    __initial_sp                             0x10000188   Data           0  keil_startup_lpc82x.o(STACK)



==============================================================================

Memory Map of the image

  Image Entry point : 0x000000c1

  Load Region LR_IROM1 (Base: 0x00000000, Size: 0x00000f10, Max: 0x00008000, ABSOLUTE)

    Execution Region ER_IROM1 (Base: 0x00000000, Size: 0x00000f08, Max: 0x00008000, ABSOLUTE)

    Base Addr    Size         Type   Attr      Idx    E Section Name        Object

    0x00000000   0x000000c0   Data   RO          435    RESET               keil_startup_lpc82x.o
    0x000000c0   0x00000000   Code   RO          916  * .ARM.Collect$$$$00000000  mc_p.l(entry.o)
    0x000000c0   0x00000004   Code   RO          931    .ARM.Collect$$$$00000001  mc_p.l(entry2.o)
    0x000000c4   0x00000004   Code   RO          934    .ARM.Collect$$$$00000004  mc_p.l(entry5.o)
    0x000000c8   0x00000000   Code   RO          936    .ARM.Collect$$$$00000008  mc_p.l(entry7b.o)
    0x000000c8   0x00000000   Code   RO          938    .ARM.Collect$$$$0000000A  mc_p.l(entry8b.o)
    0x000000c8   0x00000008   Code   RO          939    .ARM.Collect$$$$0000000B  mc_p.l(entry9a.o)
    0x000000d0   0x00000000   Code   RO          941    .ARM.Collect$$$$0000000D  mc_p.l(entry10a.o)
    0x000000d0   0x00000000   Code   RO          943    .ARM.Collect$$$$0000000F  mc_p.l(entry11a.o)
    0x000000d0   0x00000004   Code   RO          932    .ARM.Collect$$$$00002712  mc_p.l(entry2.o)
    0x000000d4   0x0000001c   Code   RO          437    .text               keil_startup_lpc82x.o
    0x000000f0   0x0000002c   Code   RO          919    .text               mc_p.l(uidiv.o)
    0x0000011c   0x00000060   Code   RO          923    .text               mc_p.l(uldiv.o)
    0x0000017c   0x0000007a   Code   RO          925    .text               mc_p.l(llmul.o)
    0x000001f6   0x00000020   Code   RO          945    .text               mc_p.l(llshl.o)
    0x00000216   0x00000022   Code   RO          947    .text               mc_p.l(llushr.o)
    0x00000238   0x00000024   Code   RO          949    .text               mc_p.l(init.o)
    0x0000025c   0x0000006c   Code   RO          491    i.Board_Debug_Init  board.o
    0x000002c8   0x00000034   Code   RO          492    i.Board_Init        board.o
    0x000002fc   0x00000004   Code   RO          436    .ARM.__at_0x02FC    keil_startup_lpc82x.o
    0x00000300   0x00000038   Code   RO          494    i.Board_Key_Init    board.o
    0x00000338   0x00000034   Code   RO          495    i.Board_LED_Init    board.o
    0x0000036c   0x00000028   Code   RO          498    i.Board_LED_Toggle  board.o
    0x00000394   0x00000060   Code   RO          503    i.Board_UART_Init   board.o
    0x000003f4   0x0000004c   Code   RO          743    i.Chip_Clock_GetMainClockRate  clock_8xx.o
    0x00000440   0x0000000e   Code   RO          744    i.Chip_Clock_GetPLLFreq  clock_8xx.o
    0x0000044e   0x00000002   PAD
    0x00000450   0x0000001c   Code   RO          745    i.Chip_Clock_GetSystemClockRate  clock_8xx.o
    0x0000046c   0x0000004c   Code   RO          746    i.Chip_Clock_GetSystemPLLInClockRate  clock_8xx.o
    0x000004b8   0x0000001c   Code   RO          747    i.Chip_Clock_GetSystemPLLOutClockRate  clock_8xx.o
    0x000004d4   0x00000084   Code   RO          748    i.Chip_Clock_GetUSARTNBaseClockRate  clock_8xx.o
    0x00000558   0x00000020   Code   RO          749    i.Chip_Clock_GetWDTLFORate  clock_8xx.o
    0x00000578   0x00000014   Code   RO          750    i.Chip_Clock_GetWDTOSCRate  clock_8xx.o
    0x0000058c   0x00000014   Code   RO          753    i.Chip_Clock_SetMainClockSource  clock_8xx.o
    0x000005a0   0x00000014   Code   RO          755    i.Chip_Clock_SetSystemPLLSource  clock_8xx.o
    0x000005b4   0x0000009c   Code   RO          756    i.Chip_Clock_SetUSARTNBaseClockRate  clock_8xx.o
    0x00000650   0x00000014   Code   RO            3    i.Chip_GPIO_PinGetState  main_gpio_handson2.o
    0x00000664   0x00000026   Code   RO          505    i.Chip_GPIO_PinSetDIR  board.o
    0x0000068a   0x0000000a   Code   RO          506    i.Chip_GPIO_PinSetState  board.o
    0x00000694   0x0000001e   Code   RO            4    i.Chip_GPIO_PortSetDIR  main_gpio_handson2.o
    0x000006b2   0x0000000e   Code   RO            5    i.Chip_GPIO_PortSetOutHigh  main_gpio_handson2.o
    0x000006c0   0x0000000e   Code   RO            6    i.Chip_GPIO_PortSetOutLow  main_gpio_handson2.o
    0x000006ce   0x00000002   PAD
    0x000006d0   0x00000088   Code   RO          757    i.Chip_IRC_SetFreq  clock_8xx.o
    0x00000758   0x00000018   Code   RO          507    i.Chip_SWM_DisableFixedPin  board.o
    0x00000770   0x0000002c   Code   RO          674    i.Chip_SWM_MovablePinAssign  ioswm_8xx.o
    0x0000079c   0x00000038   Code   RO          213    i.Chip_SYSCTL_PeriphReset  uart_8xx.o
    0x000007d4   0x00000024   Code   RO          880    i.Chip_SYSCTL_PowerDown  syscon_8xx.o
    0x000007f8   0x0000002c   Code   RO          881    i.Chip_SYSCTL_PowerUp  syscon_8xx.o
    0x00000824   0x0000000c   Code   RO          758    i.Chip_SYSCTL_SetUSARTFRGDivider  clock_8xx.o
    0x00000830   0x00000010   Code   RO          445    i.Chip_SetupIrcClocking  sysinit_8xx.o
    0x00000840   0x00000054   Code   RO          217    i.Chip_UART_Init    uart_8xx.o
    0x00000894   0x0000001a   Code   RO          227    i.Chip_UART_SetBaud  uart_8xx.o
    0x000008ae   0x00000002   PAD
    0x000008b0   0x00000078   Code   RO            7    i.NVIC_SetPriority  main_gpio_handson2.o
    0x00000928   0x0000000a   Code   RO            8    i.SysTick_Handler   main_gpio_handson2.o
    0x00000932   0x00000002   PAD
    0x00000934   0x00000010   Code   RO          759    i.SystemCoreClockUpdate  clock_8xx.o
    0x00000944   0x00000028   Code   RO          447    i.SystemInit        sysinit_8xx.o
    0x0000096c   0x0000000e   Code   RO          953    i.__scatterload_copy  mc_p.l(handlers.o)
    0x0000097a   0x00000002   Code   RO          954    i.__scatterload_null  mc_p.l(handlers.o)
    0x0000097c   0x0000000e   Code   RO          955    i.__scatterload_zeroinit  mc_p.l(handlers.o)
    0x0000098a   0x00000002   PAD
    0x0000098c   0x00000024   Code   RO          229    i.getUARTClockID    uart_8xx.o
    0x000009b0   0x0000011c   Code   RO            9    i.main              main_gpio_handson2.o
    0x00000acc   0x00000074   Code   RO          760    i.pll_config        clock_8xx.o
    0x00000b40   0x00000014   Data   RO          513    .constdata          board.o
    0x00000b54   0x00000394   Data   RO          761    .constdata          clock_8xx.o
    0x00000ee8   0x00000020   Data   RO          951    Region$$Table       anon$$obj.o


    Execution Region RW_IRAM1 (Base: 0x10000000, Size: 0x00000188, Max: 0x00002000, ABSOLUTE)

    Base Addr    Size         Type   Attr      Idx    E Section Name        Object

    0x10000000   0x00000008   Data   RW          762    .data               clock_8xx.o
    0x10000008   0x00000180   Zero   RW          433    STACK               keil_startup_lpc82x.o


==============================================================================

Image component sizes


      Code (inc. data)   RO Data    RW Data    ZI Data      Debug   Object Name

       476         68         20          0          0      16693   board.o
       882        100        916          8          0      19157   clock_8xx.o
        44          4          0          0          0       4608   ioswm_8xx.o
        32         14        192          0        384        872   keil_startup_lpc82x.o
       492         44          0          0          0      25101   main_gpio_handson2.o
        80         18          0          0          0       1078   syscon_8xx.o
        56         14          0          0          0       4793   sysinit_8xx.o
       202         36          0          0          0      11569   uart_8xx.o

    ----------------------------------------------------------------------
      2272        298       1160          8        384      83871   Object Totals
         0          0         32          0          0          0   (incl. Generated)
         8          0          0          0          0          0   (incl. Padding)

    ----------------------------------------------------------------------

      Code (inc. data)   RO Data    RW Data    ZI Data      Debug   Library Member Name

         0          0          0          0          0          0   entry.o
         0          0          0          0          0          0   entry10a.o
         0          0          0          0          0          0   entry11a.o
         8          4          0          0          0          0   entry2.o
         4          0          0          0          0          0   entry5.o
         0          0          0          0          0          0   entry7b.o
         0          0          0          0          0          0   entry8b.o
         8          4          0          0          0          0   entry9a.o
        30          0          0          0          0          0   handlers.o
        36          8          0          0          0         68   init.o
       122          0          0          0          0         84   llmul.o
        32          0          0          0          0         68   llshl.o
        34          0          0          0          0         68   llushr.o
        44          0          0          0          0         72   uidiv.o
        96          0          0          0          0         84   uldiv.o

    ----------------------------------------------------------------------
       416         16          0          0          0        444   Library Totals
         2          0          0          0          0          0   (incl. Padding)

    ----------------------------------------------------------------------

      Code (inc. data)   RO Data    RW Data    ZI Data      Debug   Library Name

       414         16          0          0          0        444   mc_p.l

    ----------------------------------------------------------------------
       416         16          0          0          0        444   Library Totals

    ----------------------------------------------------------------------

==============================================================================


      Code (inc. data)   RO Data    RW Data    ZI Data      Debug   

      2688        314       1160          8        384      82663   Grand Totals
      2688        314       1160          8        384      82663   ELF Image Totals
      2688        314       1160          8          0          0   ROM Totals

==============================================================================

    Total RO  Size (Code + RO Data)                 3848 (   3.76kB)
    Total RW  Size (RW Data + ZI Data)               392 (   0.38kB)
    Total ROM Size (Code + RO Data + RW Data)       3856 (   3.77kB)

==============================================================================

