Component: ARM Compiler 5.05 update 1 (build 106) Tool: armlink [4d0efa]

==============================================================================

Removing Unused input sections from the image.

    Removing main_i2cm_eeprom.o(.rev16_text), (4 bytes).
    Removing main_i2cm_eeprom.o(.revsh_text), (4 bytes).
    Removing main_i2cm_eeprom.o(i.RdEepromByte), (26 bytes).
    Removing main_i2cm_eeprom.o(i.WrEepromByte), (30 bytes).
    Removing gpio_8xx.o(.rev16_text), (4 bytes).
    Removing gpio_8xx.o(.revsh_text), (4 bytes).
    Removing uart_8xx.o(.rev16_text), (4 bytes).
    Removing uart_8xx.o(.revsh_text), (4 bytes).
    Removing uart_8xx.o(i.Chip_UART_DeInit), (44 bytes).
    Removing uart_8xx.o(i.Chip_UART_IRQRBHandler), (58 bytes).
    Removing uart_8xx.o(i.Chip_UART_IntDisable), (4 bytes).
    Removing uart_8xx.o(i.Chip_UART_RXIntHandlerRB), (44 bytes).
    Removing uart_8xx.o(i.Chip_UART_Read), (46 bytes).
    Removing uart_8xx.o(i.Chip_UART_ReadBlocking), (46 bytes).
    Removing uart_8xx.o(i.Chip_UART_ReadRB), (22 bytes).
    Removing uart_8xx.o(i.Chip_UART_SendRB), (66 bytes).
    Removing uart_8xx.o(i.Chip_UART_TXIntHandlerRB), (48 bytes).
    Removing ring_buffer.o(.rev16_text), (4 bytes).
    Removing ring_buffer.o(.revsh_text), (4 bytes).
    Removing ring_buffer.o(i.RingBuf_Copy), (22 bytes).
    Removing ring_buffer.o(i.RingBuf_Deinit), (8 bytes).
    Removing ring_buffer.o(i.RingBuf_Free), (46 bytes).
    Removing ring_buffer.o(i.RingBuf_GetFreeBytes), (10 bytes).
    Removing ring_buffer.o(i.RingBuf_GetUsedBytes), (6 bytes).
    Removing ring_buffer.o(i.RingBuf_Init), (16 bytes).
    Removing ring_buffer.o(i.RingBuf_Peek), (56 bytes).
    Removing ring_buffer.o(i.RingBuf_Read), (22 bytes).
    Removing ring_buffer.o(i.RingBuf_Read1Byte), (64 bytes).
    Removing ring_buffer.o(i.RingBuf_Write), (122 bytes).
    Removing ring_buffer.o(i.RingBuf_Write1Byte), (66 bytes).
    Removing ring_buffer.o(i.__get_PRIMASK), (6 bytes).
    Removing ring_buffer.o(i.__set_PRIMASK), (6 bytes).
    Removing ring_buffer.o(i._prvRingBuf_Read), (120 bytes).
    Removing i2c_8xx.o(.rev16_text), (4 bytes).
    Removing i2c_8xx.o(.revsh_text), (4 bytes).
    Removing i2c_8xx.o(i.Chip_I2CM_XferBlocking), (50 bytes).
    Removing i2c_8xx.o(i.Chip_I2CS_XferHandler), (180 bytes).
    Removing i2c_8xx.o(i.Chip_I2C_DeInit), (44 bytes).
    Removing keil_startup_lpc82x.o(HEAP), (0 bytes).
    Removing sysinit_8xx.o(.rev16_text), (4 bytes).
    Removing sysinit_8xx.o(.revsh_text), (4 bytes).
    Removing sysinit_8xx.o(i.Chip_SetupXtalClocking), (108 bytes).
    Removing board.o(.rev16_text), (4 bytes).
    Removing board.o(.revsh_text), (4 bytes).
    Removing board.o(i.Board_Key_GetKeyDown), (36 bytes).
    Removing board.o(i.Board_LED_Set), (36 bytes).
    Removing board.o(i.Board_LED_Test), (52 bytes).
    Removing board.o(i.Board_UARTGetChar), (40 bytes).
    Removing board.o(i.Board_UARTPutChar), (20 bytes).
    Removing board.o(i.Board_itoa), (124 bytes).
    Removing board.o(i._sys_exit), (6 bytes).
    Removing board.o(i._sys_open), (6 bytes).
    Removing board.o(i.ferror), (8 bytes).
    Removing board.o(i.fgetc), (10 bytes).
    Removing board.o(.conststring), (72 bytes).
    Removing ioswm_8xx.o(.rev16_text), (4 bytes).
    Removing ioswm_8xx.o(.revsh_text), (4 bytes).
    Removing ioswm_8xx.o(i.Chip_IOCON_PinSetClockDivisor), (24 bytes).
    Removing ioswm_8xx.o(i.Chip_IOCON_PinSetHysteresis), (44 bytes).
    Removing ioswm_8xx.o(i.Chip_IOCON_PinSetInputInverted), (44 bytes).
    Removing ioswm_8xx.o(i.Chip_IOCON_PinSetMode), (22 bytes).
    Removing ioswm_8xx.o(i.Chip_IOCON_PinSetOpenDrainMode), (46 bytes).
    Removing ioswm_8xx.o(i.Chip_IOCON_PinSetSampleMode), (24 bytes).
    Removing ioswm_8xx.o(i.Chip_IOCON_SetPinMuxing), (36 bytes).
    Removing ioswm_8xx.o(i.Chip_SWM_FixedPinEnable), (64 bytes).
    Removing clock_8xx.o(.rev16_text), (4 bytes).
    Removing clock_8xx.o(.revsh_text), (4 bytes).
    Removing clock_8xx.o(i.Chip_Clock_GetIOCONCLKDIVClockRate), (44 bytes).
    Removing clock_8xx.o(i.Chip_Clock_SetCLKOUTSource), (24 bytes).
    Removing clock_8xx.o(i.Chip_Clock_SetIOCONCLKDIV), (20 bytes).
    Removing clock_8xx.o(i.Chip_Clock_SetPLLBypass), (32 bytes).
    Removing syscon_8xx.o(.rev16_text), (4 bytes).
    Removing syscon_8xx.o(.revsh_text), (4 bytes).
    Removing syscon_8xx.o(i.Chip_SYSCTL_SetDeepSleepPD), (24 bytes).
    Removing syscon_8xx.o(i.Chip_SYSCTL_SetWakeup), (24 bytes).
    Removing dadd.o(.text), (356 bytes).
    Removing dmul.o(.text), (208 bytes).
    Removing ddiv.o(.text), (240 bytes).
    Removing dfixul.o(.text), (64 bytes).
    Removing cdrcmple.o(.text), (40 bytes).
    Removing depilogue.o(.text), (190 bytes).
    Removing depilogue.o(i.__ARM_clz), (46 bytes).

82 unused section(s) (total 3492 bytes) removed from the image.

==============================================================================

Image Symbol Table

    Local Symbols

    Symbol Name                              Value     Ov Type        Size  Object(Section)

    RESET                                    0x00000000   Section      192  keil_startup_lpc82x.o(RESET)
    ../clib/microlib/division.c              0x00000000   Number         0  idiv.o ABSOLUTE
    ../clib/microlib/division.c              0x00000000   Number         0  uldiv.o ABSOLUTE
    ../clib/microlib/division.c              0x00000000   Number         0  uidiv.o ABSOLUTE
    ../clib/microlib/init/entry.s            0x00000000   Number         0  entry5.o ABSOLUTE
    ../clib/microlib/init/entry.s            0x00000000   Number         0  entry7a.o ABSOLUTE
    ../clib/microlib/init/entry.s            0x00000000   Number         0  entry9a.o ABSOLUTE
    ../clib/microlib/init/entry.s            0x00000000   Number         0  entry7b.o ABSOLUTE
    ../clib/microlib/init/entry.s            0x00000000   Number         0  entry.o ABSOLUTE
    ../clib/microlib/init/entry.s            0x00000000   Number         0  entry8b.o ABSOLUTE
    ../clib/microlib/init/entry.s            0x00000000   Number         0  entry11b.o ABSOLUTE
    ../clib/microlib/init/entry.s            0x00000000   Number         0  entry8a.o ABSOLUTE
    ../clib/microlib/init/entry.s            0x00000000   Number         0  entry11a.o ABSOLUTE
    ../clib/microlib/init/entry.s            0x00000000   Number         0  entry10b.o ABSOLUTE
    ../clib/microlib/init/entry.s            0x00000000   Number         0  entry9b.o ABSOLUTE
    ../clib/microlib/init/entry.s            0x00000000   Number         0  entry10a.o ABSOLUTE
    ../clib/microlib/init/entry.s            0x00000000   Number         0  entry2.o ABSOLUTE
    ../clib/microlib/longlong.c              0x00000000   Number         0  llushr.o ABSOLUTE
    ../clib/microlib/longlong.c              0x00000000   Number         0  llshl.o ABSOLUTE
    ../clib/microlib/longlong.c              0x00000000   Number         0  llsshr.o ABSOLUTE
    ../clib/microlib/longlong.c              0x00000000   Number         0  llmul.o ABSOLUTE
    ../clib/microlib/printf/printf.c         0x00000000   Number         0  printf1.o ABSOLUTE
    ../clib/microlib/printf/printf.c         0x00000000   Number         0  printf5.o ABSOLUTE
    ../clib/microlib/printf/printf.c         0x00000000   Number         0  printfa.o ABSOLUTE
    ../clib/microlib/printf/printf.c         0x00000000   Number         0  printf8.o ABSOLUTE
    ../clib/microlib/printf/printf.c         0x00000000   Number         0  printf7.o ABSOLUTE
    ../clib/microlib/printf/printf.c         0x00000000   Number         0  printf6.o ABSOLUTE
    ../clib/microlib/printf/printf.c         0x00000000   Number         0  printf3.o ABSOLUTE
    ../clib/microlib/printf/printf.c         0x00000000   Number         0  printf2.o ABSOLUTE
    ../clib/microlib/printf/printf.c         0x00000000   Number         0  printf0.o ABSOLUTE
    ../clib/microlib/printf/printf.c         0x00000000   Number         0  printfb.o ABSOLUTE
    ../clib/microlib/printf/printf.c         0x00000000   Number         0  printf4.o ABSOLUTE
    ../clib/microlib/printf/stubs.s          0x00000000   Number         0  stubs.o ABSOLUTE
    ../clib/microlib/string/memcpy.c         0x00000000   Number         0  memcpya.o ABSOLUTE
    ../clib/microlib/string/memcpy.c         0x00000000   Number         0  memcpyb.o ABSOLUTE
    ../clib/microlib/stubs.s                 0x00000000   Number         0  iusefp.o ABSOLUTE
    ../fplib/microlib/fpadd.c                0x00000000   Number         0  dadd.o ABSOLUTE
    ../fplib/microlib/fpdiv.c                0x00000000   Number         0  ddiv.o ABSOLUTE
    ../fplib/microlib/fpepilogue.c           0x00000000   Number         0  depilogue.o ABSOLUTE
    ../fplib/microlib/fpfix.c                0x00000000   Number         0  dfixul.o ABSOLUTE
    ../fplib/microlib/fpmul.c                0x00000000   Number         0  dmul.o ABSOLUTE
    ..\..\..\common\board\board.c            0x00000000   Number         0  board.o ABSOLUTE
    ..\..\..\common\chip\clock_8xx.c         0x00000000   Number         0  clock_8xx.o ABSOLUTE
    ..\..\..\common\chip\ioswm_8xx.c         0x00000000   Number         0  ioswm_8xx.o ABSOLUTE
    ..\..\..\common\chip\syscon_8xx.c        0x00000000   Number         0  syscon_8xx.o ABSOLUTE
    ..\..\..\common\chip\sysinit_8xx.c       0x00000000   Number         0  sysinit_8xx.o ABSOLUTE
    ..\..\..\common\startup\keil_startup_lpc82x.s 0x00000000   Number         0  keil_startup_lpc82x.o ABSOLUTE
    ..\..\..\peri_driver\gpio\gpio_8xx.c     0x00000000   Number         0  gpio_8xx.o ABSOLUTE
    ..\..\..\peri_driver\i2c\i2c_8xx.c       0x00000000   Number         0  i2c_8xx.o ABSOLUTE
    ..\..\..\peri_driver\uart\ring_buffer.c  0x00000000   Number         0  ring_buffer.o ABSOLUTE
    ..\..\..\peri_driver\uart\uart_8xx.c     0x00000000   Number         0  uart_8xx.o ABSOLUTE
    ..\\..\\..\\common\\board\\board.c       0x00000000   Number         0  board.o ABSOLUTE
    ..\\..\\..\\common\\chip\\clock_8xx.c    0x00000000   Number         0  clock_8xx.o ABSOLUTE
    ..\\..\\..\\common\\chip\\ioswm_8xx.c    0x00000000   Number         0  ioswm_8xx.o ABSOLUTE
    ..\\..\\..\\common\\chip\\syscon_8xx.c   0x00000000   Number         0  syscon_8xx.o ABSOLUTE
    ..\\..\\..\\common\\chip\\sysinit_8xx.c  0x00000000   Number         0  sysinit_8xx.o ABSOLUTE
    ..\\..\\..\\peri_driver\\gpio\\gpio_8xx.c 0x00000000   Number         0  gpio_8xx.o ABSOLUTE
    ..\\..\\..\\peri_driver\\i2c\\i2c_8xx.c  0x00000000   Number         0  i2c_8xx.o ABSOLUTE
    ..\\..\\..\\peri_driver\\uart\\ring_buffer.c 0x00000000   Number         0  ring_buffer.o ABSOLUTE
    ..\\..\\..\\peri_driver\\uart\\uart_8xx.c 0x00000000   Number         0  uart_8xx.o ABSOLUTE
    cdrcmple.s                               0x00000000   Number         0  cdrcmple.o ABSOLUTE
    dc.s                                     0x00000000   Number         0  dc.o ABSOLUTE
    handlers.s                               0x00000000   Number         0  handlers.o ABSOLUTE
    init.s                                   0x00000000   Number         0  init.o ABSOLUTE
    main_i2cm_eeprom.c                       0x00000000   Number         0  main_i2cm_eeprom.o ABSOLUTE
    main_i2cm_eeprom.c                       0x00000000   Number         0  main_i2cm_eeprom.o ABSOLUTE
    .ARM.Collect$$$$00000000                 0x000000c0   Section        0  entry.o(.ARM.Collect$$$$00000000)
    .ARM.Collect$$$$00000001                 0x000000c0   Section        4  entry2.o(.ARM.Collect$$$$00000001)
    .ARM.Collect$$$$00000004                 0x000000c4   Section        4  entry5.o(.ARM.Collect$$$$00000004)
    .ARM.Collect$$$$00000008                 0x000000c8   Section        0  entry7b.o(.ARM.Collect$$$$00000008)
    .ARM.Collect$$$$0000000A                 0x000000c8   Section        0  entry8b.o(.ARM.Collect$$$$0000000A)
    .ARM.Collect$$$$0000000B                 0x000000c8   Section        8  entry9a.o(.ARM.Collect$$$$0000000B)
    .ARM.Collect$$$$0000000D                 0x000000d0   Section        0  entry10a.o(.ARM.Collect$$$$0000000D)
    .ARM.Collect$$$$0000000F                 0x000000d0   Section        0  entry11a.o(.ARM.Collect$$$$0000000F)
    .ARM.Collect$$$$00002712                 0x000000d0   Section        4  entry2.o(.ARM.Collect$$$$00002712)
    __lit__00000000                          0x000000d0   Data           4  entry2.o(.ARM.Collect$$$$00002712)
    .text                                    0x000000d4   Section       28  keil_startup_lpc82x.o(.text)
    .text                                    0x000000f0   Section        0  uidiv.o(.text)
    .text                                    0x0000011c   Section        0  uldiv.o(.text)
    .text                                    0x0000017c   Section        0  llmul.o(.text)
    .text                                    0x000001f6   Section        0  llshl.o(.text)
    .text                                    0x00000216   Section        0  llushr.o(.text)
    .text                                    0x00000238   Section       36  init.o(.text)
    i.Board_Debug_Init                       0x0000025c   Section        0  board.o(i.Board_Debug_Init)
    i.Board_Init                             0x000002c8   Section        0  board.o(i.Board_Init)
    .ARM.__at_0x02FC                         0x000002fc   Section        4  keil_startup_lpc82x.o(.ARM.__at_0x02FC)
    i.Board_Key_Init                         0x00000300   Section        0  board.o(i.Board_Key_Init)
    Board_Key_Init                           0x00000301   Thumb Code    42  board.o(i.Board_Key_Init)
    i.Board_LED_Init                         0x00000338   Section        0  board.o(i.Board_LED_Init)
    Board_LED_Init                           0x00000339   Thumb Code    46  board.o(i.Board_LED_Init)
    i.Board_LED_Toggle                       0x0000036c   Section        0  board.o(i.Board_LED_Toggle)
    i.Board_UARTPutSTR                       0x00000394   Section        0  board.o(i.Board_UARTPutSTR)
    i.Board_UARTPutTextChar                  0x000003ac   Section        0  board.o(i.Board_UARTPutTextChar)
    i.Board_UART_Init                        0x000003f4   Section        0  board.o(i.Board_UART_Init)
    Board_UART_Init                          0x000003f5   Thumb Code    86  board.o(i.Board_UART_Init)
    i.Chip_Clock_GetMainClockRate            0x00000454   Section        0  clock_8xx.o(i.Chip_Clock_GetMainClockRate)
    i.Chip_Clock_GetPLLFreq                  0x000004a0   Section        0  clock_8xx.o(i.Chip_Clock_GetPLLFreq)
    Chip_Clock_GetPLLFreq                    0x000004a1   Thumb Code    14  clock_8xx.o(i.Chip_Clock_GetPLLFreq)
    i.Chip_Clock_GetSystemClockRate          0x000004b0   Section        0  clock_8xx.o(i.Chip_Clock_GetSystemClockRate)
    i.Chip_Clock_GetSystemPLLInClockRate     0x000004cc   Section        0  clock_8xx.o(i.Chip_Clock_GetSystemPLLInClockRate)
    i.Chip_Clock_GetSystemPLLOutClockRate    0x00000518   Section        0  clock_8xx.o(i.Chip_Clock_GetSystemPLLOutClockRate)
    i.Chip_Clock_GetUSARTNBaseClockRate      0x00000534   Section        0  clock_8xx.o(i.Chip_Clock_GetUSARTNBaseClockRate)
    i.Chip_Clock_GetWDTLFORate               0x000005b8   Section        0  clock_8xx.o(i.Chip_Clock_GetWDTLFORate)
    Chip_Clock_GetWDTLFORate                 0x000005b9   Thumb Code    28  clock_8xx.o(i.Chip_Clock_GetWDTLFORate)
    i.Chip_Clock_GetWDTOSCRate               0x000005d8   Section        0  clock_8xx.o(i.Chip_Clock_GetWDTOSCRate)
    i.Chip_Clock_SetMainClockSource          0x000005ec   Section        0  clock_8xx.o(i.Chip_Clock_SetMainClockSource)
    i.Chip_Clock_SetSystemPLLSource          0x00000600   Section        0  clock_8xx.o(i.Chip_Clock_SetSystemPLLSource)
    i.Chip_Clock_SetUSARTNBaseClockRate      0x00000614   Section        0  clock_8xx.o(i.Chip_Clock_SetUSARTNBaseClockRate)
    i.Chip_GPIO_PinSetDIR                    0x000006b0   Section        0  board.o(i.Chip_GPIO_PinSetDIR)
    Chip_GPIO_PinSetDIR                      0x000006b1   Thumb Code    38  board.o(i.Chip_GPIO_PinSetDIR)
    i.Chip_GPIO_PinSetState                  0x000006d6   Section        0  board.o(i.Chip_GPIO_PinSetState)
    Chip_GPIO_PinSetState                    0x000006d7   Thumb Code    10  board.o(i.Chip_GPIO_PinSetState)
    i.Chip_I2CM_ClearStatus                  0x000006e0   Section        0  i2c_8xx.o(i.Chip_I2CM_ClearStatus)
    Chip_I2CM_ClearStatus                    0x000006e1   Thumb Code     8  i2c_8xx.o(i.Chip_I2CM_ClearStatus)
    i.Chip_I2CM_SendStop                     0x000006e8   Section        0  i2c_8xx.o(i.Chip_I2CM_SendStop)
    Chip_I2CM_SendStop                       0x000006e9   Thumb Code     6  i2c_8xx.o(i.Chip_I2CM_SendStop)
    i.Chip_I2CM_SetBusSpeed                  0x000006ee   Section        0  i2c_8xx.o(i.Chip_I2CM_SetBusSpeed)
    i.Chip_I2CM_SetDutyCycle                 0x00000720   Section        0  i2c_8xx.o(i.Chip_I2CM_SetDutyCycle)
    Chip_I2CM_SetDutyCycle                   0x00000721   Thumb Code    48  i2c_8xx.o(i.Chip_I2CM_SetDutyCycle)
    i.Chip_I2CM_WriteByte                    0x00000750   Section        0  i2c_8xx.o(i.Chip_I2CM_WriteByte)
    Chip_I2CM_WriteByte                      0x00000751   Thumb Code     4  i2c_8xx.o(i.Chip_I2CM_WriteByte)
    i.Chip_I2CM_Xfer                         0x00000754   Section        0  i2c_8xx.o(i.Chip_I2CM_Xfer)
    i.Chip_I2CM_XferHandler                  0x0000078c   Section        0  i2c_8xx.o(i.Chip_I2CM_XferHandler)
    i.Chip_I2C_Init                          0x00000898   Section        0  i2c_8xx.o(i.Chip_I2C_Init)
    i.Chip_IOCON_PinSetI2CMode               0x00000904   Section        0  ioswm_8xx.o(i.Chip_IOCON_PinSetI2CMode)
    i.Chip_IRC_SetFreq                       0x0000091c   Section        0  clock_8xx.o(i.Chip_IRC_SetFreq)
    i.Chip_SWM_DisableFixedPin               0x000009a4   Section        0  board.o(i.Chip_SWM_DisableFixedPin)
    Chip_SWM_DisableFixedPin                 0x000009a5   Thumb Code    20  board.o(i.Chip_SWM_DisableFixedPin)
    i.Chip_SWM_EnableFixedPin                0x000009bc   Section        0  main_i2cm_eeprom.o(i.Chip_SWM_EnableFixedPin)
    Chip_SWM_EnableFixedPin                  0x000009bd   Thumb Code    22  main_i2cm_eeprom.o(i.Chip_SWM_EnableFixedPin)
    i.Chip_SWM_MovablePinAssign              0x000009d8   Section        0  ioswm_8xx.o(i.Chip_SWM_MovablePinAssign)
    i.Chip_SYSCTL_PeriphReset                0x00000a04   Section        0  uart_8xx.o(i.Chip_SYSCTL_PeriphReset)
    Chip_SYSCTL_PeriphReset                  0x00000a05   Thumb Code    46  uart_8xx.o(i.Chip_SYSCTL_PeriphReset)
    i.Chip_SYSCTL_PowerDown                  0x00000a3c   Section        0  syscon_8xx.o(i.Chip_SYSCTL_PowerDown)
    i.Chip_SYSCTL_PowerUp                    0x00000a60   Section        0  syscon_8xx.o(i.Chip_SYSCTL_PowerUp)
    i.Chip_SYSCTL_SetUSARTFRGDivider         0x00000a8c   Section        0  clock_8xx.o(i.Chip_SYSCTL_SetUSARTFRGDivider)
    Chip_SYSCTL_SetUSARTFRGDivider           0x00000a8d   Thumb Code     6  clock_8xx.o(i.Chip_SYSCTL_SetUSARTFRGDivider)
    i.Chip_SetupIrcClocking                  0x00000a98   Section        0  sysinit_8xx.o(i.Chip_SetupIrcClocking)
    i.Chip_UART_GetStatus                    0x00000aa8   Section        0  uart_8xx.o(i.Chip_UART_GetStatus)
    Chip_UART_GetStatus                      0x00000aa9   Thumb Code    10  uart_8xx.o(i.Chip_UART_GetStatus)
    i.Chip_UART_Init                         0x00000ab8   Section        0  uart_8xx.o(i.Chip_UART_Init)
    i.Chip_UART_Send                         0x00000b0c   Section        0  uart_8xx.o(i.Chip_UART_Send)
    i.Chip_UART_SendBlocking                 0x00000b3a   Section        0  uart_8xx.o(i.Chip_UART_SendBlocking)
    i.Chip_UART_SendByte                     0x00000b68   Section        0  uart_8xx.o(i.Chip_UART_SendByte)
    Chip_UART_SendByte                       0x00000b69   Thumb Code     4  uart_8xx.o(i.Chip_UART_SendByte)
    i.Chip_UART_SetBaud                      0x00000b6c   Section        0  uart_8xx.o(i.Chip_UART_SetBaud)
    i.I2C0_IRQHandler                        0x00000b88   Section        0  main_i2cm_eeprom.o(i.I2C0_IRQHandler)
    i.I2C_GetClockID                         0x00000b9c   Section        0  i2c_8xx.o(i.I2C_GetClockID)
    I2C_GetClockID                           0x00000b9d   Thumb Code    46  i2c_8xx.o(i.I2C_GetClockID)
    i.I2C_GetResetID                         0x00000bd0   Section        0  i2c_8xx.o(i.I2C_GetResetID)
    I2C_GetResetID                           0x00000bd1   Thumb Code    46  i2c_8xx.o(i.I2C_GetResetID)
    i.Init_I2C_PinMux                        0x00000c04   Section        0  main_i2cm_eeprom.o(i.Init_I2C_PinMux)
    Init_I2C_PinMux                          0x00000c05   Thumb Code    82  main_i2cm_eeprom.o(i.Init_I2C_PinMux)
    i.RdEeprom                               0x00000c64   Section        0  main_i2cm_eeprom.o(i.RdEeprom)
    RdEeprom                                 0x00000c65   Thumb Code    26  main_i2cm_eeprom.o(i.RdEeprom)
    i.SetupXferRecAndExecute                 0x00000c80   Section        0  main_i2cm_eeprom.o(i.SetupXferRecAndExecute)
    SetupXferRecAndExecute                   0x00000c81   Thumb Code    68  main_i2cm_eeprom.o(i.SetupXferRecAndExecute)
    i.SystemCoreClockUpdate                  0x00000ccc   Section        0  clock_8xx.o(i.SystemCoreClockUpdate)
    i.SystemInit                             0x00000cdc   Section        0  sysinit_8xx.o(i.SystemInit)
    i.WaitForI2cXferComplete                 0x00000d04   Section        0  main_i2cm_eeprom.o(i.WaitForI2cXferComplete)
    WaitForI2cXferComplete                   0x00000d05   Thumb Code    12  main_i2cm_eeprom.o(i.WaitForI2cXferComplete)
    i.WrEepromPage                           0x00000d10   Section        0  main_i2cm_eeprom.o(i.WrEepromPage)
    WrEepromPage                             0x00000d11   Thumb Code    60  main_i2cm_eeprom.o(i.WrEepromPage)
    i.__0printf$5                            0x00000d4c   Section        0  printf5.o(i.__0printf$5)
    i.__ARM_common_switch8                   0x00000d6c   Section        0  i2c_8xx.o(i.__ARM_common_switch8)
    i.__scatterload_copy                     0x00000d88   Section       14  handlers.o(i.__scatterload_copy)
    i.__scatterload_null                     0x00000d96   Section        2  handlers.o(i.__scatterload_null)
    i.__scatterload_zeroinit                 0x00000d98   Section       14  handlers.o(i.__scatterload_zeroinit)
    i._printf_core                           0x00000da8   Section        0  printf5.o(i._printf_core)
    _printf_core                             0x00000da9   Thumb Code   688  printf5.o(i._printf_core)
    i.fputc                                  0x00001084   Section        0  board.o(i.fputc)
    i.getUARTClockID                         0x00001098   Section        0  uart_8xx.o(i.getUARTClockID)
    getUARTClockID                           0x00001099   Thumb Code    26  uart_8xx.o(i.getUARTClockID)
    i.main                                   0x000010bc   Section        0  main_i2cm_eeprom.o(i.main)
    i.pll_config                             0x000011d0   Section        0  clock_8xx.o(i.pll_config)
    pll_config                               0x000011d1   Thumb Code   106  clock_8xx.o(i.pll_config)
    i.setupI2CMaster                         0x00001244   Section        0  main_i2cm_eeprom.o(i.setupI2CMaster)
    setupI2CMaster                           0x00001245   Thumb Code    68  main_i2cm_eeprom.o(i.setupI2CMaster)
    .constdata                               0x00001290   Section       20  board.o(.constdata)
    ledBits                                  0x00001290   Data           8  board.o(.constdata)
    cs_keyBits                               0x00001298   Data           2  board.o(.constdata)
    cs_keyIoConNdce                          0x0000129a   Data           2  board.o(.constdata)
    .constdata                               0x000012a4   Section      916  clock_8xx.o(.constdata)
    wdtOSCRate                               0x000012a4   Data          64  clock_8xx.o(.constdata)
    config_tab                               0x000012e4   Data         852  clock_8xx.o(.constdata)
    .data                                    0x10000000   Section       13  board.o(.data)
    prevChar                                 0x1000000c   Data           1  board.o(.data)
    .data                                    0x10000010   Section        8  clock_8xx.o(.data)
    config_tab_idx                           0x10000010   Data           2  clock_8xx.o(.data)
    .bss                                     0x10000018   Section      496  main_i2cm_eeprom.o(.bss)
    i2cmXferRec                              0x10000018   Data          16  main_i2cm_eeprom.o(.bss)
    STACK                                    0x10000208   Section      384  keil_startup_lpc82x.o(STACK)

    Global Symbols

    Symbol Name                              Value     Ov Type        Size  Object(Section)

    BuildAttributes$$THM_ISAv3M$S$PE$A:L22$X:L11$S22$IEEE1$IW$USESV6$~STKCKD$USESV7$~SHL$OSPACE$ROPI$EBA8$MICROLIB$REQ8$PRES8$EABIv2 0x00000000   Number         0  anon$$obj.o ABSOLUTE
    __ARM_use_no_argv                        0x00000000   Number         0  main_i2cm_eeprom.o ABSOLUTE
    __Vectors                                0x00000000   Data           4  keil_startup_lpc82x.o(RESET)
    _printf_a                                0x00000000   Number         0  stubs.o ABSOLUTE
    _printf_c                                0x00000000   Number         0  stubs.o ABSOLUTE
    _printf_charcount                        0x00000000   Number         0  stubs.o ABSOLUTE
    _printf_d                                0x00000000   Number         0  stubs.o ABSOLUTE
    _printf_e                                0x00000000   Number         0  stubs.o ABSOLUTE
    _printf_f                                0x00000000   Number         0  stubs.o ABSOLUTE
    _printf_flags                            0x00000000   Number         0  stubs.o ABSOLUTE
    _printf_fp_dec                           0x00000000   Number         0  stubs.o ABSOLUTE
    _printf_fp_hex                           0x00000000   Number         0  stubs.o ABSOLUTE
    _printf_g                                0x00000000   Number         0  stubs.o ABSOLUTE
    _printf_i                                0x00000000   Number         0  stubs.o ABSOLUTE
    _printf_int_dec                          0x00000000   Number         0  stubs.o ABSOLUTE
    _printf_l                                0x00000000   Number         0  stubs.o ABSOLUTE
    _printf_lc                               0x00000000   Number         0  stubs.o ABSOLUTE
    _printf_ll                               0x00000000   Number         0  stubs.o ABSOLUTE
    _printf_lld                              0x00000000   Number         0  stubs.o ABSOLUTE
    _printf_lli                              0x00000000   Number         0  stubs.o ABSOLUTE
    _printf_llo                              0x00000000   Number         0  stubs.o ABSOLUTE
    _printf_llu                              0x00000000   Number         0  stubs.o ABSOLUTE
    _printf_llx                              0x00000000   Number         0  stubs.o ABSOLUTE
    _printf_longlong_dec                     0x00000000   Number         0  stubs.o ABSOLUTE
    _printf_longlong_hex                     0x00000000   Number         0  stubs.o ABSOLUTE
    _printf_longlong_oct                     0x00000000   Number         0  stubs.o ABSOLUTE
    _printf_ls                               0x00000000   Number         0  stubs.o ABSOLUTE
    _printf_mbtowc                           0x00000000   Number         0  stubs.o ABSOLUTE
    _printf_n                                0x00000000   Number         0  stubs.o ABSOLUTE
    _printf_o                                0x00000000   Number         0  stubs.o ABSOLUTE
    _printf_p                                0x00000000   Number         0  stubs.o ABSOLUTE
    _printf_percent                          0x00000000   Number         0  stubs.o ABSOLUTE
    _printf_pre_padding                      0x00000000   Number         0  stubs.o ABSOLUTE
    _printf_return_value                     0x00000000   Number         0  stubs.o ABSOLUTE
    _printf_s                                0x00000000   Number         0  stubs.o ABSOLUTE
    _printf_sizespec                         0x00000000   Number         0  stubs.o ABSOLUTE
    _printf_str                              0x00000000   Number         0  stubs.o ABSOLUTE
    _printf_truncate_signed                  0x00000000   Number         0  stubs.o ABSOLUTE
    _printf_truncate_unsigned                0x00000000   Number         0  stubs.o ABSOLUTE
    _printf_u                                0x00000000   Number         0  stubs.o ABSOLUTE
    _printf_wc                               0x00000000   Number         0  stubs.o ABSOLUTE
    _printf_wctomb                           0x00000000   Number         0  stubs.o ABSOLUTE
    _printf_widthprec                        0x00000000   Number         0  stubs.o ABSOLUTE
    _printf_x                                0x00000000   Number         0  stubs.o ABSOLUTE
    __cpp_initialize__aeabi_                  - Undefined Weak Reference
    __cxa_finalize                            - Undefined Weak Reference
    __decompress                              - Undefined Weak Reference
    _clock_init                               - Undefined Weak Reference
    _microlib_exit                            - Undefined Weak Reference
    __main                                   0x000000c1   Thumb Code     0  entry.o(.ARM.Collect$$$$00000000)
    _main_stk                                0x000000c1   Thumb Code     0  entry2.o(.ARM.Collect$$$$00000001)
    _main_scatterload                        0x000000c5   Thumb Code     0  entry5.o(.ARM.Collect$$$$00000004)
    __main_after_scatterload                 0x000000c9   Thumb Code     0  entry5.o(.ARM.Collect$$$$00000004)
    _main_clock                              0x000000c9   Thumb Code     0  entry7b.o(.ARM.Collect$$$$00000008)
    _main_cpp_init                           0x000000c9   Thumb Code     0  entry8b.o(.ARM.Collect$$$$0000000A)
    _main_init                               0x000000c9   Thumb Code     0  entry9a.o(.ARM.Collect$$$$0000000B)
    __rt_final_cpp                           0x000000d1   Thumb Code     0  entry10a.o(.ARM.Collect$$$$0000000D)
    __rt_final_exit                          0x000000d1   Thumb Code     0  entry11a.o(.ARM.Collect$$$$0000000F)
    Reset_Handler                            0x000000d5   Thumb Code     8  keil_startup_lpc82x.o(.text)
    HardFault_Handler                        0x000000dd   Thumb Code     2  keil_startup_lpc82x.o(.text)
    SVC_Handler                              0x000000df   Thumb Code     2  keil_startup_lpc82x.o(.text)
    PendSV_Handler                           0x000000e1   Thumb Code     2  keil_startup_lpc82x.o(.text)
    SysTick_Handler                          0x000000e3   Thumb Code     2  keil_startup_lpc82x.o(.text)
    ADC_OVR_IRQHandler                       0x000000e5   Thumb Code     0  keil_startup_lpc82x.o(.text)
    ADC_SEQA_IRQHandler                      0x000000e5   Thumb Code     0  keil_startup_lpc82x.o(.text)
    ADC_SEQB_IRQHanlder                      0x000000e5   Thumb Code     0  keil_startup_lpc82x.o(.text)
    ADC_THCMP_IRQHandler                     0x000000e5   Thumb Code     0  keil_startup_lpc82x.o(.text)
    BOD_IRQHandler                           0x000000e5   Thumb Code     0  keil_startup_lpc82x.o(.text)
    CMP_IRQHandler                           0x000000e5   Thumb Code     0  keil_startup_lpc82x.o(.text)
    DMA_IRQHandler                           0x000000e5   Thumb Code     0  keil_startup_lpc82x.o(.text)
    FLASH_IRQHandler                         0x000000e5   Thumb Code     0  keil_startup_lpc82x.o(.text)
    I2C1_IRQHandler                          0x000000e5   Thumb Code     0  keil_startup_lpc82x.o(.text)
    I2C2_IRQHandler                          0x000000e5   Thumb Code     0  keil_startup_lpc82x.o(.text)
    I2C3_IRQHandler                          0x000000e5   Thumb Code     0  keil_startup_lpc82x.o(.text)
    MRT_IRQHandler                           0x000000e5   Thumb Code     0  keil_startup_lpc82x.o(.text)
    NMI_Handler                              0x000000e5   Thumb Code     0  keil_startup_lpc82x.o(.text)
    PIN_INT0_IRQHandler                      0x000000e5   Thumb Code     0  keil_startup_lpc82x.o(.text)
    PIN_INT1_IRQHandler                      0x000000e5   Thumb Code     0  keil_startup_lpc82x.o(.text)
    PIN_INT2_IRQHandler                      0x000000e5   Thumb Code     0  keil_startup_lpc82x.o(.text)
    PIN_INT3_IRQHandler                      0x000000e5   Thumb Code     0  keil_startup_lpc82x.o(.text)
    PIN_INT4_IRQHandler                      0x000000e5   Thumb Code     0  keil_startup_lpc82x.o(.text)
    PIN_INT5_IRQHandler                      0x000000e5   Thumb Code     0  keil_startup_lpc82x.o(.text)
    PIN_INT6_IRQHandler                      0x000000e5   Thumb Code     0  keil_startup_lpc82x.o(.text)
    PIN_INT7_IRQHandler                      0x000000e5   Thumb Code     0  keil_startup_lpc82x.o(.text)
    SCT_IRQHandler                           0x000000e5   Thumb Code     0  keil_startup_lpc82x.o(.text)
    SPI0_IRQHandler                          0x000000e5   Thumb Code     0  keil_startup_lpc82x.o(.text)
    SPI1_IRQHandler                          0x000000e5   Thumb Code     0  keil_startup_lpc82x.o(.text)
    UART0_IRQHandler                         0x000000e5   Thumb Code     0  keil_startup_lpc82x.o(.text)
    UART1_IRQHandler                         0x000000e5   Thumb Code     0  keil_startup_lpc82x.o(.text)
    UART2_IRQHandler                         0x000000e5   Thumb Code     0  keil_startup_lpc82x.o(.text)
    WDT_IRQHandler                           0x000000e5   Thumb Code     0  keil_startup_lpc82x.o(.text)
    WKT_IRQHandler                           0x000000e5   Thumb Code     0  keil_startup_lpc82x.o(.text)
    __aeabi_uidiv                            0x000000f1   Thumb Code     0  uidiv.o(.text)
    __aeabi_uidivmod                         0x000000f1   Thumb Code    44  uidiv.o(.text)
    __aeabi_uldivmod                         0x0000011d   Thumb Code    96  uldiv.o(.text)
    __aeabi_lmul                             0x0000017d   Thumb Code   122  llmul.o(.text)
    _ll_mul                                  0x0000017d   Thumb Code     0  llmul.o(.text)
    __aeabi_llsl                             0x000001f7   Thumb Code    32  llshl.o(.text)
    _ll_shift_l                              0x000001f7   Thumb Code     0  llshl.o(.text)
    __aeabi_llsr                             0x00000217   Thumb Code    34  llushr.o(.text)
    _ll_ushift_r                             0x00000217   Thumb Code     0  llushr.o(.text)
    __scatterload                            0x00000239   Thumb Code    28  init.o(.text)
    __scatterload_rt2                        0x00000239   Thumb Code     0  init.o(.text)
    Board_Debug_Init                         0x0000025d   Thumb Code    92  board.o(i.Board_Debug_Init)
    Board_Init                               0x000002c9   Thumb Code    38  board.o(i.Board_Init)
    Board_LED_Toggle                         0x0000036d   Thumb Code    36  board.o(i.Board_LED_Toggle)
    Board_UARTPutSTR                         0x00000395   Thumb Code    22  board.o(i.Board_UARTPutSTR)
    Board_UARTPutTextChar                    0x000003ad   Thumb Code    64  board.o(i.Board_UARTPutTextChar)
    Chip_Clock_GetMainClockRate              0x00000455   Thumb Code    68  clock_8xx.o(i.Chip_Clock_GetMainClockRate)
    Chip_Clock_GetSystemClockRate            0x000004b1   Thumb Code    22  clock_8xx.o(i.Chip_Clock_GetSystemClockRate)
    Chip_Clock_GetSystemPLLInClockRate       0x000004cd   Thumb Code    58  clock_8xx.o(i.Chip_Clock_GetSystemPLLInClockRate)
    Chip_Clock_GetSystemPLLOutClockRate      0x00000519   Thumb Code    24  clock_8xx.o(i.Chip_Clock_GetSystemPLLOutClockRate)
    Chip_Clock_GetUSARTNBaseClockRate        0x00000535   Thumb Code   126  clock_8xx.o(i.Chip_Clock_GetUSARTNBaseClockRate)
    Chip_Clock_GetWDTOSCRate                 0x000005d9   Thumb Code    16  clock_8xx.o(i.Chip_Clock_GetWDTOSCRate)
    Chip_Clock_SetMainClockSource            0x000005ed   Thumb Code    16  clock_8xx.o(i.Chip_Clock_SetMainClockSource)
    Chip_Clock_SetSystemPLLSource            0x00000601   Thumb Code    16  clock_8xx.o(i.Chip_Clock_SetSystemPLLSource)
    Chip_Clock_SetUSARTNBaseClockRate        0x00000615   Thumb Code   148  clock_8xx.o(i.Chip_Clock_SetUSARTNBaseClockRate)
    Chip_I2CM_SetBusSpeed                    0x000006ef   Thumb Code    50  i2c_8xx.o(i.Chip_I2CM_SetBusSpeed)
    Chip_I2CM_Xfer                           0x00000755   Thumb Code    54  i2c_8xx.o(i.Chip_I2CM_Xfer)
    Chip_I2CM_XferHandler                    0x0000078d   Thumb Code   264  i2c_8xx.o(i.Chip_I2CM_XferHandler)
    Chip_I2C_Init                            0x00000899   Thumb Code    96  i2c_8xx.o(i.Chip_I2C_Init)
    Chip_IOCON_PinSetI2CMode                 0x00000905   Thumb Code    24  ioswm_8xx.o(i.Chip_IOCON_PinSetI2CMode)
    Chip_IRC_SetFreq                         0x0000091d   Thumb Code   122  clock_8xx.o(i.Chip_IRC_SetFreq)
    Chip_SWM_MovablePinAssign                0x000009d9   Thumb Code    40  ioswm_8xx.o(i.Chip_SWM_MovablePinAssign)
    Chip_SYSCTL_PowerDown                    0x00000a3d   Thumb Code    28  syscon_8xx.o(i.Chip_SYSCTL_PowerDown)
    Chip_SYSCTL_PowerUp                      0x00000a61   Thumb Code    34  syscon_8xx.o(i.Chip_SYSCTL_PowerUp)
    Chip_SetupIrcClocking                    0x00000a99   Thumb Code    12  sysinit_8xx.o(i.Chip_SetupIrcClocking)
    Chip_UART_Init                           0x00000ab9   Thumb Code    68  uart_8xx.o(i.Chip_UART_Init)
    Chip_UART_Send                           0x00000b0d   Thumb Code    46  uart_8xx.o(i.Chip_UART_Send)
    Chip_UART_SendBlocking                   0x00000b3b   Thumb Code    46  uart_8xx.o(i.Chip_UART_SendBlocking)
    Chip_UART_SetBaud                        0x00000b6d   Thumb Code    26  uart_8xx.o(i.Chip_UART_SetBaud)
    I2C0_IRQHandler                          0x00000b89   Thumb Code    12  main_i2cm_eeprom.o(i.I2C0_IRQHandler)
    SystemCoreClockUpdate                    0x00000ccd   Thumb Code    12  clock_8xx.o(i.SystemCoreClockUpdate)
    SystemInit                               0x00000cdd   Thumb Code    30  sysinit_8xx.o(i.SystemInit)
    __0printf$5                              0x00000d4d   Thumb Code    24  printf5.o(i.__0printf$5)
    __1printf$5                              0x00000d4d   Thumb Code     0  printf5.o(i.__0printf$5)
    __2printf                                0x00000d4d   Thumb Code     0  printf5.o(i.__0printf$5)
    __ARM_common_switch8                     0x00000d6d   Thumb Code    28  i2c_8xx.o(i.__ARM_common_switch8)
    __scatterload_copy                       0x00000d89   Thumb Code    14  handlers.o(i.__scatterload_copy)
    __scatterload_null                       0x00000d97   Thumb Code     2  handlers.o(i.__scatterload_null)
    __scatterload_zeroinit                   0x00000d99   Thumb Code    14  handlers.o(i.__scatterload_zeroinit)
    fputc                                    0x00001085   Thumb Code    20  board.o(i.fputc)
    main                                     0x000010bd   Thumb Code   186  main_i2cm_eeprom.o(i.main)
    OscRateIn                                0x0000129c   Data           4  board.o(.constdata)
    ExtRateIn                                0x000012a0   Data           4  board.o(.constdata)
    Region$$Table$$Base                      0x00001638   Number         0  anon$$obj.o(Region$$Table)
    Region$$Table$$Limit                     0x00001658   Number         0  anon$$obj.o(Region$$Table)
    __stdout                                 0x10000000   Data           4  board.o(.data)
    __stdin                                  0x10000004   Data           4  board.o(.data)
    __stderr                                 0x10000008   Data           4  board.o(.data)
    SystemCoreClock                          0x10000014   Data           4  clock_8xx.o(.data)
    rdBuf                                    0x10000028   Data         240  main_i2cm_eeprom.o(.bss)
    wrBuf                                    0x10000118   Data         240  main_i2cm_eeprom.o(.bss)
    __initial_sp                             0x10000388   Data           0  keil_startup_lpc82x.o(STACK)



==============================================================================

Memory Map of the image

  Image Entry point : 0x000000c1

  Load Region LR_IROM1 (Base: 0x00000000, Size: 0x00001670, Max: 0x00008000, ABSOLUTE)

    Execution Region ER_IROM1 (Base: 0x00000000, Size: 0x00001658, Max: 0x00008000, ABSOLUTE)

    Base Addr    Size         Type   Attr      Idx    E Section Name        Object

    0x00000000   0x000000c0   Data   RO          554    RESET               keil_startup_lpc82x.o
    0x000000c0   0x00000000   Code   RO         1035  * .ARM.Collect$$$$00000000  mc_p.l(entry.o)
    0x000000c0   0x00000004   Code   RO         1311    .ARM.Collect$$$$00000001  mc_p.l(entry2.o)
    0x000000c4   0x00000004   Code   RO         1314    .ARM.Collect$$$$00000004  mc_p.l(entry5.o)
    0x000000c8   0x00000000   Code   RO         1316    .ARM.Collect$$$$00000008  mc_p.l(entry7b.o)
    0x000000c8   0x00000000   Code   RO         1318    .ARM.Collect$$$$0000000A  mc_p.l(entry8b.o)
    0x000000c8   0x00000008   Code   RO         1319    .ARM.Collect$$$$0000000B  mc_p.l(entry9a.o)
    0x000000d0   0x00000000   Code   RO         1321    .ARM.Collect$$$$0000000D  mc_p.l(entry10a.o)
    0x000000d0   0x00000000   Code   RO         1323    .ARM.Collect$$$$0000000F  mc_p.l(entry11a.o)
    0x000000d0   0x00000004   Code   RO         1312    .ARM.Collect$$$$00002712  mc_p.l(entry2.o)
    0x000000d4   0x0000001c   Code   RO          556    .text               keil_startup_lpc82x.o
    0x000000f0   0x0000002c   Code   RO         1038    .text               mc_p.l(uidiv.o)
    0x0000011c   0x00000060   Code   RO         1042    .text               mc_p.l(uldiv.o)
    0x0000017c   0x0000007a   Code   RO         1044    .text               mc_p.l(llmul.o)
    0x000001f6   0x00000020   Code   RO         1325    .text               mc_p.l(llshl.o)
    0x00000216   0x00000022   Code   RO         1327    .text               mc_p.l(llushr.o)
    0x00000238   0x00000024   Code   RO         1340    .text               mc_p.l(init.o)
    0x0000025c   0x0000006c   Code   RO          610    i.Board_Debug_Init  board.o
    0x000002c8   0x00000034   Code   RO          611    i.Board_Init        board.o
    0x000002fc   0x00000004   Code   RO          555    .ARM.__at_0x02FC    keil_startup_lpc82x.o
    0x00000300   0x00000038   Code   RO          613    i.Board_Key_Init    board.o
    0x00000338   0x00000034   Code   RO          614    i.Board_LED_Init    board.o
    0x0000036c   0x00000028   Code   RO          617    i.Board_LED_Toggle  board.o
    0x00000394   0x00000016   Code   RO          620    i.Board_UARTPutSTR  board.o
    0x000003aa   0x00000002   PAD
    0x000003ac   0x00000048   Code   RO          621    i.Board_UARTPutTextChar  board.o
    0x000003f4   0x00000060   Code   RO          622    i.Board_UART_Init   board.o
    0x00000454   0x0000004c   Code   RO          865    i.Chip_Clock_GetMainClockRate  clock_8xx.o
    0x000004a0   0x0000000e   Code   RO          866    i.Chip_Clock_GetPLLFreq  clock_8xx.o
    0x000004ae   0x00000002   PAD
    0x000004b0   0x0000001c   Code   RO          867    i.Chip_Clock_GetSystemClockRate  clock_8xx.o
    0x000004cc   0x0000004c   Code   RO          868    i.Chip_Clock_GetSystemPLLInClockRate  clock_8xx.o
    0x00000518   0x0000001c   Code   RO          869    i.Chip_Clock_GetSystemPLLOutClockRate  clock_8xx.o
    0x00000534   0x00000084   Code   RO          870    i.Chip_Clock_GetUSARTNBaseClockRate  clock_8xx.o
    0x000005b8   0x00000020   Code   RO          871    i.Chip_Clock_GetWDTLFORate  clock_8xx.o
    0x000005d8   0x00000014   Code   RO          872    i.Chip_Clock_GetWDTOSCRate  clock_8xx.o
    0x000005ec   0x00000014   Code   RO          875    i.Chip_Clock_SetMainClockSource  clock_8xx.o
    0x00000600   0x00000014   Code   RO          877    i.Chip_Clock_SetSystemPLLSource  clock_8xx.o
    0x00000614   0x0000009c   Code   RO          878    i.Chip_Clock_SetUSARTNBaseClockRate  clock_8xx.o
    0x000006b0   0x00000026   Code   RO          624    i.Chip_GPIO_PinSetDIR  board.o
    0x000006d6   0x0000000a   Code   RO          625    i.Chip_GPIO_PinSetState  board.o
    0x000006e0   0x00000008   Code   RO          460    i.Chip_I2CM_ClearStatus  i2c_8xx.o
    0x000006e8   0x00000006   Code   RO          461    i.Chip_I2CM_SendStop  i2c_8xx.o
    0x000006ee   0x00000032   Code   RO          462    i.Chip_I2CM_SetBusSpeed  i2c_8xx.o
    0x00000720   0x00000030   Code   RO          463    i.Chip_I2CM_SetDutyCycle  i2c_8xx.o
    0x00000750   0x00000004   Code   RO          464    i.Chip_I2CM_WriteByte  i2c_8xx.o
    0x00000754   0x00000036   Code   RO          465    i.Chip_I2CM_Xfer    i2c_8xx.o
    0x0000078a   0x00000002   PAD
    0x0000078c   0x0000010c   Code   RO          467    i.Chip_I2CM_XferHandler  i2c_8xx.o
    0x00000898   0x0000006c   Code   RO          470    i.Chip_I2C_Init     i2c_8xx.o
    0x00000904   0x00000018   Code   RO          789    i.Chip_IOCON_PinSetI2CMode  ioswm_8xx.o
    0x0000091c   0x00000088   Code   RO          879    i.Chip_IRC_SetFreq  clock_8xx.o
    0x000009a4   0x00000018   Code   RO          626    i.Chip_SWM_DisableFixedPin  board.o
    0x000009bc   0x0000001c   Code   RO            3    i.Chip_SWM_EnableFixedPin  main_i2cm_eeprom.o
    0x000009d8   0x0000002c   Code   RO          796    i.Chip_SWM_MovablePinAssign  ioswm_8xx.o
    0x00000a04   0x00000038   Code   RO          238    i.Chip_SYSCTL_PeriphReset  uart_8xx.o
    0x00000a3c   0x00000024   Code   RO          999    i.Chip_SYSCTL_PowerDown  syscon_8xx.o
    0x00000a60   0x0000002c   Code   RO         1000    i.Chip_SYSCTL_PowerUp  syscon_8xx.o
    0x00000a8c   0x0000000c   Code   RO          880    i.Chip_SYSCTL_SetUSARTFRGDivider  clock_8xx.o
    0x00000a98   0x00000010   Code   RO          564    i.Chip_SetupIrcClocking  sysinit_8xx.o
    0x00000aa8   0x00000010   Code   RO          240    i.Chip_UART_GetStatus  uart_8xx.o
    0x00000ab8   0x00000054   Code   RO          242    i.Chip_UART_Init    uart_8xx.o
    0x00000b0c   0x0000002e   Code   RO          248    i.Chip_UART_Send    uart_8xx.o
    0x00000b3a   0x0000002e   Code   RO          249    i.Chip_UART_SendBlocking  uart_8xx.o
    0x00000b68   0x00000004   Code   RO          250    i.Chip_UART_SendByte  uart_8xx.o
    0x00000b6c   0x0000001a   Code   RO          252    i.Chip_UART_SetBaud  uart_8xx.o
    0x00000b86   0x00000002   PAD
    0x00000b88   0x00000014   Code   RO            4    i.I2C0_IRQHandler   main_i2cm_eeprom.o
    0x00000b9c   0x00000034   Code   RO          471    i.I2C_GetClockID    i2c_8xx.o
    0x00000bd0   0x00000034   Code   RO          472    i.I2C_GetResetID    i2c_8xx.o
    0x00000c04   0x00000060   Code   RO            5    i.Init_I2C_PinMux   main_i2cm_eeprom.o
    0x00000c64   0x0000001a   Code   RO            6    i.RdEeprom          main_i2cm_eeprom.o
    0x00000c7e   0x00000002   PAD
    0x00000c80   0x0000004c   Code   RO            8    i.SetupXferRecAndExecute  main_i2cm_eeprom.o
    0x00000ccc   0x00000010   Code   RO          881    i.SystemCoreClockUpdate  clock_8xx.o
    0x00000cdc   0x00000028   Code   RO          566    i.SystemInit        sysinit_8xx.o
    0x00000d04   0x0000000c   Code   RO            9    i.WaitForI2cXferComplete  main_i2cm_eeprom.o
    0x00000d10   0x0000003c   Code   RO           11    i.WrEepromPage      main_i2cm_eeprom.o
    0x00000d4c   0x00000020   Code   RO         1183    i.__0printf$5       mc_p.l(printf5.o)
    0x00000d6c   0x0000001c   Code   RO          541    i.__ARM_common_switch8  i2c_8xx.o
    0x00000d88   0x0000000e   Code   RO         1350    i.__scatterload_copy  mc_p.l(handlers.o)
    0x00000d96   0x00000002   Code   RO         1351    i.__scatterload_null  mc_p.l(handlers.o)
    0x00000d98   0x0000000e   Code   RO         1352    i.__scatterload_zeroinit  mc_p.l(handlers.o)
    0x00000da6   0x00000002   PAD
    0x00000da8   0x000002dc   Code   RO         1190    i._printf_core      mc_p.l(printf5.o)
    0x00001084   0x00000014   Code   RO          631    i.fputc             board.o
    0x00001098   0x00000024   Code   RO          254    i.getUARTClockID    uart_8xx.o
    0x000010bc   0x00000114   Code   RO           12    i.main              main_i2cm_eeprom.o
    0x000011d0   0x00000074   Code   RO          882    i.pll_config        clock_8xx.o
    0x00001244   0x0000004c   Code   RO           13    i.setupI2CMaster    main_i2cm_eeprom.o
    0x00001290   0x00000014   Data   RO          632    .constdata          board.o
    0x000012a4   0x00000394   Data   RO          883    .constdata          clock_8xx.o
    0x00001638   0x00000020   Data   RO         1348    Region$$Table       anon$$obj.o


    Execution Region RW_IRAM1 (Base: 0x10000000, Size: 0x00000388, Max: 0x00002000, ABSOLUTE)

    Base Addr    Size         Type   Attr      Idx    E Section Name        Object

    0x10000000   0x0000000d   Data   RW          634    .data               board.o
    0x1000000d   0x00000003   PAD
    0x10000010   0x00000008   Data   RW          884    .data               clock_8xx.o
    0x10000018   0x000001f0   Zero   RW           14    .bss                main_i2cm_eeprom.o
    0x10000208   0x00000180   Zero   RW          552    STACK               keil_startup_lpc82x.o


==============================================================================

Image component sizes


      Code (inc. data)   RO Data    RW Data    ZI Data      Debug   Object Name

       590         76         20         13          0      22260   board.o
       882        100        916          8          0      13333   clock_8xx.o
       678         36          0          0          0      19161   i2c_8xx.o
        68          4          0          0          0       5219   ioswm_8xx.o
        32         14        192          0        384        860   keil_startup_lpc82x.o
       670        134          0          0        496      38287   main_i2cm_eeprom.o
        80         18          0          0          0       1062   syscon_8xx.o
        56         14          0          0          0       4773   sysinit_8xx.o
       314         42          0          0          0      14339   uart_8xx.o

    ----------------------------------------------------------------------
      3380        438       1160         24        880     119294   Object Totals
         0          0         32          0          0          0   (incl. Generated)
        10          0          0          3          0          0   (incl. Padding)

    ----------------------------------------------------------------------

      Code (inc. data)   RO Data    RW Data    ZI Data      Debug   Library Member Name

         0          0          0          0          0          0   entry.o
         0          0          0          0          0          0   entry10a.o
         0          0          0          0          0          0   entry11a.o
         8          4          0          0          0          0   entry2.o
         4          0          0          0          0          0   entry5.o
         0          0          0          0          0          0   entry7b.o
         0          0          0          0          0          0   entry8b.o
         8          4          0          0          0          0   entry9a.o
        30          0          0          0          0          0   handlers.o
        36          8          0          0          0         68   init.o
       122          0          0          0          0         84   llmul.o
        32          0          0          0          0         68   llshl.o
        34          0          0          0          0         68   llushr.o
       764         52          0          0          0        168   printf5.o
        44          0          0          0          0         72   uidiv.o
        96          0          0          0          0         84   uldiv.o

    ----------------------------------------------------------------------
      1180         68          0          0          0        612   Library Totals
         2          0          0          0          0          0   (incl. Padding)

    ----------------------------------------------------------------------

      Code (inc. data)   RO Data    RW Data    ZI Data      Debug   Library Name

      1178         68          0          0          0        612   mc_p.l

    ----------------------------------------------------------------------
      1180         68          0          0          0        612   Library Totals

    ----------------------------------------------------------------------

==============================================================================


      Code (inc. data)   RO Data    RW Data    ZI Data      Debug   

      4560        506       1160         24        880     117242   Grand Totals
      4560        506       1160         24        880     117242   ELF Image Totals
      4560        506       1160         24          0          0   ROM Totals

==============================================================================

    Total RO  Size (Code + RO Data)                 5720 (   5.59kB)
    Total RW  Size (RW Data + ZI Data)               904 (   0.88kB)
    Total ROM Size (Code + RO Data + RW Data)       5744 (   5.61kB)

==============================================================================

